02-04 01:19:50.846   576   728 E AconfigFlags: 	at com.android.internal.pm.pkg.component.AconfigFlags.lambda$getFlagValueFromNewStorage$0(AconfigFlags.java:261)
02-04 01:19:50.846   576   728 E AconfigFlags: 	at com.android.internal.pm.pkg.component.AconfigFlags$$ExternalSyntheticLambda0.apply(D8$$SyntheticClass:0)
02-04 01:19:50.846   576   728 E AconfigFlags: 	at java.util.concurrent.ConcurrentHashMap.computeIfAbsent(ConcurrentHashMap.java:1713)
02-04 01:19:50.846   576   728 E AconfigFlags: 	at com.android.internal.pm.pkg.component.AconfigFlags.getFlagValueFromNewStorage(AconfigFlags.java:259)
02-04 01:19:50.846   576   728 E AconfigFlags: 	at com.android.internal.pm.pkg.component.AconfigFlags.getFlagValue(AconfigFlags.java:225)
02-04 01:19:50.846   576   728 E AconfigFlags: 	at com.android.internal.pm.pkg.component.AconfigFlags.skipCurrentElement(AconfigFlags.java:323)
02-04 01:19:50.846   576   728 E AconfigFlags: 	at com.android.internal.pm.pkg.component.AconfigFlags.skipCurrentElement(AconfigFlags.java:291)
02-04 01:19:50.846   576   728 E AconfigFlags: 	at com.android.internal.pm.pkg.parsing.ParsingPackageUtils.parseBaseApkTags(ParsingPackageUtils.java:1000)
02-04 01:19:50.846   576   728 E AconfigFlags: 	at com.android.internal.pm.pkg.parsing.ParsingPackageUtils.parseBaseApk(ParsingPackageUtils.java:735)
02-04 01:19:50.846   576   728 E AconfigFlags: 	at com.android.internal.pm.pkg.parsing.ParsingPackageUtils.parseBaseApk(ParsingPackageUtils.java:600)
02-04 01:19:50.846   576   728 E AconfigFlags: 	at com.android.internal.pm.pkg.parsing.ParsingPackageUtils.parseMonolithicPackage(ParsingPackageUtils.java:436)
02-04 01:19:50.846   576   728 E AconfigFlags: 	at com.android.internal.pm.pkg.parsing.ParsingPackageUtils.parsePackage(ParsingPackageUtils.java:334)
02-04 01:19:50.846   576   728 E AconfigFlags: 	at com.android.internal.pm.parsing.PackageParser2.parsePackage(PackageParser2.java:134)
02-04 01:19:50.846   576   728 E AconfigFlags: 	at com.android.server.pm.ParallelPackageParser.parsePackage(ParallelPackageParser.java:130)
02-04 01:19:50.846   576   728 E AconfigFlags: 	at com.android.server.pm.ParallelPackageParser.lambda$submit$0(ParallelPackageParser.java:108)
02-04 01:19:50.846   576   728 E AconfigFlags: 	at com.android.server.pm.ParallelPackageParser.$r8$lambda$uW6lAW1ixaCdJ_8ZINGbyQGIceg(ParallelPackageParser.java:0)
02-04 01:19:50.846   576   728 E AconfigFlags: 	at com.android.server.pm.ParallelPackageParser$$ExternalSyntheticLambda0.run(R8$$SyntheticClass:0)
02-04 01:19:50.846   576   728 E AconfigFlags: 	at java.util.concurrent.Executors$RunnableAdapter.call(Executors.java:524)
02-04 01:19:50.846   576   728 E AconfigFlags: 	at java.util.concurrent.FutureTask.run(FutureTask.java:317)
02-04 01:19:50.846   576   728 E AconfigFlags: 	at java.util.concurrent.ThreadPoolExecutor.runWorker(ThreadPoolExecutor.java:1156)
02-04 01:19:50.846   576   728 E AconfigFlags: 	at java.util.concurrent.ThreadPoolExecutor$Worker.run(ThreadPoolExecutor.java:651)
02-04 01:19:50.846   576   728 E AconfigFlags: 	at com.android.internal.util.ConcurrentUtils$1$1.run(ConcurrentUtils.java:65)
02-04 01:19:50.846   576   728 E AconfigFlags: Failed to load aconfig package android.xr
02-04 01:19:50.846   576   728 E AconfigFlags: android.os.flagging.AconfigStorageReadException: ERROR_PACKAGE_NOT_FOUND: package android.xr cannot be found on the device
02-04 01:19:50.846   576   728 E AconfigFlags: 	at android.os.flagging.AconfigPackage.load(AconfigPackage.java:132)
02-04 01:19:50.846   576   728 E AconfigFlags: 	at com.android.internal.pm.pkg.component.AconfigFlags.lambda$getFlagValueFromNewStorage$0(AconfigFlags.java:261)
02-04 01:19:50.846   576   728 E AconfigFlags: 	at com.android.internal.pm.pkg.component.AconfigFlags$$ExternalSyntheticLambda0.apply(D8$$SyntheticClass:0)
02-04 01:19:50.846   576   728 E AconfigFlags: 	at java.util.concurrent.ConcurrentHashMap.computeIfAbsent(ConcurrentHashMap.java:1713)
02-04 01:19:50.846   576   728 E AconfigFlags: 	at com.android.internal.pm.pkg.component.AconfigFlags.getFlagValueFromNewStorage(AconfigFlags.java:259)
02-04 01:19:50.846   576   728 E AconfigFlags: 	at com.android.internal.pm.pkg.component.AconfigFlags.getFlagValue(AconfigFlags.java:225)
02-04 01:19:50.846   576   728 E AconfigFlags: 	at com.android.internal.pm.pkg.component.AconfigFlags.skipCurrentElement(AconfigFlags.java:323)
02-04 01:19:50.846   576   728 E AconfigFlags: 	at com.android.internal.pm.pkg.component.AconfigFlags.skipCurrentElement(AconfigFlags.java:291)
02-04 01:19:50.846   576   728 E AconfigFlags: 	at com.android.internal.pm.pkg.parsing.ParsingPackageUtils.parseBaseApkTags(ParsingPackageUtils.java:1000)
02-04 01:19:50.846   576   728 E AconfigFlags: 	at com.android.internal.pm.pkg.parsing.ParsingPackageUtils.parseBaseApk(ParsingPackageUtils.java:735)
02-04 01:19:50.846   576   728 E AconfigFlags: 	at com.android.internal.pm.pkg.parsing.ParsingPackageUtils.parseBaseApk(ParsingPackageUtils.java:600)
02-04 01:19:50.846   576   728 E AconfigFlags: 	at com.android.internal.pm.pkg.parsing.ParsingPackageUtils.parseMonolithicPackage(ParsingPackageUtils.java:436)
02-04 01:19:50.846   576   728 E AconfigFlags: 	at com.android.internal.pm.pkg.parsing.ParsingPackageUtils.parsePackage(ParsingPackageUtils.java:334)
02-04 01:19:50.846   576   728 E AconfigFlags: 	at com.android.internal.pm.parsing.PackageParser2.parsePackage(PackageParser2.java:134)
02-04 01:19:50.846   576   728 E AconfigFlags: 	at com.android.server.pm.ParallelPackageParser.parsePackage(ParallelPackageParser.java:130)
02-04 01:19:50.846   576   728 E AconfigFlags: 	at com.android.server.pm.ParallelPackageParser.lambda$submit$0(ParallelPackageParser.java:108)
02-04 01:19:50.846   576   728 E AconfigFlags: 	at com.android.server.pm.ParallelPackageParser.$r8$lambda$uW6lAW1ixaCdJ_8ZINGbyQGIceg(ParallelPackageParser.java:0)
02-04 01:19:50.846   576   728 E AconfigFlags: 	at com.android.server.pm.ParallelPackageParser$$ExternalSyntheticLambda0.run(R8$$SyntheticClass:0)
02-04 01:19:50.846   576   728 E AconfigFlags: 	at java.util.concurrent.Executors$RunnableAdapter.call(Executors.java:524)
02-04 01:19:50.846   576   728 E AconfigFlags: 	at java.util.concurrent.FutureTask.run(FutureTask.java:317)
02-04 01:19:50.846   576   728 E AconfigFlags: 	at java.util.concurrent.ThreadPoolExecutor.runWorker(ThreadPoolExecutor.java:1156)
02-04 01:19:50.846   576   728 E AconfigFlags: 	at java.util.concurrent.ThreadPoolExecutor$Worker.run(ThreadPoolExecutor.java:651)
02-04 01:19:50.846   576   728 E AconfigFlags: 	at com.android.internal.util.ConcurrentUtils$1$1.run(ConcurrentUtils.java:65)
02-04 01:19:50.846   576   728 E AconfigFlags: Failed to load aconfig package android.xr
02-04 01:19:50.846   576   728 E AconfigFlags: android.os.flagging.AconfigStorageReadException: ERROR_PACKAGE_NOT_FOUND: package android.xr cannot be found on the device
02-04 01:19:50.846   576   728 E AconfigFlags: 	at android.os.flagging.AconfigPackage.load(AconfigPackage.java:132)
02-04 01:19:50.846   576   728 E AconfigFlags: 	at com.android.internal.pm.pkg.component.AconfigFlags.lambda$getFlagValueFromNewStorage$0(AconfigFlags.java:261)
02-04 01:19:50.846   576   728 E AconfigFlags: 	at com.android.internal.pm.pkg.component.AconfigFlags$$ExternalSyntheticLambda0.apply(D8$$SyntheticClass:0)
02-04 01:19:50.846   576   728 E AconfigFlags: 	at java.util.concurrent.ConcurrentHashMap.computeIfAbsent(ConcurrentHashMap.java:1713)
02-04 01:19:50.846   576   728 E AconfigFlags: 	at com.android.internal.pm.pkg.component.AconfigFlags.getFlagValueFromNewStorage(AconfigFlags.java:259)
02-04 01:19:50.846   576   728 E AconfigFlags: 	at com.android.internal.pm.pkg.component.AconfigFlags.getFlagValue(AconfigFlags.java:225)
02-04 01:19:50.846   576   728 E AconfigFlags: 	at com.android.internal.pm.pkg.component.AconfigFlags.skipCurrentElement(AconfigFlags.java:323)
02-04 01:19:50.846   576   728 E AconfigFlags: 	at com.android.internal.pm.pkg.component.AconfigFlags.skipCurrentElement(AconfigFlags.java:291)
02-04 01:19:50.846   576   728 E AconfigFlags: 	at com.android.internal.pm.pkg.parsing.ParsingPackageUtils.parseBaseApkTags(ParsingPackageUtils.java:1000)
02-04 01:19:50.846   576   728 E AconfigFlags: 	at com.android.internal.pm.pkg.parsing.ParsingPackageUtils.parseBaseApk(ParsingPackageUtils.java:735)
02-04 01:19:50.846   576   728 E AconfigFlags: 	at com.android.internal.pm.pkg.parsing.ParsingPackageUtils.parseBaseApk(ParsingPackageUtils.java:600)
02-04 01:19:50.846   576   728 E AconfigFlags: 	at com.android.internal.pm.pkg.parsing.ParsingPackageUtils.parseMonolithicPackage(ParsingPackageUtils.java:436)
02-04 01:19:50.846   576   728 E AconfigFlags: 	at com.android.internal.pm.pkg.parsing.ParsingPackageUtils.parsePackage(ParsingPackageUtils.java:334)
02-04 01:19:50.846   576   728 E AconfigFlags: 	at com.android.internal.pm.parsing.PackageParser2.parsePackage(PackageParser2.java:134)
02-04 01:19:50.846   576   728 E AconfigFlags: 	at com.android.server.pm.ParallelPackageParser.parsePackage(ParallelPackageParser.java:130)
02-04 01:19:50.846   576   728 E AconfigFlags: 	at com.android.server.pm.ParallelPackageParser.lambda$submit$0(ParallelPackageParser.java:108)
02-04 01:19:50.846   576   728 E AconfigFlags: 	at com.android.server.pm.ParallelPackageParser.$r8$lambda$uW6lAW1ixaCdJ_8ZINGbyQGIceg(ParallelPackageParser.java:0)
02-04 01:19:50.846   576   728 E AconfigFlags: 	at com.android.server.pm.ParallelPackageParser$$ExternalSyntheticLambda0.run(R8$$SyntheticClass:0)
02-04 01:19:50.846   576   728 E AconfigFlags: 	at java.util.concurrent.Executors$RunnableAdapter.call(Executors.java:524)
02-04 01:19:50.846   576   728 E AconfigFlags: 	at java.util.concurrent.FutureTask.run(FutureTask.java:317)
02-04 01:19:50.846   576   728 E AconfigFlags: 	at java.util.concurrent.ThreadPoolExecutor.runWorker(ThreadPoolExecutor.java:1156)
02-04 01:19:50.846   576   728 E AconfigFlags: 	at java.util.concurrent.ThreadPoolExecutor$Worker.run(ThreadPoolExecutor.java:651)
02-04 01:19:50.846   576   728 E AconfigFlags: 	at com.android.internal.util.ConcurrentUtils$1$1.run(ConcurrentUtils.java:65)
02-04 01:19:50.846   576   728 E AconfigFlags: Failed to load aconfig package android.xr
02-04 01:19:50.846   576   728 E AconfigFlags: android.os.flagging.AconfigStorageReadException: ERROR_PACKAGE_NOT_FOUND: package android.xr cannot be found on the device
02-04 01:19:50.846   576   728 E AconfigFlags: 	at android.os.flagging.AconfigPackage.load(AconfigPackage.java:132)
02-04 01:19:50.846   576   728 E AconfigFlags: 	at com.android.internal.pm.pkg.component.AconfigFlags.lambda$getFlagValueFromNewStorage$0(AconfigFlags.java:261)
02-04 01:19:50.846   576   728 E AconfigFlags: 	at com.android.internal.pm.pkg.component.AconfigFlags$$ExternalSyntheticLambda0.apply(D8$$SyntheticClass:0)
02-04 01:19:50.846   576   728 E AconfigFlags: 	at java.util.concurrent.ConcurrentHashMap.computeIfAbsent(ConcurrentHashMap.java:1713)
02-04 01:19:50.846   576   728 E AconfigFlags: 	at com.android.internal.pm.pkg.component.AconfigFlags.getFlagValueFromNewStorage(AconfigFlags.java:259)
02-04 01:19:50.846   576   728 E AconfigFlags: 	at com.android.internal.pm.pkg.component.AconfigFlags.getFlagValue(AconfigFlags.java:225)
02-04 01:19:50.846   576   728 E AconfigFlags: 	at com.android.internal.pm.pkg.component.AconfigFlags.skipCurrentElement(AconfigFlags.java:323)
02-04 01:19:50.846   576   728 E AconfigFlags: 	at com.android.internal.pm.pkg.component.AconfigFlags.skipCurrentElement(AconfigFlags.java:291)
02-04 01:19:50.846   576   728 E AconfigFlags: 	at com.android.internal.pm.pkg.parsing.ParsingPackageUtils.parseBaseApkTags(ParsingPackageUtils.java:1000)
02-04 01:19:50.846   576   728 E AconfigFlags: 	at com.android.internal.pm.pkg.parsing.ParsingPackageUtils.parseBaseApk(ParsingPackageUtils.java:735)
02-04 01:19:50.846   576   728 E AconfigFlags: 	at com.android.internal.pm.pkg.parsing.ParsingPackageUtils.parseBaseApk(ParsingPackageUtils.java:600)
02-04 01:19:50.846   576   728 E AconfigFlags: 	at com.android.internal.pm.pkg.parsing.ParsingPackageUtils.parseMonolithicPackage(ParsingPackageUtils.java:436)
02-04 01:19:50.846   576   728 E AconfigFlags: 	at com.android.internal.pm.pkg.parsing.ParsingPackageUtils.parsePackage(ParsingPackageUtils.java:334)
02-04 01:19:50.846   576   728 E AconfigFlags: 	at com.android.internal.pm.parsing.PackageParser2.parsePackage(PackageParser2.java:134)
02-04 01:19:50.846   576   728 E AconfigFlags: 	at com.android.server.pm.ParallelPackageParser.parsePackage(ParallelPackageParser.java:130)
02-04 01:19:50.846   576   728 E AconfigFlags: 	at com.android.server.pm.ParallelPackageParser.lambda$submit$0(ParallelPackageParser.java:108)
02-04 01:19:50.846   576   728 E AconfigFlags: 	at com.android.server.pm.ParallelPackageParser.$r8$lambda$uW6lAW1ixaCdJ_8ZINGbyQGIceg(ParallelPackageParser.java:0)
02-04 01:19:50.846   576   728 E AconfigFlags: 	at com.android.server.pm.ParallelPackageParser$$ExternalSyntheticLambda0.run(R8$$SyntheticClass:0)
02-04 01:19:50.846   576   728 E AconfigFlags: 	at java.util.concurrent.Executors$RunnableAdapter.call(Executors.java:524)
02-04 01:19:50.846   576   728 E AconfigFlags: 	at java.util.concurrent.FutureTask.run(FutureTask.java:317)
02-04 01:19:50.846   576   728 E AconfigFlags: 	at java.util.concurrent.ThreadPoolExecutor.runWorker(ThreadPoolExecutor.java:1156)
02-04 01:19:50.846   576   728 E AconfigFlags: 	at java.util.concurrent.ThreadPoolExecutor$Worker.run(ThreadPoolExecutor.java:651)
02-04 01:19:50.846   576   728 E AconfigFlags: 	at com.android.internal.util.ConcurrentUtils$1$1.run(ConcurrentUtils.java:65)
02-04 01:19:50.846   576   728 E AconfigFlags: Failed to load aconfig package android.xr
02-04 01:19:50.846   576   728 E AconfigFlags: android.os.flagging.AconfigStorageReadException: ERROR_PACKAGE_NOT_FOUND: package android.xr cannot be found on the device
02-04 01:19:50.846   576   728 E AconfigFlags: 	at android.os.flagging.AconfigPackage.load(AconfigPackage.java:132)
02-04 01:19:50.846   576   728 E AconfigFlags: 	at com.android.internal.pm.pkg.component.AconfigFlags.lambda$getFlagValueFromNewStorage$0(AconfigFlags.java:261)
02-04 01:19:50.846   576   728 E AconfigFlags: 	at com.android.internal.pm.pkg.component.AconfigFlags$$ExternalSyntheticLambda0.apply(D8$$SyntheticClass:0)
02-04 01:19:50.846   576   728 E AconfigFlags: 	at java.util.concurrent.ConcurrentHashMap.computeIfAbsent(ConcurrentHashMap.java:1713)
02-04 01:19:50.846   576   728 E AconfigFlags: 	at com.android.internal.pm.pkg.component.AconfigFlags.getFlagValueFromNewStorage(AconfigFlags.java:259)
02-04 01:19:50.846   576   728 E AconfigFlags: 	at com.android.internal.pm.pkg.component.AconfigFlags.getFlagValue(AconfigFlags.java:225)
02-04 01:19:50.846   576   728 E AconfigFlags: 	at com.android.internal.pm.pkg.component.AconfigFlags.skipCurrentElement(AconfigFlags.java:323)
02-04 01:19:50.846   576   728 E AconfigFlags: 	at com.android.internal.pm.pkg.component.AconfigFlags.skipCurrentElement(AconfigFlags.java:291)
02-04 01:19:50.846   576   728 E AconfigFlags: 	at com.android.internal.pm.pkg.parsing.ParsingPackageUtils.parseBaseApkTags(ParsingPackageUtils.java:1000)
02-04 01:19:50.846   576   728 E AconfigFlags: 	at com.android.internal.pm.pkg.parsing.ParsingPackageUtils.parseBaseApk(ParsingPackageUtils.java:735)
02-04 01:19:50.846   576   728 E AconfigFlags: 	at com.android.internal.pm.pkg.parsing.ParsingPackageUtils.parseBaseApk(ParsingPackageUtils.java:600)
02-04 01:19:50.846   576   728 E AconfigFlags: 	at com.android.internal.pm.pkg.parsing.ParsingPackageUtils.parseMonolithicPackage(ParsingPackageUtils.java:436)
02-04 01:19:50.846   576   728 E AconfigFlags: 	at com.android.internal.pm.pkg.parsing.ParsingPackageUtils.parsePackage(ParsingPackageUtils.java:334)
02-04 01:19:50.846   576   728 E AconfigFlags: 	at com.android.internal.pm.parsing.PackageParser2.parsePackage(PackageParser2.java:134)
02-04 01:19:50.846   576   728 E AconfigFlags: 	at com.android.server.pm.ParallelPackageParser.parsePackage(ParallelPackageParser.java:130)
02-04 01:19:50.846   576   728 E AconfigFlags: 	at com.android.server.pm.ParallelPackageParser.lambda$submit$0(ParallelPackageParser.java:108)
02-04 01:19:50.846   576   728 E AconfigFlags: 	at com.android.server.pm.ParallelPackageParser.$r8$lambda$uW6lAW1ixaCdJ_8ZINGbyQGIceg(ParallelPackageParser.java:0)
02-04 01:19:50.846   576   728 E AconfigFlags: 	at com.android.server.pm.ParallelPackageParser$$ExternalSyntheticLambda0.run(R8$$SyntheticClass:0)
02-04 01:19:50.846   576   728 E AconfigFlags: 	at java.util.concurrent.Executors$RunnableAdapter.call(Executors.java:524)
02-04 01:19:50.846   576   728 E AconfigFlags: 	at java.util.concurrent.FutureTask.run(FutureTask.java:317)
02-04 01:19:50.846   576   728 E AconfigFlags: 	at java.util.concurrent.ThreadPoolExecutor.runWorker(ThreadPoolExecutor.java:1156)
02-04 01:19:50.846   576   728 E AconfigFlags: 	at java.util.concurrent.ThreadPoolExecutor$Worker.run(ThreadPoolExecutor.java:651)
02-04 01:19:50.846   576   728 E AconfigFlags: 	at com.android.internal.util.ConcurrentUtils$1$1.run(ConcurrentUtils.java:65)
02-04 01:19:50.846   576   728 E AconfigFlags: Failed to load aconfig package android.xr
02-04 01:19:50.846   576   728 E AconfigFlags: android.os.flagging.AconfigStorageReadException: ERROR_PACKAGE_NOT_FOUND: package android.xr cannot be found on the device
02-04 01:19:50.846   576   728 E AconfigFlags: 	at android.os.flagging.AconfigPackage.load(AconfigPackage.java:132)
02-04 01:19:50.846   576   728 E AconfigFlags: 	at com.android.internal.pm.pkg.component.AconfigFlags.lambda$getFlagValueFromNewStorage$0(AconfigFlags.java:261)
02-04 01:19:50.846   576   728 E AconfigFlags: 	at com.android.internal.pm.pkg.component.AconfigFlags$$ExternalSyntheticLambda0.apply(D8$$SyntheticClass:0)
02-04 01:19:50.846   576   728 E AconfigFlags: 	at java.util.concurrent.ConcurrentHashMap.computeIfAbsent(ConcurrentHashMap.java:1713)
02-04 01:19:50.846   576   728 E AconfigFlags: 	at com.android.internal.pm.pkg.component.AconfigFlags.getFlagValueFromNewStorage(AconfigFlags.java:259)
02-04 01:19:50.846   576   728 E AconfigFlags: 	at com.android.internal.pm.pkg.component.AconfigFlags.getFlagValue(AconfigFlags.java:225)
02-04 01:19:50.846   576   728 E AconfigFlags: 	at com.android.internal.pm.pkg.component.AconfigFlags.skipCurrentElement(AconfigFlags.java:323)
02-04 01:19:50.846   576   728 E AconfigFlags: 	at com.android.internal.pm.pkg.component.AconfigFlags.skipCurrentElement(AconfigFlags.java:291)
02-04 01:19:50.846   576   728 E AconfigFlags: 	at com.android.internal.pm.pkg.parsing.ParsingPackageUtils.parseBaseApkTags(ParsingPackageUtils.java:1000)
02-04 01:19:50.846   576   728 E AconfigFlags: 	at com.android.internal.pm.pkg.parsing.ParsingPackageUtils.parseBaseApk(ParsingPackageUtils.java:735)
02-04 01:19:50.846   576   728 E AconfigFlags: 	at com.android.internal.pm.pkg.parsing.ParsingPackageUtils.parseBaseApk(ParsingPackageUtils.java:600)
02-04 01:19:50.846   576   728 E AconfigFlags: 	at com.android.internal.pm.pkg.parsing.ParsingPackageUtils.parseMonolithicPackage(ParsingPackageUtils.java:436)
02-04 01:19:50.846   576   728 E AconfigFlags: 	at com.android.internal.pm.pkg.parsing.ParsingPackageUtils.parsePackage(ParsingPackageUtils.java:334)
02-04 01:19:50.846   576   728 E AconfigFlags: 	at com.android.internal.pm.parsing.PackageParser2.parsePackage(PackageParser2.java:134)
02-04 01:19:50.846   576   728 E AconfigFlags: 	at com.android.server.pm.ParallelPackageParser.parsePackage(ParallelPackageParser.java:130)
02-04 01:19:50.846   576   728 E AconfigFlags: 	at com.android.server.pm.ParallelPackageParser.lambda$submit$0(ParallelPackageParser.java:108)
02-04 01:19:50.846   576   728 E AconfigFlags: 	at com.android.server.pm.ParallelPackageParser.$r8$lambda$uW6lAW1ixaCdJ_8ZINGbyQGIceg(ParallelPackageParser.java:0)
02-04 01:19:50.846   576   728 E AconfigFlags: 	at com.android.server.pm.ParallelPackageParser$$ExternalSyntheticLambda0.run(R8$$SyntheticClass:0)
02-04 01:19:50.846   576   728 E AconfigFlags: 	at java.util.concurrent.Executors$RunnableAdapter.call(Executors.java:524)
02-04 01:19:50.846   576   728 E AconfigFlags: 	at java.util.concurrent.FutureTask.run(FutureTask.java:317)
02-04 01:19:50.846   576   728 E AconfigFlags: 	at java.util.concurrent.ThreadPoolExecutor.runWorker(ThreadPoolExecutor.java:1156)
02-04 01:19:50.846   576   728 E AconfigFlags: 	at java.util.concurrent.ThreadPoolExecutor$Worker.run(ThreadPoolExecutor.java:651)
02-04 01:19:50.846   576   728 E AconfigFlags: 	at com.android.internal.util.ConcurrentUtils$1$1.run(ConcurrentUtils.java:65)
02-04 01:19:50.846   576   728 E AconfigFlags: Failed to load aconfig package android.xr
02-04 01:19:50.846   576   728 E AconfigFlags: android.os.flagging.AconfigStorageReadException: ERROR_PACKAGE_NOT_FOUND: package android.xr cannot be found on the device
02-04 01:19:50.846   576   728 E AconfigFlags: 	at android.os.flagging.AconfigPackage.load(AconfigPackage.java:132)
02-04 01:19:50.846   576   728 E AconfigFlags: 	at com.android.internal.pm.pkg.component.AconfigFlags.lambda$getFlagValueFromNewStorage$0(AconfigFlags.java:261)
02-04 01:19:50.846   576   728 E AconfigFlags: 	at com.android.internal.pm.pkg.component.AconfigFlags$$ExternalSyntheticLambda0.apply(D8$$SyntheticClass:0)
02-04 01:19:50.846   576   728 E AconfigFlags: 	at java.util.concurrent.ConcurrentHashMap.computeIfAbsent(ConcurrentHashMap.java:1713)
02-04 01:19:50.846   576   728 E AconfigFlags: 	at com.android.internal.pm.pkg.component.AconfigFlags.getFlagValueFromNewStorage(AconfigFlags.java:259)
02-04 01:19:50.846   576   728 E AconfigFlags: 	at com.android.internal.pm.pkg.component.AconfigFlags.getFlagValue(AconfigFlags.java:225)
02-04 01:19:50.846   576   728 E AconfigFlags: 	at com.android.internal.pm.pkg.component.AconfigFlags.skipCurrentElement(AconfigFlags.java:323)
02-04 01:19:50.846   576   728 E AconfigFlags: 	at com.android.internal.pm.pkg.component.AconfigFlags.skipCurrentElement(AconfigFlags.java:291)
02-04 01:19:50.846   576   728 E AconfigFlags: 	at com.android.internal.pm.pkg.parsing.ParsingPackageUtils.parseBaseApkTags(ParsingPackageUtils.java:1000)
02-04 01:19:50.846   576   728 E AconfigFlags: 	at com.android.internal.pm.pkg.parsing.ParsingPackageUtils.parseBaseApk(ParsingPackageUtils.java:735)
02-04 01:19:50.846   576   728 E AconfigFlags: 	at com.android.internal.pm.pkg.parsing.ParsingPackageUtils.parseBaseApk(ParsingPackageUtils.java:600)
02-04 01:19:50.846   576   728 E AconfigFlags: 	at com.android.internal.pm.pkg.parsing.ParsingPackageUtils.parseMonolithicPackage(ParsingPackageUtils.java:436)
02-04 01:19:50.846   576   728 E AconfigFlags: 	at com.android.internal.pm.pkg.parsing.ParsingPackageUtils.parsePackage(ParsingPackageUtils.java:334)
02-04 01:19:50.846   576   728 E AconfigFlags: 	at com.android.internal.pm.parsing.PackageParser2.parsePackage(PackageParser2.java:134)
02-04 01:19:50.846   576   728 E AconfigFlags: 	at com.android.server.pm.ParallelPackageParser.parsePackage(ParallelPackageParser.java:130)
02-04 01:19:50.846   576   728 E AconfigFlags: 	at com.android.server.pm.ParallelPackageParser.lambda$submit$0(ParallelPackageParser.java:108)
02-04 01:19:50.846   576   728 E AconfigFlags: 	at com.android.server.pm.ParallelPackageParser.$r8$lambda$uW6lAW1ixaCdJ_8ZINGbyQGIceg(ParallelPackageParser.java:0)
02-04 01:19:50.846   576   728 E AconfigFlags: 	at com.android.server.pm.ParallelPackageParser$$ExternalSyntheticLambda0.run(R8$$SyntheticClass:0)
02-04 01:19:50.846   576   728 E AconfigFlags: 	at java.util.concurrent.Executors$RunnableAdapter.call(Executors.java:524)
02-04 01:19:50.846   576   728 E AconfigFlags: 	at java.util.concurrent.FutureTask.run(FutureTask.java:317)
02-04 01:19:50.846   576   728 E AconfigFlags: 	at java.util.concurrent.ThreadPoolExecutor.runWorker(ThreadPoolExecutor.java:1156)
02-04 01:19:50.846   576   728 E AconfigFlags: 	at java.util.concurrent.ThreadPoolExecutor$Worker.run(ThreadPoolExecutor.java:651)
02-04 01:19:50.846   576   728 E AconfigFlags: 	at com.android.internal.util.ConcurrentUtils$1$1.run(ConcurrentUtils.java:65)
02-04 01:19:50.846   576   728 E AconfigFlags: Failed to load aconfig package android.xr
02-04 01:19:50.846   576   728 E AconfigFlags: android.os.flagging.AconfigStorageReadException: ERROR_PACKAGE_NOT_FOUND: package android.xr cannot be found on the device
02-04 01:19:50.846   576   728 E AconfigFlags: 	at android.os.flagging.AconfigPackage.load(AconfigPackage.java:132)
02-04 01:19:50.846   576   728 E AconfigFlags: 	at com.android.internal.pm.pkg.component.AconfigFlags.lambda$getFlagValueFromNewStorage$0(AconfigFlags.java:261)
02-04 01:19:50.846   576   728 E AconfigFlags: 	at com.android.internal.pm.pkg.component.AconfigFlags$$ExternalSyntheticLambda0.apply(D8$$SyntheticClass:0)
02-04 01:19:50.846   576   728 E AconfigFlags: 	at java.util.concurrent.ConcurrentHashMap.computeIfAbsent(ConcurrentHashMap.java:1713)
02-04 01:19:50.846   576   728 E AconfigFlags: 	at com.android.internal.pm.pkg.component.AconfigFlags.getFlagValueFromNewStorage(AconfigFlags.java:259)
02-04 01:19:50.846   576   728 E AconfigFlags: 	at com.android.internal.pm.pkg.component.AconfigFlags.getFlagValue(AconfigFlags.java:225)
02-04 01:19:50.846   576   728 E AconfigFlags: 	at com.android.internal.pm.pkg.component.AconfigFlags.skipCurrentElement(AconfigFlags.java:323)
02-04 01:19:50.846   576   728 E AconfigFlags: 	at com.android.internal.pm.pkg.component.AconfigFlags.skipCurrentElement(AconfigFlags.java:291)
02-04 01:19:50.846   576   728 E AconfigFlags: 	at com.android.internal.pm.pkg.parsing.ParsingPackageUtils.parseBaseApkTags(ParsingPackageUtils.java:1000)
02-04 01:19:50.846   576   728 E AconfigFlags: 	at com.android.internal.pm.pkg.parsing.ParsingPackageUtils.parseBaseApk(ParsingPackageUtils.java:735)
02-04 01:19:50.846   576   728 E AconfigFlags: 	at com.android.internal.pm.pkg.parsing.ParsingPackageUtils.parseBaseApk(ParsingPackageUtils.java:600)
02-04 01:19:50.846   576   728 E AconfigFlags: 	at com.android.internal.pm.pkg.parsing.ParsingPackageUtils.parseMonolithicPackage(ParsingPackageUtils.java:436)
02-04 01:19:50.846   576   728 E AconfigFlags: 	at com.android.internal.pm.pkg.parsing.ParsingPackageUtils.parsePackage(ParsingPackageUtils.java:334)
02-04 01:19:50.846   576   728 E AconfigFlags: 	at com.android.internal.pm.parsing.PackageParser2.parsePackage(PackageParser2.java:134)
02-04 01:19:50.846   576   728 E AconfigFlags: 	at com.android.server.pm.ParallelPackageParser.parsePackage(ParallelPackageParser.java:130)
02-04 01:19:50.846   576   728 E AconfigFlags: 	at com.android.server.pm.ParallelPackageParser.lambda$submit$0(ParallelPackageParser.java:108)
02-04 01:19:50.846   576   728 E AconfigFlags: 	at com.android.server.pm.ParallelPackageParser.$r8$lambda$uW6lAW1ixaCdJ_8ZINGbyQGIceg(ParallelPackageParser.java:0)
02-04 01:19:50.846   576   728 E AconfigFlags: 	at com.android.server.pm.ParallelPackageParser$$ExternalSyntheticLambda0.run(R8$$SyntheticClass:0)
02-04 01:19:50.846   576   728 E AconfigFlags: 	at java.util.concurrent.Executors$RunnableAdapter.call(Executors.java:524)
02-04 01:19:50.846   576   728 E AconfigFlags: 	at java.util.concurrent.FutureTask.run(FutureTask.java:317)
02-04 01:19:50.846   576   728 E AconfigFlags: 	at java.util.concurrent.ThreadPoolExecutor.runWorker(ThreadPoolExecutor.java:1156)
02-04 01:19:50.846   576   728 E AconfigFlags: 	at java.util.concurrent.ThreadPoolExecutor$Worker.run(ThreadPoolExecutor.java:651)
02-04 01:19:50.846   576   728 E AconfigFlags: 	at com.android.internal.util.ConcurrentUtils$1$1.run(ConcurrentUtils.java:65)
02-04 01:19:50.848   576   728 W PackageParsing: android defines a knownSigner permission but the provided knownCerts resource is null
02-04 01:19:50.855   576   576 I PackageManager: /system/framework/framework-res.apk changed; collecting certs
02-04 01:19:50.858   576   576 W PackageManager: Adding duplicate shared id: 1000 name=android
02-04 01:19:50.864   576   728 V Configuration: Updating configuration, locales updated from [] to [en_US]
02-04 01:19:50.864   576   728 I system_server: AssetManager2(0x71e5355d0878) locale list changing from [] to [en-US]
02-04 01:19:50.865   576   727 V Configuration: Updating configuration, locales updated from [] to [en_US]
02-04 01:19:50.865   576   727 I system_server: AssetManager2(0x71e5355b7878) locale list changing from [] to [en-US]
02-04 01:19:50.865   576   726 V Configuration: Updating configuration, locales updated from [] to [en_US]
02-04 01:19:50.865   576   726 I system_server: AssetManager2(0x71e5355c2a98) locale list changing from [] to [en-US]
02-04 01:19:50.866   576   725 V Configuration: Updating configuration, locales updated from [] to [en_US]
02-04 01:19:50.866   576   725 I system_server: AssetManager2(0x71e5355b7878) locale list changing from [] to [en-US]
02-04 01:19:50.867   576   576 I PackageManager: New shared user android.uid.calendar: id=10095
02-04 01:19:50.867   576   576 I PackageManager: /system/priv-app/CalendarProvider changed; collecting certs
02-04 01:19:50.868   576   728 V Configuration: Updating configuration, locales updated from [] to [en_US]
02-04 01:19:50.869   576   576 W PackageManager: Adding duplicate app id: 10095 name=com.android.providers.calendar
02-04 01:19:50.870   576   728 I system_server: AssetManager2(0x71e5355cd038) locale list changing from [] to [en-US]
02-04 01:19:50.870   576   576 I PackageManager: New shared user android.uid.shared: id=10096
02-04 01:19:50.870   576   576 I PackageManager: /system/priv-app/BlockedNumberProvider changed; collecting certs
02-04 01:19:50.870   576   726 V Configuration: Updating configuration, locales updated from [] to [en_US]
02-04 01:19:50.870   576   726 I system_server: AssetManager2(0x71e5355b33b8) locale list changing from [] to [en-US]
02-04 01:19:50.871   576   576 W PackageManager: Adding duplicate app id: 10096 name=com.android.providers.blockednumber
02-04 01:19:50.871   576   727 V Configuration: Updating configuration, locales updated from [] to [en_US]
02-04 01:19:50.871   576   727 I system_server: AssetManager2(0x71e5355b33b8) locale list changing from [] to [en-US]
02-04 01:19:50.872   576   576 I PackageManager: /system/priv-app/BackupRestoreConfirmation changed; collecting certs
02-04 01:19:50.872   576   725 V Configuration: Updating configuration, locales updated from [] to [en_US]
02-04 01:19:50.872   576   725 I system_server: AssetManager2(0x71e5355a4c78) locale list changing from [] to [en-US]
02-04 01:19:50.873   576   576 I PackageManager: /system/priv-app/BuiltInPrintService changed; collecting certs
02-04 01:19:50.874   576   576 I PackageManager: /system/priv-app/CellBroadcastLegacyApp changed; collecting certs
02-04 01:19:50.876   576   726 V Configuration: Updating configuration, locales updated from [] to [en_US]
02-04 01:19:50.876   576   726 I system_server: AssetManager2(0x71e5355c9e38) locale list changing from [] to [en-US]
02-04 01:19:50.876   576   576 I PackageManager: /system/priv-app/CallLogBackup changed; collecting certs
02-04 01:19:50.877   576   576 W PackageManager: Adding duplicate app id: 10096 name=com.android.calllogbackup
02-04 01:19:50.877   576   576 I PackageManager: /system/priv-app/CredentialManager changed; collecting certs
02-04 01:19:50.878   576   576 I PackageManager: /system/priv-app/DeviceAsWebcam changed; collecting certs
02-04 01:19:50.879   576   576 W PackageManager: Adding duplicate shared id: 1000 name=com.android.DeviceAsWebcam
02-04 01:19:50.880   576   576 I PackageManager: /system/priv-app/ContactsProvider changed; collecting certs
02-04 01:19:50.880   576   576 W PackageManager: Adding duplicate app id: 10096 name=com.android.providers.contacts
02-04 01:19:50.882   576   726 V Configuration: Updating configuration, locales updated from [] to [en_US]
02-04 01:19:50.882   576   726 I system_server: AssetManager2(0x71e5355cb0f8) locale list changing from [] to [en-US]
02-04 01:19:50.887   576   727 V Configuration: Updating configuration, locales updated from [] to [en_US]
02-04 01:19:50.887   576   727 I system_server: AssetManager2(0x71e5355a4c78) locale list changing from [] to [en-US]
02-04 01:19:50.887   576   728 V Configuration: Updating configuration, locales updated from [] to [en_US]
02-04 01:19:50.888   576   728 I system_server: AssetManager2(0x71e5355d0238) locale list changing from [] to [en-US]
02-04 01:19:50.889   576   725 V Configuration: Updating configuration, locales updated from [] to [en_US]
02-04 01:19:50.889   576   725 I system_server: AssetManager2(0x71e5355c5018) locale list changing from [] to [en-US]
02-04 01:19:50.889   576   576 I PackageManager: New shared user android.media: id=10101
02-04 01:19:50.890   576   576 I PackageManager: /system/priv-app/DownloadProvider changed; collecting certs
02-04 01:19:50.891   576   576 W PackageManager: Adding duplicate app id: 10101 name=com.android.providers.downloads
02-04 01:19:50.892   576   576 I PackageManager: /system/priv-app/DownloadProviderUi changed; collecting certs
02-04 01:19:50.893   576   576 W PackageManager: Adding duplicate app id: 10101 name=com.android.providers.downloads.ui
02-04 01:19:50.893   576   726 V Configuration: Updating configuration, locales updated from [] to [en_US]
02-04 01:19:50.893   576   726 I system_server: AssetManager2(0x71e5355cc6d8) locale list changing from [] to [en-US]
02-04 01:19:50.894   576   728 V Configuration: Updating configuration, locales updated from [] to [en_US]
02-04 01:19:50.894   576   728 I system_server: AssetManager2(0x71e5355d0238) locale list changing from [] to [en-US]
02-04 01:19:50.894   576   727 V Configuration: Updating configuration, locales updated from [] to [en_US]
02-04 01:19:50.894   576   727 I system_server: AssetManager2(0x71e5355d1818) locale list changing from [] to [en-US]
02-04 01:19:50.894   576   576 I PackageManager: /system/priv-app/DeviceDiagnostics changed; collecting certs
02-04 01:19:50.895   576   728 V Configuration: Updating configuration, locales updated from [] to [en_US]
02-04 01:19:50.895   576   728 I system_server: AssetManager2(0x71e5355c5018) locale list changing from [] to [en-US]
02-04 01:19:50.898   576   576 I PackageManager: /system/priv-app/ExternalStorageProvider changed; collecting certs
02-04 01:19:50.900   576   576 I PackageManager: /system/priv-app/E2eeContactKeysProvider changed; collecting certs
02-04 01:19:50.901   576   725 V Configuration: Updating configuration, locales updated from [] to [en_US]
02-04 01:19:50.901   576   725 I system_server: AssetManager2(0x71e5355cc098) locale list changing from [] to [en-US]
02-04 01:19:50.902   576   576 W PackageManager: Adding duplicate app id: 10096 name=com.android.providers.contactkeys
02-04 01:19:50.903   576   726 V Configuration: Updating configuration, locales updated from [] to [en_US]
02-04 01:19:50.903   576   726 I system_server: AssetManager2(0x71e5355d1818) locale list changing from [] to [en-US]
02-04 01:19:50.904   576   576 I PackageManager: /system/priv-app/DynamicSystemInstallationService changed; collecting certs
02-04 01:19:50.905   576   727 V Configuration: Updating configuration, locales updated from [] to [en_US]
02-04 01:19:50.905   576   727 I system_server: AssetManager2(0x71e5355cbd78) locale list changing from [] to [en-US]
02-04 01:19:50.905   576   576 W PackageManager: Adding duplicate shared id: 1000 name=com.android.dynsystem
02-04 01:19:50.906   576   725 V Configuration: Updating configuration, locales updated from [] to [en_US]
02-04 01:19:50.906   576   728 V Configuration: Updating configuration, locales updated from [] to [en_US]
02-04 01:19:50.906   576   728 I system_server: AssetManager2(0x71e5355d1818) locale list changing from [] to [en-US]
02-04 01:19:50.906   576   725 I system_server: AssetManager2(0x71e5355d0eb8) locale list changing from [] to [en-US]
02-04 01:19:50.907   576   576 I PackageManager: /system/priv-app/DocumentsUIGoogle changed; collecting certs
02-04 01:19:50.910   576   576 I PackageManager: /system/priv-app/FusedLocation changed; collecting certs
02-04 01:19:50.911   576   727 V Configuration: Updating configuration, locales updated from [] to [en_US]
02-04 01:19:50.911   576   727 I system_server: AssetManager2(0x71e5355cbd78) locale list changing from [] to [en-US]
02-04 01:19:50.911   576   726 V Configuration: Updating configuration, locales updated from [] to [en_US]
02-04 01:19:50.911   576   726 I system_server: AssetManager2(0x71e5355c97f8) locale list changing from [] to [en-US]
02-04 01:19:50.912   576   576 W PackageManager: Adding duplicate shared id: 1000 name=com.android.location.fused
02-04 01:19:50.912   576   576 I PackageManager: /system/priv-app/IntentResolver changed; collecting certs
02-04 01:19:50.914   576   576 I PackageManager: /system/priv-app/InputDevices changed; collecting certs
02-04 01:19:50.914   576   576 W PackageManager: Adding duplicate shared id: 1000 name=com.android.inputdevices
02-04 01:19:50.915   576   576 I PackageManager: /system/priv-app/LocalTransport changed; collecting certs
02-04 01:19:50.916   576   725 V Configuration: Updating configuration, locales updated from [] to [en_US]
02-04 01:19:50.916   576   725 I system_server: AssetManager2(0x71e5355d78f8) locale list changing from [] to [en-US]
02-04 01:19:50.917   576   727 V Configuration: Updating configuration, locales updated from [] to [en_US]
02-04 01:19:50.917   576   576 W PackageManager: Adding duplicate shared id: 1000 name=com.android.localtransport
02-04 01:19:50.917   576   728 V Configuration: Updating configuration, locales updated from [] to [en_US]
02-04 01:19:50.917   576   728 I system_server: AssetManager2(0x71e5355d8578) locale list changing from [] to [en-US]
02-04 01:19:50.917   576   727 I system_server: AssetManager2(0x71e5355d6c78) locale list changing from [] to [en-US]
02-04 01:19:50.918   576   725 V Configuration: Updating configuration, locales updated from [] to [en_US]
02-04 01:19:50.918   576   725 I system_server: AssetManager2(0x71e5355d6318) locale list changing from [] to [en-US]
02-04 01:19:50.919   576   576 I PackageManager: /system/priv-app/GooglePackageInstaller changed; collecting certs
02-04 01:19:50.919   576   727 V Configuration: Updating configuration, locales updated from [] to [en_US]
02-04 01:19:50.919   576   727 I system_server: AssetManager2(0x71e5355d6c78) locale list changing from [] to [en-US]
02-04 01:19:50.920   576   726 V Configuration: Updating configuration, locales updated from [] to [en_US]
02-04 01:19:50.920   576   726 I system_server: AssetManager2(0x71e5355d8578) locale list changing from [] to [en-US]
02-04 01:19:50.921   576   727 V Configuration: Updating configuration, locales updated from [] to [en_US]
02-04 01:19:50.921   576   727 I system_server: AssetManager2(0x71e5355d6c78) locale list changing from [] to [en-US]
02-04 01:19:50.921   576   725 V Configuration: Updating configuration, locales updated from [] to [en_US]
02-04 01:19:50.921   576   725 I system_server: AssetManager2(0x71e5355d8258) locale list changing from [] to [en-US]
02-04 01:19:50.922   576   576 I PackageManager: /system/priv-app/LiveWallpapersPicker changed; collecting certs
02-04 01:19:50.924   576   727 V Configuration: Updating configuration, locales updated from [] to [en_US]
02-04 01:19:50.924   576   727 I system_server: AssetManager2(0x71e5355d7f38) locale list changing from [] to [en-US]
02-04 01:19:50.925   576   725 V Configuration: Updating configuration, locales updated from [] to [en_US]
02-04 01:19:50.926   576   576 I PackageManager: /system/priv-app/MmsService changed; collecting certs
02-04 01:19:50.926   576   725 I system_server: AssetManager2(0x71e5355d8578) locale list changing from [] to [en-US]
02-04 01:19:50.927   576   576 W PackageManager: Adding duplicate shared id: 1001 name=com.android.mms.service
02-04 01:19:50.928   576   576 I PackageManager: /system/priv-app/ManagedProvisioning changed; collecting certs
02-04 01:19:50.929   576   728 V Configuration: Updating configuration, locales updated from [] to [en_US]
02-04 01:19:50.929   576   728 I system_server: AssetManager2(0x71e5355d8578) locale list changing from [] to [en-US]
02-04 01:19:50.930   576   725 V Configuration: Updating configuration, locales updated from [] to [en_US]
02-04 01:19:50.930   576   725 I system_server: AssetManager2(0x71e5355d6318) locale list changing from [] to [en-US]
02-04 01:19:50.931   576   727 V Configuration: Updating configuration, locales updated from [] to [en_US]
02-04 01:19:50.932   576   727 I system_server: AssetManager2(0x71e5355d8258) locale list changing from [] to [en-US]
02-04 01:19:50.934   576   725 V Configuration: Updating configuration, locales updated from [] to [en_US]
02-04 01:19:50.934   576   725 I system_server: AssetManager2(0x71e5355d6318) locale list changing from [] to [en-US]
02-04 01:19:50.934   576   576 I PackageManager: /system/priv-app/MediaProviderLegacy changed; collecting certs
02-04 01:19:50.935   576   576 W PackageManager: Adding duplicate app id: 10101 name=com.android.providers.media
02-04 01:19:50.936   576   727 V Configuration: Updating configuration, locales updated from [] to [en_US]
02-04 01:19:50.936   576   727 I system_server: AssetManager2(0x71e5355d8258) locale list changing from [] to [en-US]
02-04 01:19:50.936   576   728 W PackageParsing: Ignoring duplicate uses-permissions/uses-permissions-sdk-m: android.permission.SATELLITE_COMMUNICATION in package: com.android.shell at: Binary XML file line #777
02-04 01:19:50.936   576   728 W PackageParsing: Ignoring duplicate uses-permissions/uses-permissions-sdk-m: android.permission.FOREGROUND_SERVICE in package: com.android.shell at: Binary XML file line #876
02-04 01:19:50.936   576   728 W PackageParsing: Ignoring duplicate uses-permissions/uses-permissions-sdk-m: android.permission.FOREGROUND_SERVICE_SYSTEM_EXEMPTED in package: com.android.shell at: Binary XML file line #877
02-04 01:19:50.938   576   576 I PackageManager: /system/priv-app/MusicFX changed; collecting certs
02-04 01:19:50.940   576   576 I PackageManager: /system/priv-app/ONS changed; collecting certs
02-04 01:19:50.941   576   576 W PackageManager: Adding duplicate shared id: 1001 name=com.android.ons
02-04 01:19:50.941   576   726 V Configuration: Updating configuration, locales updated from [] to [en_US]
02-04 01:19:50.941   576   726 I system_server: AssetManager2(0x71e5355d8258) locale list changing from [] to [en-US]
02-04 01:19:50.942   576   576 I PackageManager: /system/priv-app/ProxyHandler changed; collecting certs
02-04 01:19:50.942   576   726 W PackageParsing: Ignoring duplicate uses-permissions/uses-permissions-sdk-m: android.permission.POST_NOTIFICATIONS in package: com.android.phone at: Binary XML file line #171
02-04 01:19:50.943   576   576 I PackageManager: /system/priv-app/MtpService changed; collecting certs
02-04 01:19:50.944   576   576 W PackageManager: Adding duplicate app id: 10101 name=com.android.mtp
02-04 01:19:50.945   576   576 I PackageManager: /system/priv-app/SharedStorageBackup changed; collecting certs
02-04 01:19:50.946   576   576 I PackageManager: /system/priv-app/SettingsProvider changed; collecting certs
02-04 01:19:50.947   576   576 W PackageManager: Adding duplicate shared id: 1000 name=com.android.providers.settings
02-04 01:19:50.947   576   576 I PackageManager: /system/priv-app/NetworkStackGoogle changed; collecting certs
02-04 01:19:50.950   576   576 W PackageManager: Adding duplicate shared id: 1073 name=com.google.android.networkstack
02-04 01:19:50.951   576   576 I PackageManager: /system/priv-app/SoundPicker changed; collecting certs
02-04 01:19:50.952   576   576 W PackageManager: Adding duplicate app id: 10101 name=com.android.soundpicker
02-04 01:19:50.952   576   576 I PackageManager: /system/priv-app/TagGoogle changed; collecting certs
02-04 01:19:50.953   576   576 I PackageManager: /system/priv-app/TelephonyProvider changed; collecting certs
02-04 01:19:50.954   576   576 W PackageManager: Adding duplicate shared id: 1001 name=com.android.providers.telephony
02-04 01:19:50.954   576   576 I PackageManager: /system/priv-app/Telecom changed; collecting certs
02-04 01:19:50.955   576   576 W PackageManager: Adding duplicate shared id: 1000 name=com.android.server.telecom
02-04 01:19:50.956   576   576 I PackageManager: /system/priv-app/UserDictionaryProvider changed; collecting certs
02-04 01:19:50.956   576   576 W PackageManager: Adding duplicate app id: 10096 name=com.android.providers.userdictionary
02-04 01:19:50.957   576   576 I PackageManager: /system/priv-app/VpnDialogs changed; collecting certs
02-04 01:19:50.958   576   576 I PackageManager: /system/priv-app/Shell changed; collecting certs
02-04 01:19:50.959   576   576 W PackageManager: Adding duplicate shared id: 2000 name=com.android.shell
02-04 01:19:50.960   576   576 I PackageManager: /system/priv-app/TeleService changed; collecting certs
02-04 01:19:50.961   576   576 W PackageManager: Adding duplicate shared id: 1001 name=com.android.phone
02-04 01:19:50.963   576   726 V Configuration: Updating configuration, locales updated from [] to [en_US]
02-04 01:19:50.963   576   726 I system_server: AssetManager2(0x71e5355d8258) locale list changing from [] to [en-US]
02-04 01:19:50.963   576   727 V Configuration: Updating configuration, locales updated from [] to [en_US]
02-04 01:19:50.963   576   727 I system_server: AssetManager2(0x71e5355d3758) locale list changing from [] to [en-US]
02-04 01:19:50.963   576   725 V Configuration: Updating configuration, locales updated from [] to [en_US]
02-04 01:19:50.963   576   725 I system_server: AssetManager2(0x71e5355d5cd8) locale list changing from [] to [en-US]
02-04 01:19:50.963   576   728 V Configuration: Updating configuration, locales updated from [] to [en_US]
02-04 01:19:50.963   576   728 I system_server: AssetManager2(0x71e5355db778) locale list changing from [] to [en-US]
02-04 01:19:50.964   576   576 I PackageManager: /system/app/BookmarkProvider changed; collecting certs
02-04 01:19:50.966   576   576 I PackageManager: /system/app/BasicDreams changed; collecting certs
02-04 01:19:50.967   576   725 V Configuration: Updating configuration, locales updated from [] to [en_US]
02-04 01:19:50.967   576   725 I system_server: AssetManager2(0x71e5355d3758) locale list changing from [] to [en-US]
02-04 01:19:50.967   576   576 I PackageManager: /system/app/BluetoothMidiService changed; collecting certs
02-04 01:19:50.968   576   576 I PackageManager: /system/app/CameraExtensionsProxy changed; collecting certs
02-04 01:19:50.968   576   726 V Configuration: Updating configuration, locales updated from [] to [en_US]
02-04 01:19:50.968   576   726 I system_server: AssetManager2(0x71e5355d4d38) locale list changing from [] to [en-US]
02-04 01:19:50.969   576   725 W PackageParsing: No actions in intent-filter at /system/app/CarrierDefaultApp/CarrierDefaultApp.apk Binary XML file line #45
02-04 01:19:50.969   576   725 W PackageParsing: No actions in intent-filter at /system/app/CarrierDefaultApp/CarrierDefaultApp.apk Binary XML file line #70
02-04 01:19:50.969   576   727 V Configuration: Updating configuration, locales updated from [] to [en_US]
02-04 01:19:50.969   576   727 I system_server: AssetManager2(0x71e5355d5058) locale list changing from [] to [en-US]
02-04 01:19:50.970   576   576 I PackageManager: /system/app/CarrierDefaultApp changed; collecting certs
02-04 01:19:50.970   576   728 V Configuration: Updating configuration, locales updated from [] to [en_US]
02-04 01:19:50.970   576   728 I system_server: AssetManager2(0x71e5355d1b38) locale list changing from [] to [en-US]
02-04 01:19:50.972   576   576 I PackageManager: /system/app/CompanionDeviceManager changed; collecting certs
02-04 01:19:50.973   576   726 V Configuration: Updating configuration, locales updated from [] to [en_US]
02-04 01:19:50.973   576   726 I system_server: AssetManager2(0x71e5355d5058) locale list changing from [] to [en-US]
02-04 01:19:50.974   576   725 V Configuration: Updating configuration, locales updated from [] to [en_US]
02-04 01:19:50.974   576   725 I system_server: AssetManager2(0x71e5355d6f98) locale list changing from [] to [en-US]
02-04 01:19:50.974   576   727 V Configuration: Updating configuration, locales updated from [] to [en_US]
02-04 01:19:50.974   576   727 I system_server: AssetManager2(0x71e5355d1b38) locale list changing from [] to [en-US]
02-04 01:19:50.975   576   726 V Configuration: Updating configuration, locales updated from [] to [en_US]
02-04 01:19:50.975   576   726 I system_server: AssetManager2(0x71e5355dec98) locale list changing from [] to [en-US]
02-04 01:19:50.976   576   728 V Configuration: Updating configuration, locales updated from [] to [en_US]
02-04 01:19:50.976   576   728 I system_server: AssetManager2(0x71e5355d1b38) locale list changing from [] to [en-US]
02-04 01:19:50.976   576   725 V Configuration: Updating configuration, locales updated from [] to [en_US]
02-04 01:19:50.976   576   576 I PackageManager: /system/app/CertInstaller changed; collecting certs
02-04 01:19:50.976   576   725 I system_server: AssetManager2(0x71e5355e0bd8) locale list changing from [] to [en-US]
02-04 01:19:50.977   576   726 V Configuration: Updating configuration, locales updated from [] to [en_US]
02-04 01:19:50.978   576   728 V Configuration: Updating configuration, locales updated from [] to [en_US]
02-04 01:19:50.978   576   728 I system_server: AssetManager2(0x71e5355d5058) locale list changing from [] to [en-US]
02-04 01:19:50.978   576   576 I PackageManager: /system/app/CaptivePortalLoginGoogle changed; collecting certs
