02-04 01:19:51.424   576   576 D PackageManager: No files in app dir /apex/com.android.mediaprovider/app
02-04 01:19:51.424   576   576 D PackageManager: No files in app dir /apex/com.android.profiling/priv-app
02-04 01:19:51.424   576   576 D PackageManager: No files in app dir /apex/com.android.profiling/app
02-04 01:19:51.424   576   576 D PackageManager: No files in app dir /apex/com.android.resolv/priv-app
02-04 01:19:51.424   576   576 D PackageManager: No files in app dir /apex/com.android.resolv/app
02-04 01:19:51.424   576   576 D PackageManager: No files in app dir /apex/com.android.sdkext/priv-app
02-04 01:19:51.424   576   576 D PackageManager: No files in app dir /apex/com.android.sdkext/app
02-04 01:19:51.424   576   576 D PackageManager: No files in app dir /apex/com.android.i18n/priv-app
02-04 01:19:51.424   576   576 D PackageManager: No files in app dir /apex/com.android.i18n/app
02-04 01:19:51.424   576   576 D PackageManager: No files in app dir /apex/com.android.art/priv-app
02-04 01:19:51.424   576   576 D PackageManager: No files in app dir /apex/com.android.art/app
02-04 01:19:51.425   576   576 W PackageManager: Dropping cache of /apex/com.android.adservices/priv-app/AdServicesApkGoogle@360527520
02-04 01:19:51.502   576   728 V Configuration: Updating configuration, locales updated from [] to [en_US]
02-04 01:19:51.502   576   728 I system_server: AssetManager2(0x71e5355f6398) locale list changing from [] to [en-US]
02-04 01:19:51.504   576   728 W PackageParsing: Ignoring duplicate uses-permissions/uses-permissions-sdk-m: android.permission.RECEIVE_BOOT_COMPLETED in package: com.google.android.adservices.api at: Binary XML file line #162
02-04 01:19:51.505   576   576 I PackageManager: /apex/com.android.adservices/priv-app/AdServicesApkGoogle@360527520 changed; collecting certs
02-04 01:19:51.506   576   576 I ApexManager: Registering com.google.android.adservices.api as apk-in-apex of com.android.adservices
02-04 01:19:51.507   576   576 W PackageManager: Dropping cache of /apex/com.android.adservices/app/SdkSandboxGoogle@360527520
02-04 01:19:51.509   576   727 V Configuration: Updating configuration, locales updated from [] to [en_US]
02-04 01:19:51.509   576   727 I system_server: AssetManager2(0x71e5355f3e18) locale list changing from [] to [en-US]
02-04 01:19:51.509   576   576 I PackageManager: /apex/com.android.adservices/app/SdkSandboxGoogle@360527520 changed; collecting certs
02-04 01:19:51.510   576   576 I ApexManager: Registering com.google.android.sdksandbox as apk-in-apex of com.android.adservices
02-04 01:19:51.511   576   576 D PackageManager: No files in app dir /apex/com.android.crashrecovery/priv-app
02-04 01:19:51.511   576   576 D PackageManager: No files in app dir /apex/com.android.crashrecovery/app
02-04 01:19:51.511   576   576 D PackageManager: No files in app dir /apex/com.android.conscrypt/priv-app
02-04 01:19:51.511   576   576 D PackageManager: No files in app dir /apex/com.android.conscrypt/app
02-04 01:19:51.511   576   576 D PackageManager: No files in app dir /apex/com.android.neuralnetworks/priv-app
02-04 01:19:51.511   576   576 D PackageManager: No files in app dir /apex/com.android.neuralnetworks/app
02-04 01:19:51.511   576   576 D PackageManager: No files in app dir /apex/com.android.scheduling/priv-app
02-04 01:19:51.511   576   576 D PackageManager: No files in app dir /apex/com.android.scheduling/app
02-04 01:19:51.511   576   576 D PackageManager: No files in app dir /apex/com.android.uprobestats/priv-app
02-04 01:19:51.511   576   576 D PackageManager: No files in app dir /apex/com.android.uprobestats/app
02-04 01:19:51.511   576   576 W PackageManager: Dropping cache of /apex/com.android.appsearch/priv-app/com.google.android.appsearch.apk@360527520
02-04 01:19:51.515   576   726 V Configuration: Updating configuration, locales updated from [] to [en_US]
02-04 01:19:51.515   576   726 I system_server: AssetManager2(0x71e5355f6398) locale list changing from [] to [en-US]
02-04 01:19:51.516   576   576 I PackageManager: /apex/com.android.appsearch/priv-app/com.google.android.appsearch.apk@360527520 changed; collecting certs
02-04 01:19:51.517   576   576 I ApexManager: Registering com.google.android.appsearch.apk as apk-in-apex of com.android.appsearch
02-04 01:19:51.518   576   576 D PackageManager: No files in app dir /apex/com.android.appsearch/app
02-04 01:19:51.518   576   576 D PackageManager: No files in app dir /apex/com.android.hardware.uwb/priv-app
02-04 01:19:51.518   576   576 D PackageManager: No files in app dir /apex/com.android.hardware.uwb/app
02-04 01:19:51.518   576   576 D PackageManager: No files in app dir /apex/com.android.hardware.authsecret/priv-app
02-04 01:19:51.518   576   576 D PackageManager: No files in app dir /apex/com.android.hardware.authsecret/app
02-04 01:19:51.518   576   576 W PackageManager: Dropping cache of /apex/com.android.healthfitness/priv-app/HealthConnectControllerGoogle@360527520
02-04 01:19:51.519   529   529 W ServiceManagerCppClient: Waited one second for activity (is service started? Number of threads started in the threadpool: 16. Are binder threads started and available?)
02-04 01:19:51.526   222   729 W libc    : Unable to set property "ctl.interface_start" to "aidl/activity": PROP_ERROR_HANDLE_CONTROL_MESSAGE (0x20)
02-04 01:19:51.538   576   725 V Configuration: Updating configuration, locales updated from [] to [en_US]
02-04 01:19:51.538   576   725 I system_server: AssetManager2(0x71e5355f4a98) locale list changing from [] to [en-US]
02-04 01:19:51.543   576   576 I PackageManager: /apex/com.android.healthfitness/priv-app/HealthConnectControllerGoogle@360527520 changed; collecting certs
02-04 01:19:51.544   576   576 I ApexManager: Registering com.google.android.healthconnect.controller as apk-in-apex of com.android.healthfitness
02-04 01:19:51.546   576   576 W PackageManager: Dropping cache of /apex/com.android.healthfitness/app/HealthConnectBackupRestoreGoogle@360527520
02-04 01:19:51.548   576   728 V Configuration: Updating configuration, locales updated from [] to [en_US]
02-04 01:19:51.548   576   728 I system_server: AssetManager2(0x71e5355f6398) locale list changing from [] to [en-US]
02-04 01:19:51.549   576   576 I PackageManager: /apex/com.android.healthfitness/app/HealthConnectBackupRestoreGoogle@360527520 changed; collecting certs
02-04 01:19:51.550   576   576 I ApexManager: Registering com.google.android.health.connect.backuprestore as apk-in-apex of com.android.healthfitness
02-04 01:19:51.551   576   576 D PackageManager: No files in app dir /apex/com.android.media.swcodec/priv-app
02-04 01:19:51.551   576   576 D PackageManager: No files in app dir /apex/com.android.media.swcodec/app
02-04 01:19:51.556   576   727 V Configuration: Updating configuration, locales updated from [] to [en_US]
02-04 01:19:51.556   576   727 I system_server: AssetManager2(0x71e5355f85f8) locale list changing from [] to [en-US]
02-04 01:19:51.559   576   576 I PackageManager: /apex/com.android.devicelock/priv-app/DeviceLockController@BE2A.250530.026.D1 changed; collecting certs
02-04 01:19:51.560   576   576 I ApexManager: Registering com.android.devicelockcontroller as apk-in-apex of com.android.devicelock
02-04 01:19:51.561   576   576 D PackageManager: No files in app dir /apex/com.android.devicelock/app
02-04 01:19:51.561   576   576 D PackageManager: No files in app dir /apex/com.android.os.statsd/priv-app
02-04 01:19:51.561   576   576 D PackageManager: No files in app dir /apex/com.android.os.statsd/app
02-04 01:19:51.561   576   576 D PackageManager: No files in app dir /apex/com.android.media/priv-app
02-04 01:19:51.561   576   576 D PackageManager: No files in app dir /apex/com.android.media/app
02-04 01:19:51.561   576   576 D PackageManager: No files in app dir /apex/com.android.configinfrastructure/priv-app
02-04 01:19:51.562   576   576 W PackageManager: Dropping cache of /apex/com.android.configinfrastructure/app/DeviceConfigServiceResourcesGoogle@360527520
02-04 01:19:51.564   576   726 V Configuration: Updating configuration, locales updated from [] to [en_US]
02-04 01:19:51.564   576   726 I system_server: AssetManager2(0x71e5355f6398) locale list changing from [] to [en-US]
02-04 01:19:51.565   576   576 I PackageManager: /apex/com.android.configinfrastructure/app/DeviceConfigServiceResourcesGoogle@360527520 changed; collecting certs
02-04 01:19:51.567   576   576 I ApexManager: Registering com.google.android.server.deviceconfig.resources as apk-in-apex of com.android.configinfrastructure
02-04 01:19:51.568   576   576 W PackageManager: Dropping cache of /apex/com.android.uwb/priv-app/ServiceUwbResourcesGoogle@360527520
02-04 01:19:51.569   576   725 V Configuration: Updating configuration, locales updated from [] to [en_US]
02-04 01:19:51.569   576   725 I system_server: AssetManager2(0x71e5355f3198) locale list changing from [] to [en-US]
02-04 01:19:51.570   576   576 I PackageManager: /apex/com.android.uwb/priv-app/ServiceUwbResourcesGoogle@360527520 changed; collecting certs
02-04 01:19:51.571   576   576 I ApexManager: Registering com.google.android.uwb.resources as apk-in-apex of com.android.uwb
02-04 01:19:51.572   576   576 D PackageManager: No files in app dir /apex/com.android.uwb/app
02-04 01:19:51.572   576   576 W PackageManager: Dropping cache of /apex/com.android.ondevicepersonalization/priv-app/OnDevicePersonalizationGoogle@360527520
02-04 01:19:51.574   576   728 V Configuration: Updating configuration, locales updated from [] to [en_US]
02-04 01:19:51.574   576   728 I system_server: AssetManager2(0x71e5355f6398) locale list changing from [] to [en-US]
02-04 01:19:51.575   576   576 I PackageManager: /apex/com.android.ondevicepersonalization/priv-app/OnDevicePersonalizationGoogle@360527520 changed; collecting certs
02-04 01:19:51.576   576   576 I ApexManager: Registering com.google.android.ondevicepersonalization.services as apk-in-apex of com.android.ondevicepersonalization
02-04 01:19:51.577   576   576 W PackageManager: Dropping cache of /apex/com.android.ondevicepersonalization/app/FederatedComputeGoogle@360527520
02-04 01:19:51.579   576   727 V Configuration: Updating configuration, locales updated from [] to [en_US]
02-04 01:19:51.579   576   727 I system_server: AssetManager2(0x71e5355f3198) locale list changing from [] to [en-US]
02-04 01:19:51.580   576   576 I PackageManager: /apex/com.android.ondevicepersonalization/app/FederatedComputeGoogle@360527520 changed; collecting certs
02-04 01:19:51.581   576   576 I ApexManager: Registering com.google.android.federatedcompute as apk-in-apex of com.android.ondevicepersonalization
02-04 01:19:51.582   576   576 D PackageManager: No files in app dir /apex/com.android.hardware.power/priv-app
02-04 01:19:51.582   576   576 D PackageManager: No files in app dir /apex/com.android.hardware.power/app
02-04 01:19:51.582   576   576 D PackageManager: No files in app dir /apex/com.android.hardware.threadnetwork/priv-app
02-04 01:19:51.582   576   576 D PackageManager: No files in app dir /apex/com.android.hardware.threadnetwork/app
02-04 01:19:51.582   576   576 W PackageManager: Dropping cache of /apex/com.android.nfcservices/priv-app/NfcNciApexMigrationGoogle@360527520
02-04 01:19:51.582   576   576 W PackageManager: Dropping cache of /apex/com.android.nfcservices/priv-app/NfcNciApexGoogle@360527520
02-04 01:19:51.584   576   726 V Configuration: Updating configuration, locales updated from [] to [en_US]
02-04 01:19:51.584   576   726 I system_server: AssetManager2(0x71e5355f6398) locale list changing from [] to [en-US]
02-04 01:19:51.584   576   576 I PackageManager: /apex/com.android.nfcservices/priv-app/NfcNciApexMigrationGoogle@360527520 changed; collecting certs
02-04 01:19:51.585   576   576 W PackageManager: Adding duplicate shared id: 1027 name=com.android.nfc
02-04 01:19:51.586   576   576 I ApexManager: Registering com.android.nfc as apk-in-apex of com.android.nfcservices
02-04 01:19:51.588   576   725 V Configuration: Updating configuration, locales updated from [] to [en_US]
02-04 01:19:51.588   576   725 I system_server: AssetManager2(0x71e5355f34b8) locale list changing from [] to [en-US]
02-04 01:19:51.590   576   725 W PackageParsing: Unknown element under <manifest>: meta-data at /apex/com.android.nfcservices/priv-app/NfcNciApexGoogle@360527520/NfcNciApexGoogle.apk Binary XML file line #226
02-04 01:19:51.590   576   725 W PackageParsing: Unknown element under <manifest>: provider at /apex/com.android.nfcservices/priv-app/NfcNciApexGoogle@360527520/NfcNciApexGoogle.apk Binary XML file line #230
02-04 01:19:51.590   576   725 W PackageParsing: Unknown element under <manifest>: activity at /apex/com.android.nfcservices/priv-app/NfcNciApexGoogle@360527520/NfcNciApexGoogle.apk Binary XML file line #240
02-04 01:19:51.590   576   725 W PackageParsing: Unknown element under <manifest>: activity at /apex/com.android.nfcservices/priv-app/NfcNciApexGoogle@360527520/NfcNciApexGoogle.apk Binary XML file line #246
02-04 01:19:51.590   576   725 W PackageParsing: Unknown element under <manifest>: activity at /apex/com.android.nfcservices/priv-app/NfcNciApexGoogle@360527520/NfcNciApexGoogle.apk Binary XML file line #253
02-04 01:19:51.590   576   725 W PackageParsing: Unknown element under <manifest>: activity at /apex/com.android.nfcservices/priv-app/NfcNciApexGoogle@360527520/NfcNciApexGoogle.apk Binary XML file line #259
02-04 01:19:51.590   576   725 W PackageParsing: Unknown element under <manifest>: activity at /apex/com.android.nfcservices/priv-app/NfcNciApexGoogle@360527520/NfcNciApexGoogle.apk Binary XML file line #264
02-04 01:19:51.590   576   725 W PackageParsing: Unknown element under <manifest>: activity at /apex/com.android.nfcservices/priv-app/NfcNciApexGoogle@360527520/NfcNciApexGoogle.apk Binary XML file line #271
02-04 01:19:51.590   576   725 W PackageParsing: Unknown element under <manifest>: activity at /apex/com.android.nfcservices/priv-app/NfcNciApexGoogle@360527520/NfcNciApexGoogle.apk Binary XML file line #277
02-04 01:19:51.590   576   725 W PackageParsing: Unknown element under <manifest>: receiver at /apex/com.android.nfcservices/priv-app/NfcNciApexGoogle@360527520/NfcNciApexGoogle.apk Binary XML file line #282
02-04 01:19:51.590   576   725 W PackageParsing: Unknown element under <manifest>: service at /apex/com.android.nfcservices/priv-app/NfcNciApexGoogle@360527520/NfcNciApexGoogle.apk Binary XML file line #290
02-04 01:19:51.590   576   725 W PackageParsing: Unknown element under <manifest>: meta-data at /apex/com.android.nfcservices/priv-app/NfcNciApexGoogle@360527520/NfcNciApexGoogle.apk Binary XML file line #292
02-04 01:19:51.590   576   725 W PackageParsing: Unknown element under <manifest>: provider at /apex/com.android.nfcservices/priv-app/NfcNciApexGoogle@360527520/NfcNciApexGoogle.apk Binary XML file line #296
02-04 01:19:51.590   576   725 W PackageParsing: Unknown element under <manifest>: receiver at /apex/com.android.nfcservices/priv-app/NfcNciApexGoogle@360527520/NfcNciApexGoogle.apk Binary XML file line #305
02-04 01:19:51.590   576   576 I PackageManager: /apex/com.android.nfcservices/priv-app/NfcNciApexGoogle@360527520 changed; collecting certs
02-04 01:19:51.591   576   576 W PackageManager: Adding duplicate shared id: 1027 name=com.google.android.nfc
02-04 01:19:51.592   576   576 I ApexManager: Registering com.google.android.nfc as apk-in-apex of com.android.nfcservices
02-04 01:19:51.592   576   576 D PackageManager: No files in app dir /apex/com.android.nfcservices/app
02-04 01:19:51.593   576   576 W PackageManager: Dropping cache of /apex/com.android.tethering/priv-app/TetheringGoogle@360527520
02-04 01:19:51.593   576   576 W PackageManager: Dropping cache of /apex/com.android.tethering/priv-app/ServiceConnectivityResourcesGoogle@360527520
02-04 01:19:51.595   576   728 V Configuration: Updating configuration, locales updated from [] to [en_US]
02-04 01:19:51.595   576   728 I system_server: AssetManager2(0x71e5355f6398) locale list changing from [] to [en-US]
02-04 01:19:51.596   576   727 V Configuration: Updating configuration, locales updated from [] to [en_US]
02-04 01:19:51.596   576   727 I system_server: AssetManager2(0x71e5355f4db8) locale list changing from [] to [en-US]
02-04 01:19:51.596   576   576 I PackageManager: /apex/com.android.tethering/priv-app/TetheringGoogle@360527520 changed; collecting certs
02-04 01:19:51.597   576   576 W PackageManager: Adding duplicate shared id: 1073 name=com.google.android.networkstack.tethering
02-04 01:19:51.598   576   576 I ApexManager: Registering com.google.android.networkstack.tethering as apk-in-apex of com.android.tethering
02-04 01:19:51.598   576   576 I PackageManager: /apex/com.android.tethering/priv-app/ServiceConnectivityResourcesGoogle@360527520 changed; collecting certs
02-04 01:19:51.599   576   576 I ApexManager: Registering com.google.android.connectivity.resources as apk-in-apex of com.android.tethering
02-04 01:19:51.600   576   576 D PackageManager: No files in app dir /apex/com.android.tethering/app
02-04 01:19:51.600   576   576 D PackageManager: No files in app dir /apex/com.android.bt/priv-app
02-04 01:19:51.600   576   576 W PackageManager: Dropping cache of /apex/com.android.bt/app/BluetoothGoogle@360527520
02-04 01:19:51.604   576   726 V Configuration: Updating configuration, locales updated from [] to [en_US]
02-04 01:19:51.604   576   726 I system_server: AssetManager2(0x71e5355f6398) locale list changing from [] to [en-US]
02-04 01:19:51.607   576   576 I PackageManager: /apex/com.android.bt/app/BluetoothGoogle@360527520 changed; collecting certs
02-04 01:19:51.609   576   576 W PackageManager: Adding duplicate shared id: 1002 name=com.google.android.bluetooth
02-04 01:19:51.609   576   576 I ApexManager: Registering com.google.android.bluetooth as apk-in-apex of com.android.bt
02-04 01:19:51.610   576   576 D PackageManager: No files in app dir /apex/com.android.ipsec/priv-app
02-04 01:19:51.610   576   576 D PackageManager: No files in app dir /apex/com.android.ipsec/app
02-04 01:19:51.610   576   576 W PackageManager: Dropping cache of /apex/com.android.permission/priv-app/GooglePermissionController@360527520
02-04 01:19:51.610   576   576 W PackageManager: Dropping cache of /apex/com.android.permission/priv-app/GoogleSafetyCenterResources@360527520
02-04 01:19:51.615   576   728 V Configuration: Updating configuration, locales updated from [] to [en_US]
02-04 01:19:51.615   576   728 I system_server: AssetManager2(0x71e5355f6398) locale list changing from [] to [en-US]
02-04 01:19:51.617   576   576 I PackageManager: /apex/com.android.permission/priv-app/GoogleSafetyCenterResources@360527520 changed; collecting certs
02-04 01:19:51.618   576   576 I ApexManager: Registering com.google.android.safetycenter.resources as apk-in-apex of com.android.permission
02-04 01:19:51.646   576   725 V Configuration: Updating configuration, locales updated from [] to [en_US]
02-04 01:19:51.646   576   725 I system_server: AssetManager2(0x71e5355f2838) locale list changing from [] to [en-US]
02-04 01:19:51.651   576   576 I PackageManager: /apex/com.android.permission/priv-app/GooglePermissionController@360527520 changed; collecting certs
02-04 01:19:51.652   576   576 I ApexManager: Registering com.google.android.permissioncontroller as apk-in-apex of com.android.permission
02-04 01:19:51.654   576   576 D PackageManager: No files in app dir /apex/com.android.permission/app
02-04 01:19:51.654   576   576 D PackageManager: No files in app dir /apex/com.android.hardware.cas/priv-app
02-04 01:19:51.654   576   576 D PackageManager: No files in app dir /apex/com.android.hardware.cas/app
02-04 01:19:51.654   576   576 D PackageManager: No files in app dir /apex/com.android.tzdata/priv-app
02-04 01:19:51.654   576   576 D PackageManager: No files in app dir /apex/com.android.tzdata/app
02-04 01:19:51.654   576   576 D PackageManager: No files in app dir /apex/com.android.compos/priv-app
02-04 01:19:51.654   576   727 V Configuration: Updating configuration, locales updated from [] to [en_US]
02-04 01:19:51.654   576   727 I system_server: AssetManager2(0x71e5355f2838) locale list changing from [] to [en-US]
02-04 01:19:51.655   576   576 I PackageManager: /apex/com.android.compos/app/CompOSPayloadApp@BE2A.250530.026.D1 changed; collecting certs
02-04 01:19:51.656   576   576 I ApexManager: Registering com.android.compos.payload as apk-in-apex of com.android.compos
02-04 01:19:51.657   576   576 D PackageManager: No files in app dir /apex/com.android.adbd/priv-app
02-04 01:19:51.657   576   576 D PackageManager: No files in app dir /apex/com.android.adbd/app
02-04 01:19:51.657   576   576 D PackageManager: No files in app dir /apex/com.android.hardware.gatekeeper/priv-app
02-04 01:19:51.657   576   576 D PackageManager: No files in app dir /apex/com.android.hardware.gatekeeper/app
02-04 01:19:51.657   576   576 W OverlayConfig: partition_order.xml does not exist.
02-04 01:19:51.661   576   576 I PackageManager: Finished scanning system apps. Time: 1018 ms, packageCount: 299 , timePerPackage: 3 , cached: 0
02-04 01:19:51.661   576   576 D PackageManager: No files in app dir /data/app
02-04 01:19:52.525   529   529 W ServiceManagerCppClient: Waited one second for activity (is service started? Number of threads started in the threadpool: 16. Are binder threads started and available?)
02-04 01:19:52.531   222   730 W libc    : Unable to set property "ctl.interface_start" to "aidl/activity": PROP_ERROR_HANDLE_CONTROL_MESSAGE (0x20)
02-04 01:19:53.095   576   576 D FileSystemUtils: Total number of LOAD segments 4
02-04 01:19:53.095   576   576 D FileSystemUtils: Size before punching holes st_blocks: 399720, st_blksize: 4096, st_size: 204651447
02-04 01:19:53.096   576   576 D FileSystemUtils: Punching holes for length:46768 content which should be zero: 0000000000000000000000000000000000000000000000000000000000000000000000000000000000000000000000000000000000000000000000000000000000000000000000000000000000000000000000000000000000000000000000000000000000000000000000000000000000000000000000000000000000000000000000000000000000000000000000000000000000000000000000000000000000000000000000000000000000000000000000000000000000000000000000000000000000000000000000000000000000000000000000000000000000000000000000000000000000000000000000000000000000000000000000000000000000000000000000000000000000000000000000000000000000000000000000000000000000000000000000000000000000000000000000000000000000000000000000000000000000000000000000000000000000000000000000000000000000000000000000000000000000000000000000000000000000000000000000000000000000000000000000000000000000000000000000000000000000000000000000000000000000000000000000000000000000000000000000000000000000000000000000000000000000000000000000000000000000000000000000000
02-04 01:19:53.096   576   576 D FileSystemUtils: Punching hole in file - start: 203771904 len:45056
02-04 01:19:53.096   576   576 D FileSystemUtils: Size after punching holes st_blocks: 399632, st_blksize: 4096, st_size: 204651447
02-04 01:19:53.096   576   576 D FileSystemUtils: Extra field length: 11788,  Size before punching holes st_blocks: 399632, st_blksize: 4096, st_size: 204651447
02-04 01:19:53.096   576   576 D FileSystemUtils: Extra field length: 11788 content near offset: 35d9082e00400000000000000000000000000000000000000000000000000000000000000000000000000000000000000000000000000000000000000000000000000000000000000000000000000000000000000000000000000000000000000000000000000000000000000000000000000000000000000000000000000000000000000000000000000000000000000000000000000000000000000000000000000000000000000000000000000000000000000000000000000000000000000000000000000000000000000000000000000000000000000000000000000000000000000000000000000000000000000000000000000000000000000000000000000000000000000000000000000000000000000000000000000000000000000000000000000000000000000000000000000000000000000000000000000000000000000000000000000000000000000000000000000000000000000000000000000000000000000000000000000000000000000000000000000000000000000000000000000000000000000000000000000000000000000000000000000000000000000000000000000000000000000000000000000000000000000000000000000000000000000000000000000000000000000000000000000000000000000000000000000000
02-04 01:19:53.096   576   576 D FileSystemUtils: Punching hole in file - start: 9003008 len:8192
02-04 01:19:53.096   576   576 D FileSystemUtils: punchHolesInApk:: Size after punching holes st_blocks: 399624, st_blksize: 4096, st_size: 204651447
02-04 01:19:53.096   576   576 D FileSystemUtils: Total number of LOAD segments 3
02-04 01:19:53.096   576   576 D FileSystemUtils: Size before punching holes st_blocks: 399624, st_blksize: 4096, st_size: 204651447
02-04 01:19:53.096   576   576 D FileSystemUtils: Size after punching holes st_blocks: 399624, st_blksize: 4096, st_size: 204651447
02-04 01:19:53.096   576   576 D FileSystemUtils: Extra field length: 16310,  Size before punching holes st_blocks: 399624, st_blksize: 4096, st_size: 204651447
02-04 01:19:53.096   576   576 D FileSystemUtils: Extra field length: 16310 content near offset: 35d9b23f00400000000000000000000000000000000000000000000000000000000000000000000000000000000000000000000000000000000000000000000000000000000000000000000000000000000000000000000000000000000000000000000000000000000000000000000000000000000000000000000000000000000000000000000000000000000000000000000000000000000000000000000000000000000000000000000000000000000000000000000000000000000000000000000000000000000000000000000000000000000000000000000000000000000000000000000000000000000000000000000000000000000000000000000000000000000000000000000000000000000000000000000000000000000000000000000000000000000000000000000000000000000000000000000000000000000000000000000000000000000000000000000000000000000000000000000000000000000000000000000000000000000000000000000000000000000000000000000000000000000000000000000000000000000000000000000000000000000000000000000000000000000000000000000000000000000000000000000000000000000000000000000000000000000000000000000000000000000000000000000000000000
02-04 01:19:53.096   576   576 D FileSystemUtils: Punching hole in file - start: 8982528 len:12288
02-04 01:19:53.096   576   576 D FileSystemUtils: punchHolesInApk:: Size after punching holes st_blocks: 399600, st_blksize: 4096, st_size: 204651447
02-04 01:19:53.097   576   576 V Configuration: Updating configuration, locales updated from [] to [en_US]
02-04 01:19:53.097   576   576 I system_server: AssetManager2(0x71e5355f2838) locale list changing from [] to [en-US]
02-04 01:19:53.097   576   576 I PackageManager: /data/app/~~lhI8qADJdNhOYd4JfCCqvw==/com.google.android.trichromelibrary_694313738-inpq1HerlPQpQN6jt9snuQ== changed; collecting certs
02-04 01:19:53.529   529   529 W ServiceManagerCppClient: Waited one second for activity (is service started? Number of threads started in the threadpool: 16. Are binder threads started and available?)
02-04 01:19:53.534   222   731 W libc    : Unable to set property "ctl.interface_start" to "aidl/activity": PROP_ERROR_HANDLE_CONTROL_MESSAGE (0x20)
02-04 01:19:53.581   576   576 I PackageManager: Update system package com.google.android.trichromelibrary_694313738 code path from /product/app/TrichromeLibrary-Stub to /data/app/~~lhI8qADJdNhOYd4JfCCqvw==/com.google.android.trichromelibrary_694313738-inpq1HerlPQpQN6jt9snuQ==; Retain data and using new
02-04 01:19:53.815   576   576 D FileSystemUtils: Total number of LOAD segments 3
02-04 01:19:53.815   576   576 D FileSystemUtils: Size before punching holes st_blocks: 83952, st_blksize: 4096, st_size: 42975630
02-04 01:19:53.815   576   576 D FileSystemUtils: Punching holes for length:10480 content which should be zero: 0000000000000000000000000000000000000000000000000000000000000000000000000000000000000000000000000000000000000000000000000000000000000000000000000000000000000000000000000000000000000000000000000000000000000000000000000000000000000000000000000000000000000000000000000000000000000000000000000000000000000000000000000000000000000000000000000000000000000000000000000000000000000000000000000000000000000000000000000000000000000000000000000000000000000000000000000000000000000000000000000000000000000000000000000000000000000000000000000000000000000000000000000000000000000000000000000000000000000000000000000000000000000000000000000000000000000000000000000000000000000000000000000000000000000000000000000000000000000000000000000000000000000000000000000000000000000000000000000000000000000000000000000000000000000000000000000000000000000000000000000000000000000000000000000000000000000000000000000000000000000000000000000000000000000000000000000000000000000000000000000
02-04 01:19:53.815   576   576 D FileSystemUtils: Punching hole in file - start: 14016512 len:8192
02-04 01:19:53.815   576   576 D FileSystemUtils: Size after punching holes st_blocks: 83936, st_blksize: 4096, st_size: 42975630
02-04 01:19:53.815   576   576 D FileSystemUtils: Extra field length: 2705,  Size before punching holes st_blocks: 83936, st_blksize: 4096, st_size: 42975630
02-04 01:19:53.815   576   576 D FileSystemUtils: Skipping punching apk as extra field length is less than block size
02-04 01:19:53.815   576   576 W NativeLibraryHelper: Failed to punch apk : /data/app/~~VlPnBvd9JWxw-BnwmWPwNQ==/com.android.chrome-LH9UnPqRfJQKgD1S3rJHjA==/Chrome.apk at extra field
02-04 01:19:53.815   576   576 D FileSystemUtils: Total number of LOAD segments 2
02-04 01:19:53.815   576   576 D FileSystemUtils: Size before punching holes st_blocks: 83936, st_blksize: 4096, st_size: 42975630
02-04 01:19:53.815   576   576 D FileSystemUtils: Size after punching holes st_blocks: 83936, st_blksize: 4096, st_size: 42975630
02-04 01:19:53.815   576   576 D FileSystemUtils: Extra field length: 12419,  Size before punching holes st_blocks: 83936, st_blksize: 4096, st_size: 42975630
02-04 01:19:53.815   576   576 D FileSystemUtils: Extra field length: 12419 content near offset: 35d97f3000400000000000000000000000000000000000000000000000000000000000000000000000000000000000000000000000000000000000000000000000000000000000000000000000000000000000000000000000000000000000000000000000000000000000000000000000000000000000000000000000000000000000000000000000000000000000000000000000000000000000000000000000000000000000000000000000000000000000000000000000000000000000000000000000000000000000000000000000000000000000000000000000000000000000000000000000000000000000000000000000000000000000000000000000000000000000000000000000000000000000000000000000000000000000000000000000000000000000000000000000000000000000000000000000000000000000000000000000000000000000000000000000000000000000000000000000000000000000000000000000000000000000000000000000000000000000000000000000000000000000000000000000000000000000000000000000000000000000000000000000000000000000000000000000000000000000000000000000000000000000000000000000000000000000000000000000000000000000000000000000000000
02-04 01:19:53.815   576   576 D FileSystemUtils: Punching hole in file - start: 14192640 len:12288
02-04 01:19:53.815   576   576 D FileSystemUtils: punchHolesInApk:: Size after punching holes st_blocks: 83912, st_blksize: 4096, st_size: 42975630
02-04 01:19:53.815   576   576 D FileSystemUtils: Total number of LOAD segments 3
02-04 01:19:53.815   576   576 D FileSystemUtils: Size before punching holes st_blocks: 83912, st_blksize: 4096, st_size: 42975630
02-04 01:19:53.815   576   576 D FileSystemUtils: Size after punching holes st_blocks: 83912, st_blksize: 4096, st_size: 42975630
02-04 01:19:53.815   576   576 D FileSystemUtils: Extra field length: 16314,  Size before punching holes st_blocks: 83912, st_blksize: 4096, st_size: 42975630
02-04 01:19:53.815   576   576 D FileSystemUtils: Extra field length: 16314 content near offset: 35d9b63f00400000000000000000000000000000000000000000000000000000000000000000000000000000000000000000000000000000000000000000000000000000000000000000000000000000000000000000000000000000000000000000000000000000000000000000000000000000000000000000000000000000000000000000000000000000000000000000000000000000000000000000000000000000000000000000000000000000000000000000000000000000000000000000000000000000000000000000000000000000000000000000000000000000000000000000000000000000000000000000000000000000000000000000000000000000000000000000000000000000000000000000000000000000000000000000000000000000000000000000000000000000000000000000000000000000000000000000000000000000000000000000000000000000000000000000000000000000000000000000000000000000000000000000000000000000000000000000000000000000000000000000000000000000000000000000000000000000000000000000000000000000000000000000000000000000000000000000000000000000000000000000000000000000000000000000000000000000000000000000000000000000
02-04 01:19:53.815   576   576 D FileSystemUtils: Punching hole in file - start: 11227136 len:12288
02-04 01:19:53.815   576   576 D FileSystemUtils: punchHolesInApk:: Size after punching holes st_blocks: 83888, st_blksize: 4096, st_size: 42975630
02-04 01:19:53.815   576   576 D FileSystemUtils: Total number of LOAD segments 2
02-04 01:19:53.815   576   576 D FileSystemUtils: Size before punching holes st_blocks: 83888, st_blksize: 4096, st_size: 42975630
02-04 01:19:53.815   576   576 D FileSystemUtils: Size after punching holes st_blocks: 83888, st_blksize: 4096, st_size: 42975630
02-04 01:19:53.815   576   576 D FileSystemUtils: Extra field length: 12631,  Size before punching holes st_blocks: 83888, st_blksize: 4096, st_size: 42975630
02-04 01:19:53.815   576   576 D FileSystemUtils: Extra field length: 12631 content near offset: 35d9533100400000000000000000000000000000000000000000000000000000000000000000000000000000000000000000000000000000000000000000000000000000000000000000000000000000000000000000000000000000000000000000000000000000000000000000000000000000000000000000000000000000000000000000000000000000000000000000000000000000000000000000000000000000000000000000000000000000000000000000000000000000000000000000000000000000000000000000000000000000000000000000000000000000000000000000000000000000000000000000000000000000000000000000000000000000000000000000000000000000000000000000000000000000000000000000000000000000000000000000000000000000000000000000000000000000000000000000000000000000000000000000000000000000000000000000000000000000000000000000000000000000000000000000000000000000000000000000000000000000000000000000000000000000000000000000000000000000000000000000000000000000000000000000000000000000000000000000000000000000000000000000000000000000000000000000000000000000000000000000000000000000
02-04 01:19:53.815   576   576 D FileSystemUtils: Punching hole in file - start: 14209024 len:12288
02-04 01:19:53.815   576   576 D FileSystemUtils: punchHolesInApk:: Size after punching holes st_blocks: 83872, st_blksize: 4096, st_size: 42975630
02-04 01:19:53.817   576   576 V Configuration: Updating configuration, locales updated from [] to [en_US]
02-04 01:19:53.817   576   576 I system_server: AssetManager2(0x71e5355f3af8) locale list changing from [] to [en-US]
02-04 01:19:53.819   576   576 I PackageManager: /data/app/~~VlPnBvd9JWxw-BnwmWPwNQ==/com.android.chrome-LH9UnPqRfJQKgD1S3rJHjA== changed; collecting certs
02-04 01:19:53.919   576   576 I PackageManager: Update system package com.android.chrome code path from /product/app/Chrome-Stub to /data/app/~~VlPnBvd9JWxw-BnwmWPwNQ==/com.android.chrome-LH9UnPqRfJQKgD1S3rJHjA==; Retain data and using new
02-04 01:19:54.533   529   529 W ServiceManagerCppClient: Waited one second for activity (is service started? Number of threads started in the threadpool: 16. Are binder threads started and available?)
02-04 01:19:54.538   222   732 W libc    : Unable to set property "ctl.interface_start" to "aidl/activity": PROP_ERROR_HANDLE_CONTROL_MESSAGE (0x20)
02-04 01:19:54.848   576   576 W FileSystemUtils: Provided file is not ELF64
02-04 01:19:54.848   576   576 E FileSystemUtils: Failed to read program headers from 64 bit ELF file.
02-04 01:19:54.848   576   576 W NativeLibraryHelper: Failed to punch uncompressed elf file :libplaceholder.so inside apk : /data/app/~~X613K2L1On0ed5PQBaURNQ==/com.google.android.webview-rwQMxiQUbEwyct2B9354aQ==/WebViewGoogle.apk at offset: 125763584
02-04 01:19:54.848   576   576 D FileSystemUtils: Extra field length: 6594,  Size before punching holes st_blocks: 247096, st_blksize: 4096, st_size: 126506364
02-04 01:19:54.848   576   576 D FileSystemUtils: Extra field length: 6594 content near offset: 35d9be19004000000000000000000000000000000000000000000000000000000000000000000000000000000000000000000000000000000000000000000000000000000000000000000000000000000000000000000000000000000000000000000000000000000000000000000000000000000000000000000000000000000000000000000000000000000000000000000000000000000000000000000000000000000000000000000000000000000000000000000000000000000000000000000000000000000000000000000000000000000000000000000000000000000000000000000000000000000000000000000000000000000000000000000000000000000000000000000000000000000000000000000000000000000000000000000000000000000000000000000000000000000000000000000000000000000000000000000000000000000000000000000000000000000000000000000000000000000000000000000000000000000000000000000000000000000000000000000000000000000000000000000000000000000000000000000000000000000000000000000000000000000000000000000000000000000000000000000000000000000000000000000000000000000000000000000000000000000000000000000000000000000
02-04 01:19:54.848   576   576 D FileSystemUtils: Punching hole in file - start: 125759488 len:4096
02-04 01:19:54.848   576   576 D FileSystemUtils: punchHolesInApk:: Size after punching holes st_blocks: 247088, st_blksize: 4096, st_size: 126506364
02-04 01:19:54.848   576   576 V Configuration: Updating configuration, locales updated from [] to [en_US]
02-04 01:19:54.848   576   576 I system_server: AssetManager2(0x71e5355f3af8) locale list changing from [] to [en-US]
02-04 01:19:54.850   576   576 I PackageManager: /data/app/~~X613K2L1On0ed5PQBaURNQ==/com.google.android.webview-rwQMxiQUbEwyct2B9354aQ== changed; collecting certs
02-04 01:19:55.150   576   576 I PackageManager: Update system package com.google.android.webview code path from /product/app/WebViewGoogle-Stub to /data/app/~~X613K2L1On0ed5PQBaURNQ==/com.google.android.webview-rwQMxiQUbEwyct2B9354aQ==; Retain data and using new
02-04 01:19:55.151   576   576 I PackageManager: Finished scanning non-system apps. Time: 3490 ms, packageCount: 0 , timePerPackage: 0 , cached: 0
02-04 01:19:55.153   576   576 I PackageManager: Time to scan packages: 4.51 seconds
02-04 01:19:55.167   576   576 W AppIdPermissionPolicy: Ignoring permission com.google.android.gtalkservice.permission.GTALK_SERVICE declared in system package com.google.android.gsf: already declared in another system package com.google.android.gms
02-04 01:19:55.167   576   576 W AppIdPermissionPolicy: Ignoring permission com.google.android.c2dm.permission.SEND declared in system package com.google.android.gsf: already declared in another system package com.google.android.gms
02-04 01:19:55.167   576   576 W AppIdPermissionPolicy: Ignoring permission com.google.android.c2dm.permission.RECEIVE declared in system package com.google.android.gsf: already declared in another system package com.google.android.gms
02-04 01:19:55.167   576   576 W AppIdPermissionPolicy: Ignoring permission com.android.vending.INTENT_VENDING_ONLY declared in system package com.google.android.gsf: already declared in another system package com.google.android.gms
02-04 01:19:55.167   576   576 W AppIdPermissionPolicy: Ignoring permission com.google.android.providers.settings.permission.WRITE_GSETTINGS declared in system package com.google.android.gsf: already declared in another system package com.google.android.gms
02-04 01:19:55.167   576   576 W AppIdPermissionPolicy: Ignoring permission com.google.android.providers.gsf.permission.READ_GSERVICES declared in system package com.google.android.gsf: already declared in another system package com.google.android.gms
02-04 01:19:55.167   576   576 W AppIdPermissionPolicy: Ignoring permission com.google.android.providers.gsf.permission.WRITE_GSERVICES declared in system package com.google.android.gsf: already declared in another system package com.google.android.gms
02-04 01:19:55.167   576   576 W AppIdPermissionPolicy: Ignoring permission com.google.android.apps.wallpaper.DYNAMIC_RECEIVER_NOT_EXPORTED_PERMISSION declared in system package com.android.wallpaper: already declared in another system package com.google.android.apps.wallpaper
02-04 01:19:55.221   576   576 W PackageSettings: No component com.google.android.apps.plus/.editor.PlusEditorActivity found setting preferred Intent { act=android.intent.action.EDIT typ=image/bmp }; possible matches are com.google.android.apps.photos/.editor.intents.EditActivity, com.google.android.markup/.AnnotateActivity
02-04 01:19:55.221   576   576 W PackageSettings: No component com.google.android.apps.plus/.editor.PlusEditorActivity found setting preferred Intent { act=android.intent.action.EDIT typ=image/jpeg }; possible matches are com.google.android.apps.photos/.editor.intents.EditActivity, com.google.android.markup/.AnnotateActivity
02-04 01:19:55.221   576   576 W PackageSettings: No component com.google.android.apps.plus/.editor.PlusEditorActivity found setting preferred Intent { act=android.intent.action.EDIT typ=image/gif }; possible matches are com.google.android.apps.photos/.editor.intents.EditActivity, com.google.android.markup/.AnnotateActivity
02-04 01:19:55.221   576   576 W PackageSettings: No component com.google.android.apps.plus/.editor.PlusEditorActivity found setting preferred Intent { act=android.intent.action.EDIT typ=image/png }; possible matches are com.google.android.apps.photos/.editor.intents.EditActivity, com.google.android.markup/.AnnotateActivity
02-04 01:19:55.221   576   576 W PackageSettings: No component com.google.android.apps.plus/.editor.PlusEditorActivity found setting preferred Intent { act=android.intent.action.EDIT typ=image/webp }; possible matches are com.google.android.apps.photos/.editor.intents.EditActivity, com.google.android.markup/.AnnotateActivity
02-04 01:19:55.221   576   576 W PackageSettings: No component com.google.android.apps.plus/.editor.PlusEditorActivity found setting preferred Intent { act=android.intent.action.EDIT typ=image/x-ms-bmp }; possible matches are com.google.android.apps.photos/.editor.intents.EditActivity, com.google.android.markup/.AnnotateActivity
02-04 01:19:55.221   576   576 W PackageSettings: No component com.google.android.apps.plus/.editor.PlusEditorActivity found setting preferred Intent { act=android.intent.action.EDIT typ=image/vnd.wap.wbmp }; possible matches are com.google.android.apps.photos/.editor.intents.EditActivity, com.google.android.markup/.AnnotateActivity
02-04 01:19:55.221   576   576 W PackageSettings: No component com.google.android.apps.plus/.editor.PlusCropActivity found setting preferred Intent { act=com.android.camera.action.CROP typ=image/bmp }; possible matches are com.google.android.apps.photos/.editor.intents.EditActivity
02-04 01:19:55.222   576   576 W PackageSettings: No component com.google.android.apps.plus/.editor.PlusCropActivity found setting preferred Intent { act=com.android.camera.action.CROP typ=image/jpeg }; possible matches are com.google.android.apps.photos/.editor.intents.EditActivity
02-04 01:19:55.222   576   576 W PackageSettings: No component com.google.android.apps.plus/.editor.PlusCropActivity found setting preferred Intent { act=com.android.camera.action.CROP typ=image/gif }; possible matches are com.google.android.apps.photos/.editor.intents.EditActivity
02-04 01:19:55.222   576   576 W PackageSettings: No component com.google.android.apps.plus/.editor.PlusCropActivity found setting preferred Intent { act=com.android.camera.action.CROP typ=image/png }; possible matches are com.google.android.apps.photos/.editor.intents.EditActivity
02-04 01:19:55.222   576   576 W PackageSettings: No component com.google.android.apps.plus/.editor.PlusCropActivity found setting preferred Intent { act=com.android.camera.action.CROP typ=image/webp }; possible matches are com.google.android.apps.photos/.editor.intents.EditActivity
02-04 01:19:55.222   576   576 W PackageSettings: No component com.google.android.apps.plus/.editor.PlusCropActivity found setting preferred Intent { act=com.android.camera.action.CROP typ=image/x-ms-bmp }; possible matches are com.google.android.apps.photos/.editor.intents.EditActivity
02-04 01:19:55.222   576   576 W PackageSettings: No component com.google.android.apps.plus/.editor.PlusCropActivity found setting preferred Intent { act=com.android.camera.action.CROP typ=image/vnd.wap.wbmp }; possible matches are com.google.android.apps.photos/.editor.intents.EditActivity
02-04 01:19:55.222   576   576 W PackageSettings: No component com.google.android.apps.nbu.files/.gateway.browse.BrowseGatewayHandler found setting preferred Intent { act=android.intent.action.VIEW dat=content:/... }; possible matches are com.google.android.apps.messaging/.ui.conversation.LaunchConversationActivity
02-04 01:19:55.222   576   576 W PackageSettings: No component com.google.android.apps.nbu.files/.gateway.browse.BrowseGatewayHandler found setting preferred Intent { act=android.intent.action.VIEW dat=content:/... typ=vnd.android.document/root }; possible matches are com.google.android.documentsui/com.android.documentsui.files.FilesActivity
02-04 01:19:55.222   576   576 W PackageSettings: No potential matches found for Intent { act=android.intent.action.EDIT typ=application/vnd.openxmlformats-officedocument.spreadsheetml.sheet } while setting preferred com.google.android.apps.docs.editors.sheets/com.google.android.apps.docs.editors.trix.quicksheet.QuickSheetDocumentOpenerActivityAlias
02-04 01:19:55.222   576   576 W PackageSettings: No potential matches found for Intent { act=android.intent.action.EDIT typ=application/vnd.ms-excel.sheet.macroenabled.12 } while setting preferred com.google.android.apps.docs.editors.sheets/com.google.android.apps.docs.editors.trix.quicksheet.QuickSheetDocumentOpenerActivityAlias
02-04 01:19:55.222   576   576 W PackageSettings: No potential matches found for Intent { act=android.intent.action.EDIT typ=application/vnd.ms-excel } while setting preferred com.google.android.apps.docs.editors.sheets/com.google.android.apps.docs.editors.trix.quicksheet.QuickSheetDocumentOpenerActivityAlias
02-04 01:19:55.222   576   576 W PackageSettings: No potential matches found for Intent { act=android.intent.action.EDIT typ=application/vnd.ms-excel.addin.macroenabled.12 } while setting preferred com.google.android.apps.docs.editors.sheets/com.google.android.apps.docs.editors.trix.quicksheet.QuickSheetDocumentOpenerActivityAlias
02-04 01:19:55.222   576   576 W PackageSettings: No potential matches found for Intent { act=android.intent.action.EDIT typ=application/vnd.ms-excel.template.macroenabled.12 } while setting preferred com.google.android.apps.docs.editors.sheets/com.google.android.apps.docs.editors.trix.quicksheet.QuickSheetDocumentOpenerActivityAlias
02-04 01:19:55.222   576   576 W PackageSettings: No potential matches found for Intent { act=android.intent.action.EDIT typ=application/vnd.openxmlformats-officedocument.spreadsheetml.template } while setting preferred com.google.android.apps.docs.editors.sheets/com.google.android.apps.docs.editors.trix.quicksheet.QuickSheetDocumentOpenerActivityAlias
02-04 01:19:55.222   576   576 W PackageSettings: No potential matches found for Intent { act=android.intent.action.EDIT typ=application/x-msexcel } while setting preferred com.google.android.apps.docs.editors.sheets/com.google.android.apps.docs.editors.trix.quicksheet.QuickSheetDocumentOpenerActivityAlias
02-04 01:19:55.222   576   576 W PackageSettings: No potential matches found for Intent { act=android.intent.action.EDIT typ=application/vnd.ms-word } while setting preferred com.google.android.apps.docs.editors.docs/com.google.android.apps.docs.editors.kix.quickword.QuickWordDocumentOpenerActivityAlias
02-04 01:19:55.222   576   576 W PackageSettings: No potential matches found for Intent { act=android.intent.action.EDIT typ=application/vnd.openxmlformats-officedocument.wordprocessingml.document } while setting preferred com.google.android.apps.docs.editors.docs/com.google.android.apps.docs.editors.kix.quickword.QuickWordDocumentOpenerActivityAlias
02-04 01:19:55.222   576   576 W PackageSettings: No potential matches found for Intent { act=android.intent.action.EDIT typ=application/vnd.ms-word.document.macroenabled.12 } while setting preferred com.google.android.apps.docs.editors.docs/com.google.android.apps.docs.editors.kix.quickword.QuickWordDocumentOpenerActivityAlias
02-04 01:19:55.222   576   576 W PackageSettings: No potential matches found for Intent { act=android.intent.action.EDIT typ=application/msword } while setting preferred com.google.android.apps.docs.editors.docs/com.google.android.apps.docs.editors.kix.quickword.QuickWordDocumentOpenerActivityAlias
02-04 01:19:55.222   576   576 W PackageSettings: No potential matches found for Intent { act=android.intent.action.EDIT typ=application/vnd.ms-word.template.macroenabled.12 } while setting preferred com.google.android.apps.docs.editors.docs/com.google.android.apps.docs.editors.kix.quickword.QuickWordDocumentOpenerActivityAlias
