02-04 01:19:55.222   576   576 W PackageSettings: No potential matches found for Intent { act=android.intent.action.EDIT typ=application/vnd.openxmlformats-officedocument.wordprocessingml.template } while setting preferred com.google.android.apps.docs.editors.docs/com.google.android.apps.docs.editors.kix.quickword.QuickWordDocumentOpenerActivityAlias
02-04 01:19:55.222   576   576 W PackageSettings: No potential matches found for Intent { act=android.intent.action.EDIT typ=application/x-msword } while setting preferred com.google.android.apps.docs.editors.docs/com.google.android.apps.docs.editors.kix.quickword.QuickWordDocumentOpenerActivityAlias
02-04 01:19:55.222   576   576 W PackageSettings: No potential matches found for Intent { act=android.intent.action.EDIT typ=application/vnd.openxmlformats-officedocument.presentationml.presentation } while setting preferred com.google.android.apps.docs.editors.slides/com.google.android.apps.docs.editors.kix.quickword.QuickWordDocumentOpenerActivityAlias
02-04 01:19:55.222   576   576 W PackageSettings: No potential matches found for Intent { act=android.intent.action.EDIT typ=application/vnd.ms-powerpoint } while setting preferred com.google.android.apps.docs.editors.slides/com.google.android.apps.docs.editors.kix.quickword.QuickWordDocumentOpenerActivityAlias
02-04 01:19:55.222   576   576 W PackageSettings: No potential matches found for Intent { act=android.intent.action.EDIT typ=application/vnd.openxmlformats-officedocument.presentationml.template } while setting preferred com.google.android.apps.docs.editors.slides/com.google.android.apps.docs.editors.kix.quickword.QuickWordDocumentOpenerActivityAlias
02-04 01:19:55.222   576   576 W PackageSettings: No potential matches found for Intent { act=android.intent.action.EDIT typ=application/vnd.ms-powerpoint.presentation.macroenabled.12 } while setting preferred com.google.android.apps.docs.editors.slides/com.google.android.apps.docs.editors.kix.quickword.QuickWordDocumentOpenerActivityAlias
02-04 01:19:55.222   576   576 W PackageSettings: No potential matches found for Intent { act=android.intent.action.EDIT typ=application/vnd.openxmlformats-officedocument.presentationml.slideshow } while setting preferred com.google.android.apps.docs.editors.slides/com.google.android.apps.docs.editors.kix.quickword.QuickWordDocumentOpenerActivityAlias
02-04 01:19:55.222   576   576 W PackageSettings: No potential matches found for Intent { act=android.intent.action.EDIT typ=application/vnd.ms-powerpoint.slideshow.macroenabled.12 } while setting preferred com.google.android.apps.docs.editors.slides/com.google.android.apps.docs.editors.kix.quickword.QuickWordDocumentOpenerActivityAlias
02-04 01:19:55.222   576   576 W PackageSettings: No potential matches found for Intent { act=android.intent.action.EDIT typ=application/x-mspowerpoint } while setting preferred com.google.android.apps.docs.editors.slides/com.google.android.apps.docs.editors.kix.quickword.QuickWordDocumentOpenerActivityAlias
02-04 01:19:55.222   576   576 V PackageManager: reconcileAppsData for null u0 0x1 migrateAppData=true
02-04 01:19:55.224   596   615 I SELinux : SELinux: Loaded file context from:
02-04 01:19:55.224   596   615 I SELinux : 		/system/etc/selinux/plat_file_contexts
02-04 01:19:55.224   596   615 I SELinux : 		/system_ext/etc/selinux/system_ext_file_contexts
02-04 01:19:55.224   596   615 I SELinux : 		/product/etc/selinux/product_file_contexts
02-04 01:19:55.224   596   615 I SELinux : 		/vendor/etc/selinux/vendor_file_contexts
02-04 01:19:55.224   596   615 I SELinux : 		/odm/etc/selinux/odm_file_contexts
02-04 01:19:55.238   576   576 V PackageManager: reconcileAppsData finished 27 packages
02-04 01:19:55.239   576   576 D PackageManagerTiming: write settings
02-04 01:19:55.239   576   733 D SystemServerTimingAsync: InitThreadPoolExec:prepareAppData
02-04 01:19:55.254   576   576 I SELinux : SELinux: Loaded file context from:
02-04 01:19:55.254   576   576 I SELinux : 		/system/etc/selinux/plat_file_contexts
02-04 01:19:55.254   576   576 I SELinux : 		/system_ext/etc/selinux/system_ext_file_contexts
02-04 01:19:55.254   576   576 I SELinux : 		/product/etc/selinux/product_file_contexts
02-04 01:19:55.254   576   576 I SELinux : 		/vendor/etc/selinux/vendor_file_contexts
02-04 01:19:55.254   576   576 I SELinux : 		/odm/etc/selinux/odm_file_contexts
02-04 01:19:55.260   576   576 I PackageManager: Fix for b/169414761 is applied
02-04 01:19:55.260   576   576 V UserSystemPackageInstaller: Checking that all system packages are whitelisted.
02-04 01:19:55.260   576   576 W UserSystemPackageInstaller: checkWhitelistedSystemPackages(mode=d) has 66 warnings:
02-04 01:19:55.260   576   576 W UserSystemPackageInstaller: com.android.theme.color.amethyst is allowlisted but not present.
02-04 01:19:55.260   576   576 W UserSystemPackageInstaller: com.android.theme.icon.pebble is allowlisted but not present.
02-04 01:19:55.260   576   576 W UserSystemPackageInstaller: com.android.internal.systemui.navbar.gestural_wide_back is allowlisted but not present.
02-04 01:19:55.260   576   576 W UserSystemPackageInstaller: com.android.theme.color.sand is allowlisted but not present.
02-04 01:19:55.260   576   576 W UserSystemPackageInstaller: com.android.theme.icon.vessel is allowlisted but not present.
02-04 01:19:55.260   576   576 W UserSystemPackageInstaller: com.android.theme.color.cinnamon is allowlisted but not present.
02-04 01:19:55.260   576   576 W UserSystemPackageInstaller: com.android.theme.icon_pack.victor.settings is allowlisted but not present.
02-04 01:19:55.260   576   576 W UserSystemPackageInstaller: com.android.theme.icon_pack.rounded.systemui is allowlisted but not present.
02-04 01:19:55.260   576   576 W UserSystemPackageInstaller: com.android.theme.icon.taperedrect is allowlisted but not present.
02-04 01:19:55.260   576   576 W UserSystemPackageInstaller: com.android.documentsui is allowlisted but not present.
02-04 01:19:55.260   576   576 W UserSystemPackageInstaller: com.android.quicksearchbox is allowlisted but not present.
02-04 01:19:55.260   576   576 W UserSystemPackageInstaller: com.android.messaging is allowlisted but not present.
02-04 01:19:55.260   576   576 W UserSystemPackageInstaller: com.android.theme.icon_pack.rounded.android is allowlisted but not present.
02-04 01:19:55.260   576   576 W UserSystemPackageInstaller: com.android.internal.systemui.onehanded.gestural is allowlisted but not present.
02-04 01:19:55.260   576   576 W UserSystemPackageInstaller: com.android.multiuser is allowlisted but not present.
02-04 01:19:55.260   576   576 W UserSystemPackageInstaller: com.android.theme.icon_pack.victor.systemui is allowlisted but not present.
02-04 01:19:55.260   576   576 W UserSystemPackageInstaller: com.android.theme.icon_pack.circular.themepicker is allowlisted but not present.
02-04 01:19:55.260   576   576 W UserSystemPackageInstaller: com.android.avatarpicker is allowlisted but not present.
02-04 01:19:55.260   576   576 W UserSystemPackageInstaller: com.android.theme.color.tangerine is allowlisted but not present.
02-04 01:19:55.260   576   576 W UserSystemPackageInstaller: com.android.theme.color.aquamarine is allowlisted but not present.
02-04 01:19:55.260   576   576 W UserSystemPackageInstaller: com.android.theme.color.black is allowlisted but not present.
02-04 01:19:55.260   576   576 W UserSystemPackageInstaller: com.android.theme.color.green is allowlisted but not present.
02-04 01:19:55.260   576   576 W UserSystemPackageInstaller: com.android.theme.color.ocean is allowlisted but not present.
02-04 01:19:55.260   576   576 W UserSystemPackageInstaller: com.android.theme.color.space is allowlisted but not present.
02-04 01:19:55.260   576   576 W UserSystemPackageInstaller: com.android.contacts is allowlisted but not present.
02-04 01:19:55.260   576   576 W UserSystemPackageInstaller: com.android.theme.icon_pack.rounded.launcher is allowlisted but not present.
02-04 01:19:55.260   576   576 W UserSystemPackageInstaller: com.android.theme.icon_pack.kai.settings is allowlisted but not present.
02-04 01:19:55.260   576   576 W UserSystemPackageInstaller: com.android.theme.icon_pack.sam.settings is allowlisted but not present.
02-04 01:19:55.260   576   576 W UserSystemPackageInstaller: com.android.calendar is allowlisted but not present.
02-04 01:19:55.260   576   576 W UserSystemPackageInstaller: com.android.internal.systemui.navbar.gestural_extra_wide_back is allowlisted but not present.
02-04 01:19:55.260   576   576 W UserSystemPackageInstaller: com.android.theme.icon_pack.kai.themepicker is allowlisted but not present.
02-04 01:19:55.260   576   576 W UserSystemPackageInstaller: com.android.theme.icon_pack.victor.launcher is allowlisted but not present.
02-04 01:19:55.260   576   576 W UserSystemPackageInstaller: com.android.theme.icon_pack.filled.settings is allowlisted but not present.
02-04 01:19:55.260   576   576 W UserSystemPackageInstaller: com.android.theme.icon_pack.kai.systemui is allowlisted but not present.
02-04 01:19:55.260   576   576 W UserSystemPackageInstaller: com.android.theme.icon_pack.circular.settings is allowlisted but not present.
02-04 01:19:55.260   576   576 W UserSystemPackageInstaller: com.android.privatespace is allowlisted but not present.
02-04 01:19:55.260   576   576 W UserSystemPackageInstaller: com.android.theme.icon_pack.sam.systemui is allowlisted but not present.
02-04 01:19:55.260   576   576 W UserSystemPackageInstaller: com.android.theme.icon.teardrop is allowlisted but not present.
02-04 01:19:55.260   576   576 W UserSystemPackageInstaller: com.android.theme.icon_pack.rounded.themepicker is allowlisted but not present.
02-04 01:19:55.260   576   576 W UserSystemPackageInstaller: com.android.dialer is allowlisted but not present.
02-04 01:19:55.260   576   576 W UserSystemPackageInstaller: com.android.gallery3d is allowlisted but not present.
02-04 01:19:55.260   576   576 W UserSystemPackageInstaller: com.android.theme.icon_pack.filled.systemui is allowlisted but not present.
02-04 01:19:55.260   576   576 W UserSystemPackageInstaller: com.android.theme.icon_pack.sam.android is allowlisted but not present.
02-04 01:19:55.260   576   576 W UserSystemPackageInstaller: com.android.theme.icon_pack.filled.android is allowlisted but not present.
02-04 01:19:55.260   576   576 W UserSystemPackageInstaller: com.android.theme.icon_pack.circular.systemui is allowlisted but not present.
02-04 01:19:55.260   576   576 W UserSystemPackageInstaller: com.android.inputmethod.latin is allowlisted but not present.
02-04 01:19:55.260   576   576 W UserSystemPackageInstaller: com.android.theme.icon_pack.kai.android is allowlisted but not present.
02-04 01:19:55.260   576   576 W UserSystemPackageInstaller: com.android.theme.icon_pack.kai.launcher is allowlisted but not present.
02-04 01:19:55.260   576   576 W UserSystemPackageInstaller: com.android.theme.icon_pack.sam.launcher is allowlisted but not present.
02-04 01:19:55.260   576   576 W UserSystemPackageInstaller: com.android.theme.icon.squircle is allowlisted but not present.
02-04 01:19:55.260   576   576 W UserSystemPackageInstaller: com.android.theme.icon_pack.victor.android is allowlisted but not present.
02-04 01:19:55.260   576   576 W UserSystemPackageInstaller: com.android.theme.color.palette is allowlisted but not present.
02-04 01:19:55.260   576   576 W UserSystemPackageInstaller: com.android.theme.icon_pack.filled.launcher is allowlisted but not present.
02-04 01:19:55.260   576   576 W UserSystemPackageInstaller: com.android.theme.color.carbon is allowlisted but not present.
02-04 01:19:55.260   576   576 W UserSystemPackageInstaller: com.android.theme.icon_pack.circular.launcher is allowlisted but not present.
02-04 01:19:55.260   576   576 W UserSystemPackageInstaller: com.android.theme.icon_pack.filled.themepicker is allowlisted but not present.
02-04 01:19:55.260   576   576 W UserSystemPackageInstaller: com.android.theme.icon_pack.victor.themepicker is allowlisted but not present.
02-04 01:19:55.260   576   576 W UserSystemPackageInstaller: com.android.theme.color.orchid is allowlisted but not present.
02-04 01:19:55.260   576   576 W UserSystemPackageInstaller: com.android.deskclock is allowlisted but not present.
02-04 01:19:55.260   576   576 W UserSystemPackageInstaller: com.android.theme.color.purple is allowlisted but not present.
02-04 01:19:55.260   576   576 W UserSystemPackageInstaller: com.android.theme.icon_pack.sam.themepicker is allowlisted but not present.
02-04 01:19:55.260   576   576 W UserSystemPackageInstaller: com.android.wallpaperpicker is allowlisted but not present.
02-04 01:19:55.260   576   576 W UserSystemPackageInstaller: com.android.theme.icon.roundedrect is allowlisted but not present.
02-04 01:19:55.260   576   576 W UserSystemPackageInstaller: com.android.internal.systemui.navbar.gestural_narrow_back is allowlisted but not present.
02-04 01:19:55.260   576   576 W UserSystemPackageInstaller: com.android.theme.icon_pack.rounded.settings is allowlisted but not present.
02-04 01:19:55.260   576   576 W UserSystemPackageInstaller: com.android.theme.icon_pack.circular.android is allowlisted but not present.
02-04 01:19:55.260   576   576 I UserSystemPackageInstaller: Reviewing whitelisted packages due to [firstBoot]
02-04 01:19:55.261   576   733 W PackageManager: Skipping preparing app data for com.google.android.tzdata6
02-04 01:19:55.261   576   733 W PackageManager: Skipping preparing app data for com.google.android.ondevicepersonalization
02-04 01:19:55.261   576   733 W PackageManager: Skipping preparing app data for com.android.hardware.authsecret
02-04 01:19:55.261   576   733 W PackageManager: Skipping preparing app data for com.android.hardware.power
02-04 01:19:55.261   576   733 W PackageManager: Skipping preparing app data for com.google.android.media.swcodec
02-04 01:19:55.261   576   733 W PackageManager: Skipping preparing app data for com.google.android.os.statsd
02-04 01:19:55.261   576   733 W PackageManager: Skipping preparing app data for com.google.android.widevine.nonupdatable
02-04 01:19:55.261   576   733 W PackageManager: Skipping preparing app data for com.android.hardware.threadnetwork
02-04 01:19:55.261   576   733 W PackageManager: Skipping preparing app data for com.google.android.extservices
02-04 01:19:55.261   576   733 W PackageManager: Skipping preparing app data for com.android.hardware.rebootescrow
02-04 01:19:55.261   576   733 W PackageManager: Skipping preparing app data for com.google.android.sdksandbox
02-04 01:19:55.261   576   733 W PackageManager: Skipping preparing app data for com.google.android.bt
02-04 01:19:55.261   576   733 W PackageManager: Skipping preparing app data for com.google.android.healthfitness
02-04 01:19:55.261   576   733 W PackageManager: Skipping preparing app data for com.google.android.ipsec
02-04 01:19:55.261   576   733 W PackageManager: Skipping preparing app data for com.google.android.media
02-04 01:19:55.261   576   733 W PackageManager: Skipping preparing app data for com.google.android.uprobestats
02-04 01:19:55.261   576   733 W PackageManager: Skipping preparing app data for com.android.i18n
02-04 01:19:55.261   576   733 W PackageManager: Skipping preparing app data for com.android.virt
02-04 01:19:55.261   576   733 W PackageManager: Skipping preparing app data for com.android.hardware.contexthub
02-04 01:19:55.261   576   733 W PackageManager: Skipping preparing app data for com.google.android.nfcservices
02-04 01:19:55.261   576   733 W PackageManager: Skipping preparing app data for com.android.hardware.dumpstate
02-04 01:19:55.261   576   733 W PackageManager: Skipping preparing app data for com.google.android.appsearch
02-04 01:19:55.261   576   733 W PackageManager: Skipping preparing app data for com.google.android.configinfrastructure
02-04 01:19:55.261   576   733 W PackageManager: Skipping preparing app data for com.android.devicelock
02-04 01:19:55.262   576   733 W PackageManager: Skipping preparing app data for com.google.android.cellbroadcast
02-04 01:19:55.262   576   733 W PackageManager: Skipping preparing app data for com.android.apex.cts.shim
02-04 01:19:55.262   576   733 W PackageManager: Skipping preparing app data for com.android.compos
02-04 01:19:55.262   576   733 W PackageManager: Skipping preparing app data for com.android.hardware.gatekeeper
02-04 01:19:55.262   576   733 W PackageManager: Skipping preparing app data for com.google.android.resolv
02-04 01:19:55.262   576   733 W PackageManager: Skipping preparing app data for com.google.android.sdkext
02-04 01:19:55.262   576   733 W PackageManager: Skipping preparing app data for com.google.android.art
02-04 01:19:55.262   576   733 W PackageManager: Skipping preparing app data for com.google.android.uwb
02-04 01:19:55.262   576   733 W PackageManager: Skipping preparing app data for com.google.android.runtime
02-04 01:19:55.262   576   733 W PackageManager: Skipping preparing app data for com.android.hardware.cas
02-04 01:19:55.262   576   733 W PackageManager: Skipping preparing app data for com.android.hardware.uwb
02-04 01:19:55.262   576   733 W PackageManager: Skipping preparing app data for com.google.android.adservices
02-04 01:19:55.262   576   733 W PackageManager: Skipping preparing app data for com.google.android.crashrecovery
02-04 01:19:55.262   576   733 W PackageManager: Skipping preparing app data for com.google.android.scheduling
02-04 01:19:55.262   576   733 W PackageManager: Skipping preparing app data for com.android.hardware.thermal
02-04 01:19:55.262   576   733 W PackageManager: Skipping preparing app data for com.google.android.mediaprovider
02-04 01:19:55.262   576   733 W PackageManager: Skipping preparing app data for com.android.hardware.neuralnetworks
02-04 01:19:55.262   576   733 W PackageManager: Skipping preparing app data for com.google.android.permission
02-04 01:19:55.262   576   576 I Watchdog: Resuming HandlerChecker: main thread for reason: packagemanagermain. Pause count: 0
02-04 01:19:55.262   576   733 W PackageManager: Skipping preparing app data for com.google.android.profiling
02-04 01:19:55.262   576   576 D SystemServerTiming: DexUseManagerLocal
02-04 01:19:55.262   576   733 W PackageManager: Skipping preparing app data for com.google.android.neuralnetworks
02-04 01:19:55.262   576   733 W PackageManager: Skipping preparing app data for com.google.android.tethering
02-04 01:19:55.262   576   733 W PackageManager: Skipping preparing app data for com.google.android.adbd
02-04 01:19:55.262   576   733 W PackageManager: Skipping preparing app data for com.google.android.rkpd
02-04 01:19:55.262   576   733 W PackageManager: Skipping preparing app data for com.google.android.wifi
02-04 01:19:55.262   576   733 W PackageManager: Skipping preparing app data for com.google.android.conscrypt
02-04 01:19:55.262   576   733 W PackageManager: Skipping preparing app data for com.android.hardware.vibrator
02-04 01:19:55.262   576   576 E ArtService: Failed to load dex use data
02-04 01:19:55.262   576   576 E ArtService: java.io.FileNotFoundException: /data/system/package-dex-usage.pb: open failed: ENOENT (No such file or directory)
02-04 01:19:55.262   576   576 E ArtService: 	at libcore.io.IoBridge.open(IoBridge.java:574)
02-04 01:19:55.262   576   576 E ArtService: 	at java.io.FileInputStream.<init>(FileInputStream.java:179)
02-04 01:19:55.262   576   576 E ArtService: 	at java.io.FileInputStream.<init>(FileInputStream.java:133)
02-04 01:19:55.262   576   576 E ArtService: 	at com.android.server.art.DexUseManagerLocal.load(DexUseManagerLocal.java:748)
02-04 01:19:55.262   576   576 E ArtService: 	at com.android.server.art.DexUseManagerLocal.<init>(DexUseManagerLocal.java:185)
02-04 01:19:55.262   576   576 E ArtService: 	at com.android.server.art.DexUseManagerLocal.<init>(DexUseManagerLocal.java:177)
02-04 01:19:55.262   576   576 E ArtService: 	at com.android.server.art.DexUseManagerLocal.createInstance(DexUseManagerLocal.java:171)
02-04 01:19:55.262   576   576 E ArtService: 	at com.android.server.SystemServer.startBootstrapServices(SystemServer.java:1343)
02-04 01:19:55.262   576   576 E ArtService: 	at com.android.server.SystemServer.run(SystemServer.java:986)
02-04 01:19:55.262   576   576 E ArtService: 	at com.android.server.SystemServer.main(SystemServer.java:689)
02-04 01:19:55.262   576   576 E ArtService: 	at java.lang.reflect.Method.invoke(Native Method)
02-04 01:19:55.262   576   576 E ArtService: 	at com.android.internal.os.RuntimeInit$MethodAndArgsCaller.run(RuntimeInit.java:593)
02-04 01:19:55.262   576   576 E ArtService: 	at com.android.internal.os.ZygoteInit.main(ZygoteInit.java:910)
02-04 01:19:55.262   576   576 E ArtService: Caused by: android.system.ErrnoException: open failed: ENOENT (No such file or directory)
02-04 01:19:55.262   576   576 E ArtService: 	at libcore.io.Linux.open(Native Method)
02-04 01:19:55.262   576   576 E ArtService: 	at libcore.io.ForwardingOs.open(ForwardingOs.java:568)
02-04 01:19:55.262   576   576 E ArtService: 	at libcore.io.BlockGuardOs.open(BlockGuardOs.java:274)
02-04 01:19:55.262   576   576 E ArtService: 	at libcore.io.IoBridge.open(IoBridge.java:560)
02-04 01:19:55.262   576   576 E ArtService: 	... 12 more
02-04 01:19:55.262   576   576 D SystemServerTiming: StartOtaDexOptService
02-04 01:19:55.262   576   576 I Watchdog: Pausing HandlerChecker: main thread for reason: moveab. Pause count: 1
02-04 01:19:55.262   576   576 D OTADexopt: No upgrade, skipping A/B artifacts check.
02-04 01:19:55.262   576   576 I Watchdog: Resuming HandlerChecker: main thread for reason: moveab. Pause count: 0
02-04 01:19:55.262   576   576 D SystemServerTiming: StartUserManagerService
02-04 01:19:55.262   576   576 I SystemServiceManager: Starting com.android.server.pm.UserManagerService$LifeCycle
02-04 01:19:55.263   576   576 D SystemServerTiming: InitAttributerCache
02-04 01:19:55.263   576   576 D SystemServerTiming: SetSystemProcess
02-04 01:19:55.269   576   576 D ActivityManager: StatsPullAtomService not ready yet
02-04 01:19:55.270   576   699 I ActivityManager: Connection with lmkd established
02-04 01:19:55.270   221   221 I lowmemorykiller: lmkd data connection established
02-04 01:19:55.270   576   576 D ActivityManager: StatsPullAtomService not ready yet
02-04 01:19:55.271   576   576 D SystemServerTiming: InitWatchdog
02-04 01:19:55.271   576   576 D SystemServerTiming: StartOverlayManagerService
02-04 01:19:55.272   222   737 W libc    : Unable to set property "ctl.interface_start" to "aidl/sensor_privacy": PROP_ERROR_HANDLE_CONTROL_MESSAGE (0x20)
02-04 01:19:55.272   576   576 I OverlayManager: Updating overlays for starting user 0
02-04 01:19:55.273   593   594 W idmap2d : failed to parse idmap header of '/data/resource-cache/product@overlay@DisplayCutoutEmulationCorner@DisplayCutoutEmulationCornerOverlay.apk@idmap'
02-04 01:19:55.277   593   594 W idmap2d : failed to find resource 'string/display_cutout_emulation_overlay'
02-04 01:19:55.278   593   594 W idmap2d : failed to parse idmap header of '/data/resource-cache/product@overlay@DisplayCutoutEmulationDouble@DisplayCutoutEmulationDoubleOverlay.apk@idmap'
02-04 01:19:55.279   593   594 W idmap2d : failed to find resource 'string/display_cutout_emulation_overlay'
02-04 01:19:55.280   593   594 W idmap2d : failed to parse idmap header of '/data/resource-cache/product@overlay@ManagedProvisioning__sdk_gphone64_x86_64__auto_generated_rro_product.apk@idmap'
02-04 01:19:55.281   593   594 W idmap2d : failed to find resource 'array/vendor_required_apps_managed_device'
02-04 01:19:55.282   593   594 W idmap2d : failed to find resource 'array/vendor_required_apps_managed_profile'
02-04 01:19:55.282   593   594 W idmap2d : failed to find resource 'array/vendor_required_apps_managed_user'
02-04 01:19:55.282   593   594 E idmap2d : no resources were overlaid
02-04 01:19:55.283   593   594 W idmap2d : failed to parse idmap header of '/data/resource-cache/vendor@overlay@CarrierConfig__sdk_gphone64_x86_64__auto_generated_rro_vendor.apk@idmap'
02-04 01:19:55.284   593   593 W idmap2d : failed to parse idmap header of '/data/resource-cache/product@overlay@SystemUIEmulationPixel3XL@SystemUIEmulationPixel3XLOverlay.apk@idmap'
02-04 01:19:55.288   593   740 W idmap2d : failed to find resource 'dimen/multi_user_switch_keyguard_margin'
02-04 01:19:55.289   593   740 W idmap2d : failed to find resource 'dimen/physical_volume_down_button_center_screen_location_y'
02-04 01:19:55.290   593   740 W idmap2d : failed to find resource 'dimen/physical_volume_up_button_center_screen_location_y'
02-04 01:19:55.291   593   740 W idmap2d : failed to find resource 'dimen/system_icons_super_container_avatarless_margin_end'
02-04 01:19:55.291   593   740 W idmap2d : failed to parse idmap header of '/data/resource-cache/product@overlay@SystemUIEmulationPixel4XL@SystemUIEmulationPixel4XLOverlay.apk@idmap'
02-04 01:19:55.292   593   740 W idmap2d : failed to find resource 'dimen/physical_volume_down_button_center_screen_location_y'
02-04 01:19:55.293   593   740 W idmap2d : failed to find resource 'dimen/physical_volume_up_button_center_screen_location_y'
02-04 01:19:55.294   593   740 W idmap2d : failed to parse idmap header of '/data/resource-cache/product@overlay@SystemUIEmulationPixelFold@SystemUIEmulationPixelFoldOverlay.apk@idmap'
02-04 01:19:55.295   593   740 W idmap2d : failed to find resource 'dimen/physical_volume_down_button_center_screen_location_y'
02-04 01:19:55.296   593   740 W idmap2d : failed to find resource 'dimen/physical_volume_up_button_center_screen_location_y'
02-04 01:19:55.296   603   603 W storaged: Thread Pool max thread count is 0. Cannot cache binder as linkToDeath cannot be implemented. serviceName: package_native
02-04 01:19:55.296   603   603 I ServiceManagerCppClient: Waiting for service 'package_native' on '/dev/binder' successful after waiting 5013ms
02-04 01:19:55.297   593   740 W idmap2d : failed to find resource 'dimen/system_icons_keyguard_padding_end'
02-04 01:19:55.298   603   603 W BpBinder: Linking to death on android.hardware.health.IHealth but there are no threads (yet?) listening to incoming transactions. See ProcessState::startThreadPool and ProcessState::setThreadPoolMaxThreadCount. Generally you should setup the binder threadpool before other initialization steps.
02-04 01:19:55.298   593   740 W idmap2d : failed to find resource 'dimen/system_icons_super_container_avatarless_margin_end'
02-04 01:19:55.298   603   741 I storaged: storaged: Start
02-04 01:19:55.299   593   740 W idmap2d : failed to parse idmap header of '/data/resource-cache/product@overlay@TelephonyProvider__emulator__auto_generated_characteristics_rro.apk@idmap'
02-04 01:19:55.299   593   740 E idmap2d : failed to retrieve loaded package at index 0 for '/product/overlay/TelephonyProvider__emulator__auto_generated_characteristics_rro.apk' -> failed to generate resource map for '/product/overlay/TelephonyProvider__emulator__auto_generated_characteristics_rro.apk'
02-04 01:19:55.299   603   603 W storaged: Thread Pool max thread count is 0. Cannot cache binder as linkToDeath cannot be implemented. serviceName: storaged
02-04 01:19:55.299   593   740 W idmap2d : failed to parse idmap header of '/data/resource-cache/product@overlay@SimAppDialog__sdk_gphone64_x86_64__auto_generated_rro_product.apk@idmap'
02-04 01:19:55.299   593   740 W idmap2d : failed to find resource 'drawable/$illo_sim_app_dialog__0'
02-04 01:19:55.299   593   740 W idmap2d : failed to find resource 'drawable/$illo_sim_app_dialog__1'
02-04 01:19:55.300   593   740 W idmap2d : failed to find resource 'drawable/$illo_sim_app_dialog__2'
02-04 01:19:55.300   603   603 W storaged: Thread Pool max thread count is 0. Cannot cache binder as linkToDeath cannot be implemented. serviceName: storaged_pri
02-04 01:19:55.300   593   740 W idmap2d : failed to find resource 'drawable/$illo_sim_app_dialog__3'
02-04 01:19:55.300   593   740 W idmap2d : failed to parse idmap header of '/data/resource-cache/product@overlay@SystemUIGoogle__sdk_gphone64_x86_64__auto_generated_rro_product.apk@idmap'
02-04 01:19:55.302   593   740 W idmap2d : failed to find resource 'drawable/ic_qs_branded_vpn'
02-04 01:19:55.303   593   740 W idmap2d : failed to find resource 'string/branded_monitoring_description_app_personal'
02-04 01:19:55.304   593   740 W idmap2d : failed to find resource 'string/branded_vpn_footer'
02-04 01:19:55.305   593   740 W idmap2d : failed to parse idmap header of '/data/resource-cache/vendor@overlay@EmulatorTalkBackOverlay@EmulatorTalkBackOverlay.apk@idmap'
02-04 01:19:55.305   593   740 W ResourceType: CREATING STRING CACHE OF 48 bytes
02-04 01:19:55.307   593   740 W idmap2d : failed to parse idmap header of '/data/resource-cache/product@overlay@EmulationPixel3aXL@EmulationPixel3aXLOverlay.apk@idmap'
02-04 01:19:55.308   593   740 W idmap2d : failed to parse idmap header of '/data/resource-cache/product@overlay@EmulationPixel6Pro@EmulationPixel6ProOverlay.apk@idmap'
02-04 01:19:55.308   593   740 W idmap2d : failed to parse idmap header of '/data/resource-cache/product@overlay@EmulationPixel7Pro@EmulationPixel7ProOverlay.apk@idmap'
02-04 01:19:55.308   593   740 W idmap2d : failed to parse idmap header of '/data/resource-cache/product@overlay@EmulationPixel8Pro@EmulationPixel8ProOverlay.apk@idmap'
02-04 01:19:55.309   593   740 W idmap2d : failed to parse idmap header of '/data/resource-cache/product@overlay@EmulationPixel9Pro@EmulationPixel9ProOverlay.apk@idmap'
02-04 01:19:55.309   593   593 W idmap2d : failed to parse idmap header of '/data/resource-cache/product@overlay@EmulationPixel3a@EmulationPixel3aOverlay.apk@idmap'
02-04 01:19:55.309   593   740 W idmap2d : failed to parse idmap header of '/data/resource-cache/product@overlay@EmulationPixel4a@EmulationPixel4aOverlay.apk@idmap'
02-04 01:19:55.312   593   740 W idmap2d : failed to find resource 'dimen/quick_qs_total_height'
02-04 01:19:55.312   593   740 W idmap2d : failed to parse idmap header of '/data/resource-cache/product@overlay@EmulationPixel6a@EmulationPixel6aOverlay.apk@idmap'
02-04 01:19:55.313   593   740 W idmap2d : failed to parse idmap header of '/data/resource-cache/product@overlay@EmulationPixel7a@EmulationPixel7aOverlay.apk@idmap'
02-04 01:19:55.313   593   740 W idmap2d : failed to parse idmap header of '/data/resource-cache/product@overlay@EmulationPixel8a@EmulationPixel8aOverlay.apk@idmap'
02-04 01:19:55.313   593   740 W idmap2d : failed to parse idmap header of '/data/resource-cache/product@overlay@EmulationPixel9a@EmulationPixel9aOverlay.apk@idmap'
02-04 01:19:55.314   593   593 W idmap2d : failed to parse idmap header of '/data/resource-cache/product@overlay@DisplayCutoutEmulationHole@DisplayCutoutEmulationHoleOverlay.apk@idmap'
02-04 01:19:55.316   593   593 W idmap2d : failed to find resource 'string/display_cutout_emulation_overlay'
02-04 01:19:55.316   593   593 W idmap2d : failed to parse idmap header of '/data/resource-cache/product@overlay@DisplayCutoutEmulationTall@DisplayCutoutEmulationTallOverlay.apk@idmap'
02-04 01:19:55.318   593   593 W idmap2d : failed to find resource 'string/display_cutout_emulation_overlay'
02-04 01:19:55.318   593   740 W idmap2d : failed to parse idmap header of '/data/resource-cache/product@overlay@NavigationBarMode3Button@NavigationBarMode3ButtonOverlay.apk@idmap'
02-04 01:19:55.319   599   648 I ServiceManagerCppClient: Waiting for service 'package_native' on '/dev/binder' successful after waiting 4916ms
02-04 01:19:55.320   593   593 W idmap2d : failed to find resource 'string/navigation_bar_mode_title'
02-04 01:19:55.321   593   593 W idmap2d : failed to parse idmap header of '/data/resource-cache/vendor@overlay@SystemUIGoogle__sdk_gphone64_x86_64__auto_generated_rro_vendor.apk@idmap'
02-04 01:19:55.323   593   593 W idmap2d : failed to find resource 'bool/config_show4GForLTE'
02-04 01:19:55.323   593   593 W idmap2d : failed to parse idmap header of '/data/resource-cache/product@overlay@NavigationBarMode2Button@NavigationBarMode2ButtonOverlay.apk@idmap'
02-04 01:19:55.325   593   593 W idmap2d : failed to find resource 'string/navigation_bar_mode_title'
02-04 01:19:55.326   593   593 W idmap2d : failed to parse idmap header of '/data/resource-cache/product@overlay@SystemUIEmulationPixel3@SystemUIEmulationPixel3Overlay.apk@idmap'
02-04 01:19:55.328   593   593 W idmap2d : failed to find resource 'dimen/physical_volume_down_button_center_screen_location_y'
02-04 01:19:55.329   593   593 W idmap2d : failed to find resource 'dimen/physical_volume_up_button_center_screen_location_y'
02-04 01:19:55.329   593   593 W idmap2d : failed to parse idmap header of '/data/resource-cache/product@overlay@SystemUIEmulationPixel4@SystemUIEmulationPixel4Overlay.apk@idmap'
02-04 01:19:55.331   593   593 W idmap2d : failed to find resource 'dimen/physical_volume_down_button_center_screen_location_y'
02-04 01:19:55.332   593   593 W idmap2d : failed to find resource 'dimen/physical_volume_up_button_center_screen_location_y'
02-04 01:19:55.332   593   593 W idmap2d : failed to parse idmap header of '/data/resource-cache/product@overlay@SystemUIEmulationPixel5@SystemUIEmulationPixel5Overlay.apk@idmap'
02-04 01:19:55.334   593   593 W idmap2d : failed to find resource 'dimen/multi_user_switch_keyguard_margin'
02-04 01:19:55.335   593   593 W idmap2d : failed to find resource 'dimen/physical_volume_down_button_center_screen_location_y'
02-04 01:19:55.337   593   593 W idmap2d : failed to find resource 'dimen/physical_volume_up_button_center_screen_location_y'
02-04 01:19:55.338   593   593 W idmap2d : failed to find resource 'dimen/system_icons_super_container_avatarless_margin_end'
02-04 01:19:55.339   593   740 W idmap2d : failed to parse idmap header of '/data/resource-cache/product@overlay@SystemUIEmulationPixel6@SystemUIEmulationPixel6Overlay.apk@idmap'
02-04 01:19:55.340   593   740 W idmap2d : failed to find resource 'dimen/physical_volume_down_button_center_screen_location_y'
02-04 01:19:55.341   593   740 W idmap2d : failed to find resource 'dimen/physical_volume_up_button_center_screen_location_y'
02-04 01:19:55.342   593   740 W idmap2d : failed to find resource 'dimen/system_icons_keyguard_padding_end'
02-04 01:19:55.344   593   740 W idmap2d : failed to find resource 'dimen/system_icons_super_container_avatarless_margin_end'
02-04 01:19:55.344   593   593 W idmap2d : failed to parse idmap header of '/data/resource-cache/product@overlay@SystemUIEmulationPixel7@SystemUIEmulationPixel7Overlay.apk@idmap'
02-04 01:19:55.346   593   593 W idmap2d : failed to find resource 'dimen/multi_user_switch_keyguard_margin'
02-04 01:19:55.347   593   593 W idmap2d : failed to find resource 'dimen/physical_volume_down_button_center_screen_location_y'
02-04 01:19:55.348   593   593 W idmap2d : failed to find resource 'dimen/physical_volume_up_button_center_screen_location_y'
02-04 01:19:55.350   593   593 W idmap2d : failed to find resource 'dimen/system_icons_super_container_avatarless_margin_end'
02-04 01:19:55.350   593   593 W idmap2d : failed to parse idmap header of '/data/resource-cache/product@overlay@SystemUIEmulationPixel8@SystemUIEmulationPixel8Overlay.apk@idmap'
02-04 01:19:55.352   593   740 W idmap2d : failed to find resource 'dimen/multi_user_switch_keyguard_margin'
02-04 01:19:55.353   593   740 W idmap2d : failed to find resource 'dimen/physical_volume_down_button_center_screen_location_y'
02-04 01:19:55.354   593   740 W idmap2d : failed to find resource 'dimen/physical_volume_up_button_center_screen_location_y'
02-04 01:19:55.355   593   740 W idmap2d : failed to find resource 'dimen/system_icons_super_container_avatarless_margin_end'
02-04 01:19:55.355   593   740 W idmap2d : failed to parse idmap header of '/data/resource-cache/product@overlay@SystemUIEmulationPixel9@SystemUIEmulationPixel9Overlay.apk@idmap'
02-04 01:19:55.356   593   593 W idmap2d : failed to parse idmap header of '/data/resource-cache/vendor@overlay@goldfish_overlay_connectivity_google.apk@idmap'
02-04 01:19:55.356   593   593 W idmap2d : failed to parse idmap header of '/data/resource-cache/product@overlay@EmulatorTetheringGoogleConfigOverlay.apk@idmap'
02-04 01:19:55.357   593   593 W idmap2d : failed to parse idmap header of '/data/resource-cache/product@overlay@SettingsProvider__sdk_gphone64_x86_64__auto_generated_rro_product.apk@idmap'
02-04 01:19:55.357   593   740 W idmap2d : failed to parse idmap header of '/data/resource-cache/product@overlay@Traceur__sdk_gphone64_x86_64__auto_generated_rro_product.apk@idmap'
02-04 01:19:55.358   593   593 W idmap2d : failed to find resource 'drawable/ic_5g_plus_mobiledata'
02-04 01:19:55.359   593   593 W idmap2d : failed to find resource 'string/data_connection_5g_plus'
02-04 01:19:55.359   593   593 W idmap2d : failed to parse idmap header of '/data/resource-cache/product@overlay@EmulationPixel9ProFold@EmulationPixel9ProFoldOverlay.apk@idmap'
02-04 01:19:55.360   593   740 W idmap2d : failed to parse idmap header of '/data/resource-cache/product@overlay@EmulationPixel3@EmulationPixel3Overlay.apk@idmap'
02-04 01:19:55.360   593   740 W idmap2d : failed to parse idmap header of '/data/resource-cache/product@overlay@EmulationPixel4@EmulationPixel4Overlay.apk@idmap'
02-04 01:19:55.360   593   740 W idmap2d : failed to parse idmap header of '/data/resource-cache/product@overlay@EmulationPixel5@EmulationPixel5Overlay.apk@idmap'
02-04 01:19:55.361   593   740 W idmap2d : failed to parse idmap header of '/data/resource-cache/product@overlay@EmulationPixel6@EmulationPixel6Overlay.apk@idmap'
02-04 01:19:55.364   593   740 W idmap2d : failed to find resource 'dimen/status_bar_height_height_default'
02-04 01:19:55.364   593   593 W idmap2d : failed to parse idmap header of '/data/resource-cache/product@overlay@EmulationPixel7@EmulationPixel7Overlay.apk@idmap'
02-04 01:19:55.365   593   593 W idmap2d : failed to parse idmap header of '/data/resource-cache/product@overlay@EmulationPixel8@EmulationPixel8Overlay.apk@idmap'
02-04 01:19:55.365   593   740 W idmap2d : failed to parse idmap header of '/data/resource-cache/product@overlay@EmulationPixel9@EmulationPixel9Overlay.apk@idmap'
02-04 01:19:55.366   593   740 W idmap2d : failed to parse idmap header of '/data/resource-cache/product@overlay@DisplayCutoutEmulationEmu01@DisplayCutoutEmulationEmu01Overlay.apk@idmap'
02-04 01:19:55.368   593   740 W idmap2d : failed to find resource 'dimen/quick_qs_total_height'
02-04 01:19:55.370   593   740 W idmap2d : failed to find resource 'string/display_cutout_emulation_overlay'
02-04 01:19:55.370   593   740 W idmap2d : failed to parse idmap header of '/data/resource-cache/product@overlay@Telecom__sdk_gphone64_x86_64__auto_generated_rro_product.apk@idmap'
02-04 01:19:55.371   593   593 W idmap2d : failed to parse idmap header of '/data/resource-cache/product@overlay@TeleService__emulator__auto_generated_characteristics_rro.apk@idmap'
02-04 01:19:55.371   593   593 E idmap2d : failed to retrieve loaded package at index 0 for '/product/overlay/TeleService__emulator__auto_generated_characteristics_rro.apk' -> failed to generate resource map for '/product/overlay/TeleService__emulator__auto_generated_characteristics_rro.apk'
02-04 01:19:55.371   593   593 W idmap2d : failed to parse idmap header of '/data/resource-cache/product@overlay@BuiltInPrintService__sdk_gphone64_x86_64__auto_generated_rro_product.apk@idmap'
02-04 01:19:55.372   593   740 W idmap2d : failed to parse idmap header of '/data/resource-cache/product@overlay@GooglePermissionControllerOverlay.apk@idmap'
02-04 01:19:55.374   593   593 W idmap2d : failed to parse idmap header of '/data/resource-cache/product@overlay@FontNotoSerifSource@FontNotoSerifSourceOverlay.apk@idmap'
02-04 01:19:55.377   593   740 W idmap2d : failed to find resource 'string/font_notoserif_source_overlay'
02-04 01:19:55.377   593   740 W idmap2d : failed to parse idmap header of '/data/resource-cache/product@overlay@DisplayCutoutEmulationWaterfall@DisplayCutoutEmulationWaterfallOverlay.apk@idmap'
02-04 01:19:55.379   593   740 W idmap2d : failed to find resource 'string/display_cutout_emulation_overlay'
02-04 01:19:55.379   593   740 W idmap2d : failed to parse idmap header of '/data/resource-cache/product@overlay@TransparentNavigationBar@TransparentNavigationBarOverlay.apk@idmap'
02-04 01:19:55.381   593   740 W idmap2d : failed to find resource 'string/transparent_navigation_bar_title'
02-04 01:19:55.381   593   740 W idmap2d : failed to parse idmap header of '/data/resource-cache/product@overlay@ContactsProvider__sdk_gphone64_x86_64__auto_generated_rro_product.apk@idmap'
02-04 01:19:55.381   593   593 W idmap2d : failed to parse idmap header of '/data/resource-cache/product@overlay@SystemUIEmulationPixel3aXL@SystemUIEmulationPixel3aXLOverlay.apk@idmap'
02-04 01:19:55.384   593   740 W idmap2d : failed to find resource 'dimen/physical_volume_down_button_center_screen_location_y'
02-04 01:19:55.385   593   740 W idmap2d : failed to find resource 'dimen/physical_volume_up_button_center_screen_location_y'
02-04 01:19:55.386   593   740 W idmap2d : failed to find resource 'dimen/status_bar_height_portrait'
02-04 01:19:55.386   593   740 W idmap2d : failed to parse idmap header of '/data/resource-cache/product@overlay@SystemUIEmulationPixel6Pro@SystemUIEmulationPixel6ProOverlay.apk@idmap'
02-04 01:19:55.387   593   740 W idmap2d : failed to find resource 'dimen/physical_volume_down_button_center_screen_location_y'
02-04 01:19:55.388   593   740 W idmap2d : failed to find resource 'dimen/physical_volume_up_button_center_screen_location_y'
02-04 01:19:55.390   593   740 W idmap2d : failed to find resource 'dimen/system_icons_keyguard_padding_end'
02-04 01:19:55.391   593   740 W idmap2d : failed to find resource 'dimen/system_icons_super_container_avatarless_margin_end'
02-04 01:19:55.391   593   740 W idmap2d : failed to parse idmap header of '/data/resource-cache/product@overlay@SystemUIEmulationPixel7Pro@SystemUIEmulationPixel7ProOverlay.apk@idmap'
02-04 01:19:55.393   593   740 W idmap2d : failed to find resource 'dimen/physical_volume_down_button_center_screen_location_y'
02-04 01:19:55.394   593   740 W idmap2d : failed to find resource 'dimen/physical_volume_up_button_center_screen_location_y'
02-04 01:19:55.395   593   740 W idmap2d : failed to find resource 'dimen/system_icons_keyguard_padding_end'
02-04 01:19:55.396   593   740 W idmap2d : failed to find resource 'dimen/system_icons_super_container_avatarless_margin_end'
02-04 01:19:55.397   593   740 W idmap2d : failed to parse idmap header of '/data/resource-cache/product@overlay@SystemUIEmulationPixel8Pro@SystemUIEmulationPixel8ProOverlay.apk@idmap'
02-04 01:19:55.399   576   733 I PackageManager: Deferred reconcileAppsData finished 272 packages
02-04 01:19:55.399   593   740 W idmap2d : failed to find resource 'dimen/physical_volume_down_button_center_screen_location_y'
02-04 01:19:55.400   593   740 W idmap2d : failed to find resource 'dimen/physical_volume_up_button_center_screen_location_y'
02-04 01:19:55.401   593   740 W idmap2d : failed to parse idmap header of '/data/resource-cache/product@overlay@SystemUIEmulationPixel9Pro@SystemUIEmulationPixel9ProOverlay.apk@idmap'
02-04 01:19:55.402   593   740 W idmap2d : failed to parse idmap header of '/data/resource-cache/product@overlay@CarrierConfig__sdk_gphone64_x86_64__auto_generated_rro_product.apk@idmap'
02-04 01:19:55.402   593   740 W idmap2d : failed to parse idmap header of '/data/resource-cache/product@overlay@DeviceDiagnostics__sdk_gphone64_x86_64__auto_generated_rro_product.apk@idmap'
02-04 01:19:55.404   593   740 W idmap2d : failed to parse idmap header of '/data/resource-cache/product@overlay@LargeScreenSettingsProviderOverlay.apk@idmap'
02-04 01:19:55.404   593   740 W idmap2d : failed to parse idmap header of '/data/resource-cache/product@overlay@NotesRoleEnabled@NotesRoleEnabledOverlay.apk@idmap'
02-04 01:19:55.406   593   740 W idmap2d : failed to find resource 'string/notes_role_enabled_overlay_title'
02-04 01:19:55.406   593   740 W idmap2d : failed to parse idmap header of '/data/resource-cache/product@overlay@TelephonyProvider__sdk_gphone64_x86_64__auto_generated_rro_product.apk@idmap'
02-04 01:19:55.407   593   740 W idmap2d : failed to parse idmap header of '/data/resource-cache/vendor@overlay@TeleService__sdk_gphone64_x86_64__auto_generated_rro_vendor.apk@idmap'
02-04 01:19:55.407   593   740 W idmap2d : failed to find resource 'string/config_satellite_service_package'
02-04 01:19:55.408   593   740 W idmap2d : failed to parse idmap header of '/data/resource-cache/product@overlay@EmulationPixel9ProXL@EmulationPixel9ProXLOverlay.apk@idmap'
02-04 01:19:55.408   593   740 W idmap2d : failed to parse idmap header of '/data/resource-cache/product@overlay@EmulationPixel2XL@EmulationPixel2XLOverlay.apk@idmap'
02-04 01:19:55.409   593   740 W idmap2d : failed to parse idmap header of '/data/resource-cache/product@overlay@EmulationPixel3XL@EmulationPixel3XLOverlay.apk@idmap'
02-04 01:19:55.411   593   740 W idmap2d : failed to find resource 'dimen/quick_qs_total_height'
02-04 01:19:55.411   593   740 W idmap2d : failed to parse idmap header of '/data/resource-cache/product@overlay@EmulationPixel4XL@EmulationPixel4XLOverlay.apk@idmap'
02-04 01:19:55.411   593   740 W idmap2d : failed to parse idmap header of '/data/resource-cache/product@overlay@EmulationPixelFold@EmulationPixelFoldOverlay.apk@idmap'
02-04 01:19:55.412   593   740 W idmap2d : failed to parse idmap header of '/data/resource-cache/product@overlay@AccessibilityMenu__sdk_gphone64_x86_64__auto_generated_rro_product.apk@idmap'
02-04 01:19:55.413   593   740 W idmap2d : failed to parse idmap header of '/data/resource-cache/product@overlay@SystemUIEmulationPixel3a@SystemUIEmulationPixel3aOverlay.apk@idmap'
02-04 01:19:55.416   593   740 W idmap2d : failed to find resource 'dimen/physical_volume_down_button_center_screen_location_y'
02-04 01:19:55.417   593   740 W idmap2d : failed to find resource 'dimen/physical_volume_up_button_center_screen_location_y'
02-04 01:19:55.418   593   740 W idmap2d : failed to find resource 'dimen/status_bar_height_portrait'
02-04 01:19:55.418   593   740 W idmap2d : failed to parse idmap header of '/data/resource-cache/product@overlay@SystemUIEmulationPixel4a@SystemUIEmulationPixel4aOverlay.apk@idmap'
02-04 01:19:55.419   593   740 W idmap2d : failed to find resource 'dimen/physical_volume_down_button_center_screen_location_y'
02-04 01:19:55.420   593   740 W idmap2d : failed to find resource 'dimen/physical_volume_up_button_center_screen_location_y'
02-04 01:19:55.420   593   740 W idmap2d : failed to parse idmap header of '/data/resource-cache/product@overlay@SystemUIEmulationPixel6a@SystemUIEmulationPixel6aOverlay.apk@idmap'
02-04 01:19:55.422   593   740 W idmap2d : failed to find resource 'dimen/multi_user_switch_keyguard_margin'
02-04 01:19:55.422   593   740 W idmap2d : failed to find resource 'dimen/physical_volume_down_button_center_screen_location_y'
02-04 01:19:55.423   593   740 W idmap2d : failed to find resource 'dimen/physical_volume_up_button_center_screen_location_y'
02-04 01:19:55.424   593   740 W idmap2d : failed to find resource 'dimen/system_icons_super_container_avatarless_margin_end'
02-04 01:19:55.424   593   740 W idmap2d : failed to parse idmap header of '/data/resource-cache/product@overlay@SystemUIEmulationPixel7a@SystemUIEmulationPixel7aOverlay.apk@idmap'
02-04 01:19:55.426   593   740 W idmap2d : failed to find resource 'dimen/multi_user_switch_keyguard_margin'
02-04 01:19:55.426   593   740 W idmap2d : failed to find resource 'dimen/physical_volume_down_button_center_screen_location_y'
02-04 01:19:55.427   593   740 W idmap2d : failed to find resource 'dimen/physical_volume_up_button_center_screen_location_y'
02-04 01:19:55.428   593   740 W idmap2d : failed to find resource 'dimen/system_icons_super_container_avatarless_margin_end'
02-04 01:19:55.429   593   740 W idmap2d : failed to parse idmap header of '/data/resource-cache/product@overlay@SystemUIEmulationPixel8a@SystemUIEmulationPixel8aOverlay.apk@idmap'
02-04 01:19:55.430   593   740 W idmap2d : failed to find resource 'dimen/physical_volume_down_button_center_screen_location_y'
02-04 01:19:55.430   593   740 W idmap2d : failed to find resource 'dimen/physical_volume_up_button_center_screen_location_y'
02-04 01:19:55.431   593   740 W idmap2d : failed to parse idmap header of '/data/resource-cache/product@overlay@SystemUIEmulationPixel9a@SystemUIEmulationPixel9aOverlay.apk@idmap'
02-04 01:19:55.431   593   740 W idmap2d : failed to parse idmap header of '/data/resource-cache/product@overlay@SettingsGoogle__sdk_gphone64_x86_64__auto_generated_rro_product.apk@idmap'
02-04 01:19:55.437   593   740 W idmap2d : failed to find resource 'string/wifi_calling_not_supported'
02-04 01:19:55.437   593   740 W idmap2d : failed to parse idmap header of '/data/resource-cache/product@overlay@SystemUIEmulationPixel9ProXL@SystemUIEmulationPixel9ProXLOverlay.apk@idmap'
02-04 01:19:55.438   593   740 W idmap2d : failed to parse idmap header of '/data/resource-cache/product@overlay@CompanionDeviceManager__emulator__auto_generated_characteristics_rro.apk@idmap'
02-04 01:19:55.438   593   740 E idmap2d : failed to retrieve loaded package at index 0 for '/product/overlay/CompanionDeviceManager__emulator__auto_generated_characteristics_rro.apk' -> failed to generate resource map for '/product/overlay/CompanionDeviceManager__emulator__auto_generated_characteristics_rro.apk'
