02-04 01:19:50.743   576   727 I system_server: AssetManager2(0x71e5355a84b8) locale list changing from [] to [en-US]
02-04 01:19:50.743   576   726 I system_server: AssetManager2(0x71e5355a6898) locale list changing from [] to [en-US]
02-04 01:19:50.743   576   725 V Configuration: Updating configuration, locales updated from [] to [en_US]
02-04 01:19:50.743   576   725 I system_server: AssetManager2(0x71e5355a6258) locale list changing from [] to [en-US]
02-04 01:19:50.744   576   728 I system_server: AssetManager2(0x71e5355aa3f8) locale list changing from [] to [en-US]
02-04 01:19:50.744   576   576 I PackageManager: /product/overlay/DisplayCutoutEmulationEmu01 changed; collecting certs
02-04 01:19:50.745   576   727 V Configuration: Updating configuration, locales updated from [] to [en_US]
02-04 01:19:50.745   576   727 I system_server: AssetManager2(0x71e5355a6898) locale list changing from [] to [en-US]
02-04 01:19:50.745   576   726 V Configuration: Updating configuration, locales updated from [] to [en_US]
02-04 01:19:50.745   576   726 I system_server: AssetManager2(0x71e5355a8e18) locale list changing from [] to [en-US]
02-04 01:19:50.745   576   727 V Configuration: Updating configuration, locales updated from [] to [en_US]
02-04 01:19:50.745   576   727 I system_server: AssetManager2(0x71e5355a6898) locale list changing from [] to [en-US]
02-04 01:19:50.745   576   726 V Configuration: Updating configuration, locales updated from [] to [en_US]
02-04 01:19:50.746   576   726 I system_server: AssetManager2(0x71e5355a8e18) locale list changing from [] to [en-US]
02-04 01:19:50.746   576   726 V Configuration: Updating configuration, locales updated from [] to [en_US]
02-04 01:19:50.746   576   726 I system_server: AssetManager2(0x71e5355a8e18) locale list changing from [] to [en-US]
02-04 01:19:50.747   576   725 V Configuration: Updating configuration, locales updated from [] to [en_US]
02-04 01:19:50.747   576   725 I system_server: AssetManager2(0x71e5355aa3f8) locale list changing from [] to [en-US]
02-04 01:19:50.747   576   726 V Configuration: Updating configuration, locales updated from [] to [en_US]
02-04 01:19:50.747   576   726 I system_server: AssetManager2(0x71e5355a8e18) locale list changing from [] to [en-US]
02-04 01:19:50.748   576   727 V Configuration: Updating configuration, locales updated from [] to [en_US]
02-04 01:19:50.748   576   727 I system_server: AssetManager2(0x71e5355a5c18) locale list changing from [] to [en-US]
02-04 01:19:50.748   576   728 V Configuration: Updating configuration, locales updated from [] to [en_US]
02-04 01:19:50.748   576   728 I system_server: AssetManager2(0x71e5355a3378) locale list changing from [] to [en-US]
02-04 01:19:50.749   576   727 V Configuration: Updating configuration, locales updated from [] to [en_US]
02-04 01:19:50.749   576   727 I system_server: AssetManager2(0x71e5355a5c18) locale list changing from [] to [en-US]
02-04 01:19:50.749   576   726 V Configuration: Updating configuration, locales updated from [] to [en_US]
02-04 01:19:50.749   576   726 I system_server: AssetManager2(0x71e5355a4c78) locale list changing from [] to [en-US]
02-04 01:19:50.749   576   727 V Configuration: Updating configuration, locales updated from [] to [en_US]
02-04 01:19:50.749   576   727 I system_server: AssetManager2(0x71e5355a8e18) locale list changing from [] to [en-US]
02-04 01:19:50.750   576   726 V Configuration: Updating configuration, locales updated from [] to [en_US]
02-04 01:19:50.750   576   726 I system_server: AssetManager2(0x71e5355ad918) locale list changing from [] to [en-US]
02-04 01:19:50.750   576   727 V Configuration: Updating configuration, locales updated from [] to [en_US]
02-04 01:19:50.750   576   725 V Configuration: Updating configuration, locales updated from [] to [en_US]
02-04 01:19:50.750   576   727 I system_server: AssetManager2(0x71e5355a8e18) locale list changing from [] to [en-US]
02-04 01:19:50.750   576   725 I system_server: AssetManager2(0x71e5355ab398) locale list changing from [] to [en-US]
02-04 01:19:50.751   576   727 V Configuration: Updating configuration, locales updated from [] to [en_US]
02-04 01:19:50.751   576   727 I system_server: AssetManager2(0x71e5355ab398) locale list changing from [] to [en-US]
02-04 01:19:50.751   576   726 V Configuration: Updating configuration, locales updated from [] to [en_US]
02-04 01:19:50.751   576   726 I system_server: AssetManager2(0x71e5355a8e18) locale list changing from [] to [en-US]
02-04 01:19:50.751   576   728 V Configuration: Updating configuration, locales updated from [] to [en_US]
02-04 01:19:50.751   576   728 I system_server: AssetManager2(0x71e5355acfb8) locale list changing from [] to [en-US]
02-04 01:19:50.751   576   727 V Configuration: Updating configuration, locales updated from [] to [en_US]
02-04 01:19:50.751   576   727 I system_server: AssetManager2(0x71e5355ae278) locale list changing from [] to [en-US]
02-04 01:19:50.752   576   726 V Configuration: Updating configuration, locales updated from [] to [en_US]
02-04 01:19:50.752   576   726 I system_server: AssetManager2(0x71e5355ab398) locale list changing from [] to [en-US]
02-04 01:19:50.752   576   727 V Configuration: Updating configuration, locales updated from [] to [en_US]
02-04 01:19:50.752   576   727 I system_server: AssetManager2(0x71e5355ae278) locale list changing from [] to [en-US]
02-04 01:19:50.752   576   576 I PackageManager: /product/overlay/EmulationPixel3 changed; collecting certs
02-04 01:19:50.753   576   726 V Configuration: Updating configuration, locales updated from [] to [en_US]
02-04 01:19:50.753   576   726 I system_server: AssetManager2(0x71e5355ab398) locale list changing from [] to [en-US]
02-04 01:19:50.753   576   576 I PackageManager: /product/overlay/EmulationPixel3XL changed; collecting certs
02-04 01:19:50.753   576   727 V Configuration: Updating configuration, locales updated from [] to [en_US]
02-04 01:19:50.753   576   727 I system_server: AssetManager2(0x71e5355ab398) locale list changing from [] to [en-US]
02-04 01:19:50.754   576   725 V Configuration: Updating configuration, locales updated from [] to [en_US]
02-04 01:19:50.754   576   725 I system_server: AssetManager2(0x71e5355a6898) locale list changing from [] to [en-US]
02-04 01:19:50.754   576   576 I PackageManager: /product/overlay/EmulationPixel3a changed; collecting certs
02-04 01:19:50.755   576   726 V Configuration: Updating configuration, locales updated from [] to [en_US]
02-04 01:19:50.755   576   726 I system_server: AssetManager2(0x71e5355ab398) locale list changing from [] to [en-US]
02-04 01:19:50.755   576   576 I PackageManager: /product/overlay/DisplayCutoutEmulationTall changed; collecting certs
02-04 01:19:50.756   576   728 V Configuration: Updating configuration, locales updated from [] to [en_US]
02-04 01:19:50.756   576   728 I system_server: AssetManager2(0x71e5355ab398) locale list changing from [] to [en-US]
02-04 01:19:50.757   576   576 I PackageManager: /product/overlay/EmulationPixel2XL changed; collecting certs
02-04 01:19:50.757   576   725 V Configuration: Updating configuration, locales updated from [] to [en_US]
02-04 01:19:50.757   576   725 I system_server: AssetManager2(0x71e5355ab398) locale list changing from [] to [en-US]
02-04 01:19:50.758   576   576 I PackageManager: /product/overlay/EmulationPixel4 changed; collecting certs
02-04 01:19:50.758   576   727 V Configuration: Updating configuration, locales updated from [] to [en_US]
02-04 01:19:50.758   576   727 I system_server: AssetManager2(0x71e5355ab398) locale list changing from [] to [en-US]
02-04 01:19:50.759   576   576 I PackageManager: /product/overlay/EmulationPixel3aXL changed; collecting certs
02-04 01:19:50.759   576   726 V Configuration: Updating configuration, locales updated from [] to [en_US]
02-04 01:19:50.759   576   726 I system_server: AssetManager2(0x71e5355ab398) locale list changing from [] to [en-US]
02-04 01:19:50.759   576   576 I PackageManager: /product/overlay/EmulationPixel4XL changed; collecting certs
02-04 01:19:50.760   576   728 V Configuration: Updating configuration, locales updated from [] to [en_US]
02-04 01:19:50.760   576   728 I system_server: AssetManager2(0x71e5355a6898) locale list changing from [] to [en-US]
02-04 01:19:50.761   576   576 I PackageManager: /product/overlay/EmulationPixel6 changed; collecting certs
02-04 01:19:50.761   576   725 V Configuration: Updating configuration, locales updated from [] to [en_US]
02-04 01:19:50.761   576   725 I system_server: AssetManager2(0x71e5355a6898) locale list changing from [] to [en-US]
02-04 01:19:50.762   576   576 I PackageManager: /product/overlay/EmulationPixel5 changed; collecting certs
02-04 01:19:50.762   576   727 V Configuration: Updating configuration, locales updated from [] to [en_US]
02-04 01:19:50.762   576   727 I system_server: AssetManager2(0x71e5355a6898) locale list changing from [] to [en-US]
02-04 01:19:50.762   576   576 I PackageManager: /product/overlay/EmulationPixel6Pro changed; collecting certs
02-04 01:19:50.763   576   726 V Configuration: Updating configuration, locales updated from [] to [en_US]
02-04 01:19:50.763   576   726 I system_server: AssetManager2(0x71e5355b07f8) locale list changing from [] to [en-US]
02-04 01:19:50.763   576   576 I PackageManager: /product/overlay/EmulationPixel6a changed; collecting certs
02-04 01:19:50.764   576   728 V Configuration: Updating configuration, locales updated from [] to [en_US]
02-04 01:19:50.764   576   728 I system_server: AssetManager2(0x71e5355abcf8) locale list changing from [] to [en-US]
02-04 01:19:50.765   576   576 I PackageManager: /product/overlay/EmulationPixel7 changed; collecting certs
02-04 01:19:50.765   576   725 V Configuration: Updating configuration, locales updated from [] to [en_US]
02-04 01:19:50.765   576   725 I system_server: AssetManager2(0x71e5355abcf8) locale list changing from [] to [en-US]
02-04 01:19:50.766   576   576 I PackageManager: /product/overlay/EmulationPixel4a changed; collecting certs
02-04 01:19:50.766   576   727 V Configuration: Updating configuration, locales updated from [] to [en_US]
02-04 01:19:50.766   576   727 I system_server: AssetManager2(0x71e5355abcf8) locale list changing from [] to [en-US]
02-04 01:19:50.767   576   576 I PackageManager: /product/overlay/EmulationPixel7a changed; collecting certs
02-04 01:19:50.767   576   726 V Configuration: Updating configuration, locales updated from [] to [en_US]
02-04 01:19:50.767   576   726 I system_server: AssetManager2(0x71e5355abcf8) locale list changing from [] to [en-US]
02-04 01:19:50.768   576   576 I PackageManager: /product/overlay/EmulationPixel8 changed; collecting certs
02-04 01:19:50.768   576   728 V Configuration: Updating configuration, locales updated from [] to [en_US]
02-04 01:19:50.769   576   728 I system_server: AssetManager2(0x71e5355abcf8) locale list changing from [] to [en-US]
02-04 01:19:50.769   576   576 I PackageManager: /product/overlay/EmulationPixel9 changed; collecting certs
02-04 01:19:50.770   576   725 V Configuration: Updating configuration, locales updated from [] to [en_US]
02-04 01:19:50.770   576   725 I system_server: AssetManager2(0x71e5355abcf8) locale list changing from [] to [en-US]
02-04 01:19:50.771   576   576 I PackageManager: /product/overlay/EmulationPixel7Pro changed; collecting certs
02-04 01:19:50.771   576   727 V Configuration: Updating configuration, locales updated from [] to [en_US]
02-04 01:19:50.771   576   727 I system_server: AssetManager2(0x71e5355abcf8) locale list changing from [] to [en-US]
02-04 01:19:50.772   576   576 I PackageManager: /product/overlay/EmulationPixel9Pro changed; collecting certs
02-04 01:19:50.772   576   726 V Configuration: Updating configuration, locales updated from [] to [en_US]
02-04 01:19:50.772   576   726 I system_server: AssetManager2(0x71e5355abcf8) locale list changing from [] to [en-US]
02-04 01:19:50.773   576   576 I PackageManager: /product/overlay/EmulationPixel8a changed; collecting certs
02-04 01:19:50.773   576   728 V Configuration: Updating configuration, locales updated from [] to [en_US]
02-04 01:19:50.773   576   728 I system_server: AssetManager2(0x71e5355abcf8) locale list changing from [] to [en-US]
02-04 01:19:50.774   576   576 I PackageManager: /product/overlay/EmulationPixel9a changed; collecting certs
02-04 01:19:50.774   576   725 V Configuration: Updating configuration, locales updated from [] to [en_US]
02-04 01:19:50.774   576   725 I system_server: AssetManager2(0x71e5355abcf8) locale list changing from [] to [en-US]
02-04 01:19:50.775   576   576 I PackageManager: /product/overlay/EmulationPixel8Pro changed; collecting certs
02-04 01:19:50.775   576   727 V Configuration: Updating configuration, locales updated from [] to [en_US]
02-04 01:19:50.775   576   727 I system_server: AssetManager2(0x71e5355abcf8) locale list changing from [] to [en-US]
02-04 01:19:50.775   576   576 I PackageManager: /product/overlay/EmulationPixel9ProXL changed; collecting certs
02-04 01:19:50.776   576   726 V Configuration: Updating configuration, locales updated from [] to [en_US]
02-04 01:19:50.776   576   726 I system_server: AssetManager2(0x71e5355abcf8) locale list changing from [] to [en-US]
02-04 01:19:50.776   576   576 I PackageManager: /product/overlay/EmulationPixelFold changed; collecting certs
02-04 01:19:50.777   576   728 V Configuration: Updating configuration, locales updated from [] to [en_US]
02-04 01:19:50.777   576   728 I system_server: AssetManager2(0x71e5355abcf8) locale list changing from [] to [en-US]
02-04 01:19:50.778   576   576 I PackageManager: /product/overlay/EmulatorTetheringGoogleConfigOverlay.apk changed; collecting certs
02-04 01:19:50.778   576   725 V Configuration: Updating configuration, locales updated from [] to [en_US]
02-04 01:19:50.779   576   725 I system_server: AssetManager2(0x71e5355abcf8) locale list changing from [] to [en-US]
02-04 01:19:50.779   576   576 I PackageManager: /product/overlay/FontNotoSerifSource changed; collecting certs
02-04 01:19:50.780   576   727 V Configuration: Updating configuration, locales updated from [] to [en_US]
02-04 01:19:50.780   576   727 I system_server: AssetManager2(0x71e5355abcf8) locale list changing from [] to [en-US]
02-04 01:19:50.780   576   576 I PackageManager: /product/overlay/EmulationPixel9ProFold changed; collecting certs
02-04 01:19:50.780   576   726 V Configuration: Updating configuration, locales updated from [] to [en_US]
02-04 01:19:50.780   576   726 I system_server: AssetManager2(0x71e5355abcf8) locale list changing from [] to [en-US]
02-04 01:19:50.781   576   576 I PackageManager: /product/overlay/GooglePermissionControllerOverlay.apk changed; collecting certs
02-04 01:19:50.782   576   728 V Configuration: Updating configuration, locales updated from [] to [en_US]
02-04 01:19:50.782   576   728 I system_server: AssetManager2(0x71e5355abcf8) locale list changing from [] to [en-US]
02-04 01:19:50.782   576   576 I PackageManager: /product/overlay/GoogleConfigOverlay.apk changed; collecting certs
02-04 01:19:50.782   576   728 V Configuration: Updating configuration, locales updated from [] to [en_US]
02-04 01:19:50.782   576   728 I system_server: AssetManager2(0x71e5355abcf8) locale list changing from [] to [en-US]
02-04 01:19:50.783   576   576 I PackageManager: /product/overlay/LargeScreenConfigOverlay.apk changed; collecting certs
02-04 01:19:50.783   576   728 V Configuration: Updating configuration, locales updated from [] to [en_US]
02-04 01:19:50.783   576   728 I system_server: AssetManager2(0x71e5355abcf8) locale list changing from [] to [en-US]
02-04 01:19:50.783   576   576 I PackageManager: /product/overlay/LargeScreenSettingsProviderOverlay.apk changed; collecting certs
02-04 01:19:50.784   576   728 V Configuration: Updating configuration, locales updated from [] to [en_US]
02-04 01:19:50.784   576   728 I system_server: AssetManager2(0x71e5355abcf8) locale list changing from [] to [en-US]
02-04 01:19:50.785   576   576 I PackageManager: /product/overlay/ManagedProvisioning__sdk_gphone64_x86_64__auto_generated_rro_product.apk changed; collecting certs
02-04 01:19:50.785   576   725 V Configuration: Updating configuration, locales updated from [] to [en_US]
02-04 01:19:50.785   576   725 I system_server: AssetManager2(0x71e5355abcf8) locale list changing from [] to [en-US]
02-04 01:19:50.786   576   576 I PackageManager: /product/overlay/NavigationBarMode2Button changed; collecting certs
02-04 01:19:50.786   576   727 V Configuration: Updating configuration, locales updated from [] to [en_US]
02-04 01:19:50.786   576   727 I system_server: AssetManager2(0x71e5355abcf8) locale list changing from [] to [en-US]
02-04 01:19:50.787   576   576 I PackageManager: /product/overlay/EmulatorTetheringConfigOverlay.apk changed; collecting certs
02-04 01:19:50.787   576   726 V Configuration: Updating configuration, locales updated from [] to [en_US]
02-04 01:19:50.787   576   726 I system_server: AssetManager2(0x71e5355abcf8) locale list changing from [] to [en-US]
02-04 01:19:50.788   576   576 I PackageManager: /product/overlay/GoogleWebViewOverlay.apk changed; collecting certs
02-04 01:19:50.788   576   728 V Configuration: Updating configuration, locales updated from [] to [en_US]
02-04 01:19:50.788   576   728 I system_server: AssetManager2(0x71e5355abcf8) locale list changing from [] to [en-US]
02-04 01:19:50.789   576   576 I PackageManager: /product/overlay/NavigationBarMode3Button changed; collecting certs
02-04 01:19:50.789   576   725 V Configuration: Updating configuration, locales updated from [] to [en_US]
02-04 01:19:50.789   576   725 I system_server: AssetManager2(0x71e5355abcf8) locale list changing from [] to [en-US]
02-04 01:19:50.790   576   576 I PackageManager: /product/overlay/NavigationBarModeGestural changed; collecting certs
02-04 01:19:50.790   576   727 V Configuration: Updating configuration, locales updated from [] to [en_US]
02-04 01:19:50.790   576   727 I system_server: AssetManager2(0x71e5355abcf8) locale list changing from [] to [en-US]
02-04 01:19:50.790   576   576 I PackageManager: /product/overlay/NotesRoleEnabled changed; collecting certs
02-04 01:19:50.791   576   726 V Configuration: Updating configuration, locales updated from [] to [en_US]
02-04 01:19:50.791   576   726 I system_server: AssetManager2(0x71e5355abcf8) locale list changing from [] to [en-US]
02-04 01:19:50.791   576   576 I PackageManager: /product/overlay/PixelConfigOverlayCommon.apk changed; collecting certs
02-04 01:19:50.791   576   728 V Configuration: Updating configuration, locales updated from [] to [en_US]
02-04 01:19:50.791   576   728 I system_server: AssetManager2(0x71e5355abcf8) locale list changing from [] to [en-US]
02-04 01:19:50.792   576   576 I PackageManager: /product/overlay/RanchuCommonOverlay.apk changed; collecting certs
02-04 01:19:50.793   576   725 V Configuration: Updating configuration, locales updated from [] to [en_US]
02-04 01:19:50.793   576   725 I system_server: AssetManager2(0x71e5355abcf8) locale list changing from [] to [en-US]
02-04 01:19:50.793   576   576 I PackageManager: /product/overlay/SettingsGoogle__sdk_gphone64_x86_64__auto_generated_rro_product.apk changed; collecting certs
02-04 01:19:50.794   576   727 V Configuration: Updating configuration, locales updated from [] to [en_US]
02-04 01:19:50.794   576   727 I system_server: AssetManager2(0x71e5355abcf8) locale list changing from [] to [en-US]
02-04 01:19:50.794   576   576 I PackageManager: /product/overlay/SettingsProvider__sdk_gphone64_x86_64__auto_generated_rro_product.apk changed; collecting certs
02-04 01:19:50.795   576   726 V Configuration: Updating configuration, locales updated from [] to [en_US]
02-04 01:19:50.795   576   726 I system_server: AssetManager2(0x71e5355abcf8) locale list changing from [] to [en-US]
02-04 01:19:50.795   576   576 I PackageManager: /product/overlay/SimAppDialog__sdk_gphone64_x86_64__auto_generated_rro_product.apk changed; collecting certs
02-04 01:19:50.796   576   728 V Configuration: Updating configuration, locales updated from [] to [en_US]
02-04 01:19:50.796   576   728 I system_server: AssetManager2(0x71e5355abcf8) locale list changing from [] to [en-US]
02-04 01:19:50.797   576   576 I PackageManager: /product/overlay/StorageManager__sdk_gphone64_x86_64__auto_generated_rro_product.apk changed; collecting certs
02-04 01:19:50.797   576   725 V Configuration: Updating configuration, locales updated from [] to [en_US]
02-04 01:19:50.797   576   725 I system_server: AssetManager2(0x71e5355a4c78) locale list changing from [] to [en-US]
02-04 01:19:50.798   576   576 I PackageManager: /product/overlay/SystemUIEmulationPixel3 changed; collecting certs
02-04 01:19:50.799   576   576 I PackageManager: /product/overlay/SystemUIEmulationPixel3XL changed; collecting certs
02-04 01:19:50.800   576   576 I PackageManager: /product/overlay/SystemUIEmulationPixel3a changed; collecting certs
02-04 01:19:50.801   576   576 I PackageManager: /product/overlay/SystemUIEmulationPixel3aXL changed; collecting certs
02-04 01:19:50.802   576   576 I PackageManager: /product/overlay/SystemUIEmulationPixel4 changed; collecting certs
02-04 01:19:50.803   576   576 I PackageManager: /product/overlay/SystemUIEmulationPixel4XL changed; collecting certs
02-04 01:19:50.804   576   576 I PackageManager: /product/overlay/SystemUIEmulationPixel4a changed; collecting certs
02-04 01:19:50.805   576   576 I PackageManager: /product/overlay/SystemUIEmulationPixel5 changed; collecting certs
02-04 01:19:50.805   576   576 I PackageManager: /product/overlay/SystemUIEmulationPixel6 changed; collecting certs
02-04 01:19:50.806   576   576 I PackageManager: /product/overlay/SystemUIEmulationPixel6Pro changed; collecting certs
02-04 01:19:50.806   576   576 I PackageManager: /product/overlay/SystemUIEmulationPixel6a changed; collecting certs
02-04 01:19:50.807   576   576 I PackageManager: /product/overlay/SystemUIEmulationPixel7 changed; collecting certs
02-04 01:19:50.808   576   576 I PackageManager: /product/overlay/SystemUIEmulationPixel7Pro changed; collecting certs
02-04 01:19:50.809   576   576 I PackageManager: /product/overlay/SystemUIEmulationPixel7a changed; collecting certs
02-04 01:19:50.809   576   576 I PackageManager: /product/overlay/SystemUIEmulationPixel9 changed; collecting certs
02-04 01:19:50.810   576   576 I PackageManager: /product/overlay/SystemUIEmulationPixel9Pro changed; collecting certs
02-04 01:19:50.811   576   576 I PackageManager: /product/overlay/SystemUIEmulationPixel9ProFold changed; collecting certs
02-04 01:19:50.811   576   576 I PackageManager: /product/overlay/SystemUIEmulationPixel8 changed; collecting certs
02-04 01:19:50.812   576   576 I PackageManager: /product/overlay/SystemUIEmulationPixel8Pro changed; collecting certs
02-04 01:19:50.813   576   576 I PackageManager: /product/overlay/SystemUIEmulationPixel8a changed; collecting certs
02-04 01:19:50.813   576   576 I PackageManager: /product/overlay/SystemUIEmulationPixel9ProXL changed; collecting certs
02-04 01:19:50.814   576   576 I PackageManager: /product/overlay/SystemUIEmulationPixel9a changed; collecting certs
02-04 01:19:50.814   576   576 I PackageManager: /product/overlay/SystemUIEmulationPixelFold changed; collecting certs
02-04 01:19:50.815   576   576 I PackageManager: /product/overlay/SystemUIGoogle__sdk_gphone64_x86_64__auto_generated_rro_product.apk changed; collecting certs
02-04 01:19:50.816   576   576 I PackageManager: /product/overlay/TeleService__emulator__auto_generated_characteristics_rro.apk changed; collecting certs
02-04 01:19:50.816   576   576 I PackageManager: /product/overlay/TeleService__sdk_gphone64_x86_64__auto_generated_rro_product.apk changed; collecting certs
02-04 01:19:50.817   576   576 I PackageManager: /product/overlay/Telecom__sdk_gphone64_x86_64__auto_generated_rro_product.apk changed; collecting certs
02-04 01:19:50.817   576   576 I PackageManager: /product/overlay/TelephonyProvider__emulator__auto_generated_characteristics_rro.apk changed; collecting certs
02-04 01:19:50.818   576   576 I PackageManager: /product/overlay/TelephonyProvider__sdk_gphone64_x86_64__auto_generated_rro_product.apk changed; collecting certs
02-04 01:19:50.818   576   576 I PackageManager: /product/overlay/Traceur__sdk_gphone64_x86_64__auto_generated_rro_product.apk changed; collecting certs
02-04 01:19:50.819   576   576 I PackageManager: /product/overlay/TransparentNavigationBar changed; collecting certs
02-04 01:19:50.820   576   576 I PackageManager: /product/overlay/UwbGoogleOverlay.apk changed; collecting certs
02-04 01:19:50.820   576   576 I PackageManager: /product/overlay/framework-res__emulator__auto_generated_characteristics_rro.apk changed; collecting certs
02-04 01:19:50.821   576   576 I PackageManager: /product/overlay/framework-res__sdk_gphone64_x86_64__auto_generated_rro_product.apk changed; collecting certs
02-04 01:19:50.822   576   576 D PackageManager: No files in app dir /oem/overlay
02-04 01:19:50.822   576   576 D PackageManager: No files in app dir /odm/overlay
02-04 01:19:50.822   576   727 V Configuration: Updating configuration, locales updated from [] to [en_US]
02-04 01:19:50.822   576   726 V Configuration: Updating configuration, locales updated from [] to [en_US]
02-04 01:19:50.822   576   727 I system_server: AssetManager2(0x71e5355c3718) locale list changing from [] to [en-US]
02-04 01:19:50.822   576   726 I system_server: AssetManager2(0x71e5355c4398) locale list changing from [] to [en-US]
02-04 01:19:50.823   576   728 V Configuration: Updating configuration, locales updated from [] to [en_US]
02-04 01:19:50.823   576   728 I system_server: AssetManager2(0x71e5355c7278) locale list changing from [] to [en-US]
02-04 01:19:50.823   576   576 I PackageManager: /vendor/overlay/CarrierConfig__sdk_gphone64_x86_64__auto_generated_rro_vendor.apk changed; collecting certs
02-04 01:19:50.823   576   725 V Configuration: Updating configuration, locales updated from [] to [en_US]
02-04 01:19:50.823   576   725 I system_server: AssetManager2(0x71e5355a4c78) locale list changing from [] to [en-US]
02-04 01:19:50.824   576   726 V Configuration: Updating configuration, locales updated from [] to [en_US]
02-04 01:19:50.824   576   726 I system_server: AssetManager2(0x71e5355c4398) locale list changing from [] to [en-US]
02-04 01:19:50.824   576   727 V Configuration: Updating configuration, locales updated from [] to [en_US]
02-04 01:19:50.824   576   727 I system_server: AssetManager2(0x71e5355c3718) locale list changing from [] to [en-US]
02-04 01:19:50.824   576   576 I PackageManager: /vendor/overlay/EmulatorTalkBackOverlay changed; collecting certs
02-04 01:19:50.825   576   576 I PackageManager: /vendor/overlay/SystemUIGoogle__sdk_gphone64_x86_64__auto_generated_rro_vendor.apk changed; collecting certs
02-04 01:19:50.826   576   576 I PackageManager: /vendor/overlay/framework-res__sdk_gphone64_x86_64__auto_generated_rro_vendor.apk changed; collecting certs
02-04 01:19:50.827   576   576 I PackageManager: /vendor/overlay/TeleService__sdk_gphone64_x86_64__auto_generated_rro_vendor.apk changed; collecting certs
02-04 01:19:50.828   576   576 I PackageManager: /vendor/overlay/goldfish_overlay_connectivity_google.apk changed; collecting certs
02-04 01:19:50.830   576   576 W PackageManager: Failed to parse /system/framework/oat: Missing base APK in /system/framework/oat/x86_64
02-04 01:19:50.830   576   576 W PackageManager: Failed to parse /system/framework/x86_64: Missing base APK in /system/framework/x86_64
02-04 01:19:50.833   576   728 V Configuration: Updating configuration, locales updated from [] to [en_US]
02-04 01:19:50.833   576   728 I system_server: AssetManager2(0x71e5355d0878) locale list changing from [] to [en-US]
02-04 01:19:50.841   576   728 W PackageParsing: android defines a knownSigner permission but the provided knownCerts resource is null
02-04 01:19:50.841   576   728 W PackageParsing: android defines a knownSigner permission but the provided knownCerts resource is null
02-04 01:19:50.841   576   728 W PackageParsing: android defines a knownSigner permission but the provided knownCerts resource is null
02-04 01:19:50.845   576   728 E AconfigFlags: Failed to load aconfig package com.android.update_engine
02-04 01:19:50.845   576   728 E AconfigFlags: android.os.flagging.AconfigStorageReadException: ERROR_PACKAGE_NOT_FOUND: package com.android.update_engine cannot be found on the device
02-04 01:19:50.845   576   728 E AconfigFlags: 	at android.os.flagging.AconfigPackage.load(AconfigPackage.java:132)
02-04 01:19:50.845   576   728 E AconfigFlags: 	at com.android.internal.pm.pkg.component.AconfigFlags.lambda$getFlagValueFromNewStorage$0(AconfigFlags.java:261)
02-04 01:19:50.845   576   728 E AconfigFlags: 	at com.android.internal.pm.pkg.component.AconfigFlags$$ExternalSyntheticLambda0.apply(D8$$SyntheticClass:0)
02-04 01:19:50.845   576   728 E AconfigFlags: 	at java.util.concurrent.ConcurrentHashMap.computeIfAbsent(ConcurrentHashMap.java:1713)
02-04 01:19:50.845   576   728 E AconfigFlags: 	at com.android.internal.pm.pkg.component.AconfigFlags.getFlagValueFromNewStorage(AconfigFlags.java:259)
02-04 01:19:50.845   576   728 E AconfigFlags: 	at com.android.internal.pm.pkg.component.AconfigFlags.getFlagValue(AconfigFlags.java:225)
02-04 01:19:50.845   576   728 E AconfigFlags: 	at com.android.internal.pm.pkg.component.AconfigFlags.skipCurrentElement(AconfigFlags.java:323)
02-04 01:19:50.845   576   728 E AconfigFlags: 	at com.android.internal.pm.pkg.component.AconfigFlags.skipCurrentElement(AconfigFlags.java:291)
02-04 01:19:50.845   576   728 E AconfigFlags: 	at com.android.internal.pm.pkg.parsing.ParsingPackageUtils.parseBaseApkTags(ParsingPackageUtils.java:1000)
02-04 01:19:50.845   576   728 E AconfigFlags: 	at com.android.internal.pm.pkg.parsing.ParsingPackageUtils.parseBaseApk(ParsingPackageUtils.java:735)
02-04 01:19:50.845   576   728 E AconfigFlags: 	at com.android.internal.pm.pkg.parsing.ParsingPackageUtils.parseBaseApk(ParsingPackageUtils.java:600)
02-04 01:19:50.845   576   728 E AconfigFlags: 	at com.android.internal.pm.pkg.parsing.ParsingPackageUtils.parseMonolithicPackage(ParsingPackageUtils.java:436)
02-04 01:19:50.845   576   728 E AconfigFlags: 	at com.android.internal.pm.pkg.parsing.ParsingPackageUtils.parsePackage(ParsingPackageUtils.java:334)
02-04 01:19:50.845   576   728 E AconfigFlags: 	at com.android.internal.pm.parsing.PackageParser2.parsePackage(PackageParser2.java:134)
02-04 01:19:50.845   576   728 E AconfigFlags: 	at com.android.server.pm.ParallelPackageParser.parsePackage(ParallelPackageParser.java:130)
02-04 01:19:50.845   576   728 E AconfigFlags: 	at com.android.server.pm.ParallelPackageParser.lambda$submit$0(ParallelPackageParser.java:108)
02-04 01:19:50.845   576   728 E AconfigFlags: 	at com.android.server.pm.ParallelPackageParser.$r8$lambda$uW6lAW1ixaCdJ_8ZINGbyQGIceg(ParallelPackageParser.java:0)
02-04 01:19:50.845   576   728 E AconfigFlags: 	at com.android.server.pm.ParallelPackageParser$$ExternalSyntheticLambda0.run(R8$$SyntheticClass:0)
02-04 01:19:50.845   576   728 E AconfigFlags: 	at java.util.concurrent.Executors$RunnableAdapter.call(Executors.java:524)
02-04 01:19:50.845   576   728 E AconfigFlags: 	at java.util.concurrent.FutureTask.run(FutureTask.java:317)
02-04 01:19:50.845   576   728 E AconfigFlags: 	at java.util.concurrent.ThreadPoolExecutor.runWorker(ThreadPoolExecutor.java:1156)
02-04 01:19:50.845   576   728 E AconfigFlags: 	at java.util.concurrent.ThreadPoolExecutor$Worker.run(ThreadPoolExecutor.java:651)
02-04 01:19:50.845   576   728 E AconfigFlags: 	at com.android.internal.util.ConcurrentUtils$1$1.run(ConcurrentUtils.java:65)
02-04 01:19:50.845   576   728 E AconfigFlags: Failed to load aconfig package android.xr
02-04 01:19:50.845   576   728 E AconfigFlags: android.os.flagging.AconfigStorageReadException: ERROR_PACKAGE_NOT_FOUND: package android.xr cannot be found on the device
02-04 01:19:50.845   576   728 E AconfigFlags: 	at android.os.flagging.AconfigPackage.load(AconfigPackage.java:132)
02-04 01:19:50.845   576   728 E AconfigFlags: 	at com.android.internal.pm.pkg.component.AconfigFlags.lambda$getFlagValueFromNewStorage$0(AconfigFlags.java:261)
02-04 01:19:50.845   576   728 E AconfigFlags: 	at com.android.internal.pm.pkg.component.AconfigFlags$$ExternalSyntheticLambda0.apply(D8$$SyntheticClass:0)
02-04 01:19:50.845   576   728 E AconfigFlags: 	at java.util.concurrent.ConcurrentHashMap.computeIfAbsent(ConcurrentHashMap.java:1713)
02-04 01:19:50.845   576   728 E AconfigFlags: 	at com.android.internal.pm.pkg.component.AconfigFlags.getFlagValueFromNewStorage(AconfigFlags.java:259)
02-04 01:19:50.845   576   728 E AconfigFlags: 	at com.android.internal.pm.pkg.component.AconfigFlags.getFlagValue(AconfigFlags.java:225)
02-04 01:19:50.845   576   728 E AconfigFlags: 	at com.android.internal.pm.pkg.component.AconfigFlags.skipCurrentElement(AconfigFlags.java:323)
02-04 01:19:50.845   576   728 E AconfigFlags: 	at com.android.internal.pm.pkg.component.AconfigFlags.skipCurrentElement(AconfigFlags.java:291)
02-04 01:19:50.845   576   728 E AconfigFlags: 	at com.android.internal.pm.pkg.parsing.ParsingPackageUtils.parseBaseApkTags(ParsingPackageUtils.java:1000)
02-04 01:19:50.845   576   728 E AconfigFlags: 	at com.android.internal.pm.pkg.parsing.ParsingPackageUtils.parseBaseApk(ParsingPackageUtils.java:735)
02-04 01:19:50.845   576   728 E AconfigFlags: 	at com.android.internal.pm.pkg.parsing.ParsingPackageUtils.parseBaseApk(ParsingPackageUtils.java:600)
02-04 01:19:50.845   576   728 E AconfigFlags: 	at com.android.internal.pm.pkg.parsing.ParsingPackageUtils.parseMonolithicPackage(ParsingPackageUtils.java:436)
02-04 01:19:50.845   576   728 E AconfigFlags: 	at com.android.internal.pm.pkg.parsing.ParsingPackageUtils.parsePackage(ParsingPackageUtils.java:334)
02-04 01:19:50.845   576   728 E AconfigFlags: 	at com.android.internal.pm.parsing.PackageParser2.parsePackage(PackageParser2.java:134)
02-04 01:19:50.845   576   728 E AconfigFlags: 	at com.android.server.pm.ParallelPackageParser.parsePackage(ParallelPackageParser.java:130)
02-04 01:19:50.845   576   728 E AconfigFlags: 	at com.android.server.pm.ParallelPackageParser.lambda$submit$0(ParallelPackageParser.java:108)
02-04 01:19:50.845   576   728 E AconfigFlags: 	at com.android.server.pm.ParallelPackageParser.$r8$lambda$uW6lAW1ixaCdJ_8ZINGbyQGIceg(ParallelPackageParser.java:0)
02-04 01:19:50.845   576   728 E AconfigFlags: 	at com.android.server.pm.ParallelPackageParser$$ExternalSyntheticLambda0.run(R8$$SyntheticClass:0)
02-04 01:19:50.845   576   728 E AconfigFlags: 	at java.util.concurrent.Executors$RunnableAdapter.call(Executors.java:524)
02-04 01:19:50.845   576   728 E AconfigFlags: 	at java.util.concurrent.FutureTask.run(FutureTask.java:317)
02-04 01:19:50.845   576   728 E AconfigFlags: 	at java.util.concurrent.ThreadPoolExecutor.runWorker(ThreadPoolExecutor.java:1156)
02-04 01:19:50.845   576   728 E AconfigFlags: 	at java.util.concurrent.ThreadPoolExecutor$Worker.run(ThreadPoolExecutor.java:651)
02-04 01:19:50.845   576   728 E AconfigFlags: 	at com.android.internal.util.ConcurrentUtils$1$1.run(ConcurrentUtils.java:65)
02-04 01:19:50.846   576   728 E AconfigFlags: Failed to load aconfig package android.xr
02-04 01:19:50.846   576   728 E AconfigFlags: android.os.flagging.AconfigStorageReadException: ERROR_PACKAGE_NOT_FOUND: package android.xr cannot be found on the device
02-04 01:19:50.846   576   728 E AconfigFlags: 	at android.os.flagging.AconfigPackage.load(AconfigPackage.java:132)
02-04 01:19:50.846   576   728 E AconfigFlags: 	at com.android.internal.pm.pkg.component.AconfigFlags.lambda$getFlagValueFromNewStorage$0(AconfigFlags.java:261)
02-04 01:19:50.846   576   728 E AconfigFlags: 	at com.android.internal.pm.pkg.component.AconfigFlags$$ExternalSyntheticLambda0.apply(D8$$SyntheticClass:0)
02-04 01:19:50.846   576   728 E AconfigFlags: 	at java.util.concurrent.ConcurrentHashMap.computeIfAbsent(ConcurrentHashMap.java:1713)
02-04 01:19:50.846   576   728 E AconfigFlags: 	at com.android.internal.pm.pkg.component.AconfigFlags.getFlagValueFromNewStorage(AconfigFlags.java:259)
02-04 01:19:50.846   576   728 E AconfigFlags: 	at com.android.internal.pm.pkg.component.AconfigFlags.getFlagValue(AconfigFlags.java:225)
02-04 01:19:50.846   576   728 E AconfigFlags: 	at com.android.internal.pm.pkg.component.AconfigFlags.skipCurrentElement(AconfigFlags.java:323)
02-04 01:19:50.846   576   728 E AconfigFlags: 	at com.android.internal.pm.pkg.component.AconfigFlags.skipCurrentElement(AconfigFlags.java:291)
02-04 01:19:50.846   576   728 E AconfigFlags: 	at com.android.internal.pm.pkg.parsing.ParsingPackageUtils.parseBaseApkTags(ParsingPackageUtils.java:1000)
02-04 01:19:50.846   576   728 E AconfigFlags: 	at com.android.internal.pm.pkg.parsing.ParsingPackageUtils.parseBaseApk(ParsingPackageUtils.java:735)
02-04 01:19:50.846   576   728 E AconfigFlags: 	at com.android.internal.pm.pkg.parsing.ParsingPackageUtils.parseBaseApk(ParsingPackageUtils.java:600)
02-04 01:19:50.846   576   728 E AconfigFlags: 	at com.android.internal.pm.pkg.parsing.ParsingPackageUtils.parseMonolithicPackage(ParsingPackageUtils.java:436)
02-04 01:19:50.846   576   728 E AconfigFlags: 	at com.android.internal.pm.pkg.parsing.ParsingPackageUtils.parsePackage(ParsingPackageUtils.java:334)
02-04 01:19:50.846   576   728 E AconfigFlags: 	at com.android.internal.pm.parsing.PackageParser2.parsePackage(PackageParser2.java:134)
02-04 01:19:50.846   576   728 E AconfigFlags: 	at com.android.server.pm.ParallelPackageParser.parsePackage(ParallelPackageParser.java:130)
02-04 01:19:50.846   576   728 E AconfigFlags: 	at com.android.server.pm.ParallelPackageParser.lambda$submit$0(ParallelPackageParser.java:108)
02-04 01:19:50.846   576   728 E AconfigFlags: 	at com.android.server.pm.ParallelPackageParser.$r8$lambda$uW6lAW1ixaCdJ_8ZINGbyQGIceg(ParallelPackageParser.java:0)
02-04 01:19:50.846   576   728 E AconfigFlags: 	at com.android.server.pm.ParallelPackageParser$$ExternalSyntheticLambda0.run(R8$$SyntheticClass:0)
02-04 01:19:50.846   576   728 E AconfigFlags: 	at java.util.concurrent.Executors$RunnableAdapter.call(Executors.java:524)
02-04 01:19:50.846   576   728 E AconfigFlags: 	at java.util.concurrent.FutureTask.run(FutureTask.java:317)
02-04 01:19:50.846   576   728 E AconfigFlags: 	at java.util.concurrent.ThreadPoolExecutor.runWorker(ThreadPoolExecutor.java:1156)
02-04 01:19:50.846   576   728 E AconfigFlags: 	at java.util.concurrent.ThreadPoolExecutor$Worker.run(ThreadPoolExecutor.java:651)
02-04 01:19:50.846   576   728 E AconfigFlags: 	at com.android.internal.util.ConcurrentUtils$1$1.run(ConcurrentUtils.java:65)
02-04 01:19:50.846   576   728 E AconfigFlags: Failed to load aconfig package android.xr
02-04 01:19:50.846   576   728 E AconfigFlags: android.os.flagging.AconfigStorageReadException: ERROR_PACKAGE_NOT_FOUND: package android.xr cannot be found on the device
02-04 01:19:50.846   576   728 E AconfigFlags: 	at android.os.flagging.AconfigPackage.load(AconfigPackage.java:132)
02-04 01:19:50.846   576   728 E AconfigFlags: 	at com.android.internal.pm.pkg.component.AconfigFlags.lambda$getFlagValueFromNewStorage$0(AconfigFlags.java:261)
02-04 01:19:50.846   576   728 E AconfigFlags: 	at com.android.internal.pm.pkg.component.AconfigFlags$$ExternalSyntheticLambda0.apply(D8$$SyntheticClass:0)
02-04 01:19:50.846   576   728 E AconfigFlags: 	at java.util.concurrent.ConcurrentHashMap.computeIfAbsent(ConcurrentHashMap.java:1713)
02-04 01:19:50.846   576   728 E AconfigFlags: 	at com.android.internal.pm.pkg.component.AconfigFlags.getFlagValueFromNewStorage(AconfigFlags.java:259)
02-04 01:19:50.846   576   728 E AconfigFlags: 	at com.android.internal.pm.pkg.component.AconfigFlags.getFlagValue(AconfigFlags.java:225)
02-04 01:19:50.846   576   728 E AconfigFlags: 	at com.android.internal.pm.pkg.component.AconfigFlags.skipCurrentElement(AconfigFlags.java:323)
02-04 01:19:50.846   576   728 E AconfigFlags: 	at com.android.internal.pm.pkg.component.AconfigFlags.skipCurrentElement(AconfigFlags.java:291)
02-04 01:19:50.846   576   728 E AconfigFlags: 	at com.android.internal.pm.pkg.parsing.ParsingPackageUtils.parseBaseApkTags(ParsingPackageUtils.java:1000)
02-04 01:19:50.846   576   728 E AconfigFlags: 	at com.android.internal.pm.pkg.parsing.ParsingPackageUtils.parseBaseApk(ParsingPackageUtils.java:735)
02-04 01:19:50.846   576   728 E AconfigFlags: 	at com.android.internal.pm.pkg.parsing.ParsingPackageUtils.parseBaseApk(ParsingPackageUtils.java:600)
02-04 01:19:50.846   576   728 E AconfigFlags: 	at com.android.internal.pm.pkg.parsing.ParsingPackageUtils.parseMonolithicPackage(ParsingPackageUtils.java:436)
02-04 01:19:50.846   576   728 E AconfigFlags: 	at com.android.internal.pm.pkg.parsing.ParsingPackageUtils.parsePackage(ParsingPackageUtils.java:334)
02-04 01:19:50.846   576   728 E AconfigFlags: 	at com.android.internal.pm.parsing.PackageParser2.parsePackage(PackageParser2.java:134)
02-04 01:19:50.846   576   728 E AconfigFlags: 	at com.android.server.pm.ParallelPackageParser.parsePackage(ParallelPackageParser.java:130)
02-04 01:19:50.846   576   728 E AconfigFlags: 	at com.android.server.pm.ParallelPackageParser.lambda$submit$0(ParallelPackageParser.java:108)
02-04 01:19:50.846   576   728 E AconfigFlags: 	at com.android.server.pm.ParallelPackageParser.$r8$lambda$uW6lAW1ixaCdJ_8ZINGbyQGIceg(ParallelPackageParser.java:0)
02-04 01:19:50.846   576   728 E AconfigFlags: 	at com.android.server.pm.ParallelPackageParser$$ExternalSyntheticLambda0.run(R8$$SyntheticClass:0)
02-04 01:19:50.846   576   728 E AconfigFlags: 	at java.util.concurrent.Executors$RunnableAdapter.call(Executors.java:524)
02-04 01:19:50.846   576   728 E AconfigFlags: 	at java.util.concurrent.FutureTask.run(FutureTask.java:317)
02-04 01:19:50.846   576   728 E AconfigFlags: 	at java.util.concurrent.ThreadPoolExecutor.runWorker(ThreadPoolExecutor.java:1156)
02-04 01:19:50.846   576   728 E AconfigFlags: 	at java.util.concurrent.ThreadPoolExecutor$Worker.run(ThreadPoolExecutor.java:651)
02-04 01:19:50.846   576   728 E AconfigFlags: 	at com.android.internal.util.ConcurrentUtils$1$1.run(ConcurrentUtils.java:65)
02-04 01:19:50.846   576   728 E AconfigFlags: Failed to load aconfig package android.xr
02-04 01:19:50.846   576   728 E AconfigFlags: android.os.flagging.AconfigStorageReadException: ERROR_PACKAGE_NOT_FOUND: package android.xr cannot be found on the device
02-04 01:19:50.846   576   728 E AconfigFlags: 	at android.os.flagging.AconfigPackage.load(AconfigPackage.java:132)
02-04 01:19:50.846   576   728 E AconfigFlags: 	at com.android.internal.pm.pkg.component.AconfigFlags.lambda$getFlagValueFromNewStorage$0(AconfigFlags.java:261)
02-04 01:19:50.846   576   728 E AconfigFlags: 	at com.android.internal.pm.pkg.component.AconfigFlags$$ExternalSyntheticLambda0.apply(D8$$SyntheticClass:0)
02-04 01:19:50.846   576   728 E AconfigFlags: 	at java.util.concurrent.ConcurrentHashMap.computeIfAbsent(ConcurrentHashMap.java:1713)
02-04 01:19:50.846   576   728 E AconfigFlags: 	at com.android.internal.pm.pkg.component.AconfigFlags.getFlagValueFromNewStorage(AconfigFlags.java:259)
02-04 01:19:50.846   576   728 E AconfigFlags: 	at com.android.internal.pm.pkg.component.AconfigFlags.getFlagValue(AconfigFlags.java:225)
02-04 01:19:50.846   576   728 E AconfigFlags: 	at com.android.internal.pm.pkg.component.AconfigFlags.skipCurrentElement(AconfigFlags.java:323)
02-04 01:19:50.846   576   728 E AconfigFlags: 	at com.android.internal.pm.pkg.component.AconfigFlags.skipCurrentElement(AconfigFlags.java:291)
02-04 01:19:50.846   576   728 E AconfigFlags: 	at com.android.internal.pm.pkg.parsing.ParsingPackageUtils.parseBaseApkTags(ParsingPackageUtils.java:1000)
02-04 01:19:50.846   576   728 E AconfigFlags: 	at com.android.internal.pm.pkg.parsing.ParsingPackageUtils.parseBaseApk(ParsingPackageUtils.java:735)
02-04 01:19:50.846   576   728 E AconfigFlags: 	at com.android.internal.pm.pkg.parsing.ParsingPackageUtils.parseBaseApk(ParsingPackageUtils.java:600)
02-04 01:19:50.846   576   728 E AconfigFlags: 	at com.android.internal.pm.pkg.parsing.ParsingPackageUtils.parseMonolithicPackage(ParsingPackageUtils.java:436)
02-04 01:19:50.846   576   728 E AconfigFlags: 	at com.android.internal.pm.pkg.parsing.ParsingPackageUtils.parsePackage(ParsingPackageUtils.java:334)
02-04 01:19:50.846   576   728 E AconfigFlags: 	at com.android.internal.pm.parsing.PackageParser2.parsePackage(PackageParser2.java:134)
02-04 01:19:50.846   576   728 E AconfigFlags: 	at com.android.server.pm.ParallelPackageParser.parsePackage(ParallelPackageParser.java:130)
02-04 01:19:50.846   576   728 E AconfigFlags: 	at com.android.server.pm.ParallelPackageParser.lambda$submit$0(ParallelPackageParser.java:108)
02-04 01:19:50.846   576   728 E AconfigFlags: 	at com.android.server.pm.ParallelPackageParser.$r8$lambda$uW6lAW1ixaCdJ_8ZINGbyQGIceg(ParallelPackageParser.java:0)
02-04 01:19:50.846   576   728 E AconfigFlags: 	at com.android.server.pm.ParallelPackageParser$$ExternalSyntheticLambda0.run(R8$$SyntheticClass:0)
02-04 01:19:50.846   576   728 E AconfigFlags: 	at java.util.concurrent.Executors$RunnableAdapter.call(Executors.java:524)
02-04 01:19:50.846   576   728 E AconfigFlags: 	at java.util.concurrent.FutureTask.run(FutureTask.java:317)
02-04 01:19:50.846   576   728 E AconfigFlags: 	at java.util.concurrent.ThreadPoolExecutor.runWorker(ThreadPoolExecutor.java:1156)
02-04 01:19:50.846   576   728 E AconfigFlags: 	at java.util.concurrent.ThreadPoolExecutor$Worker.run(ThreadPoolExecutor.java:651)
02-04 01:19:50.846   576   728 E AconfigFlags: 	at com.android.internal.util.ConcurrentUtils$1$1.run(ConcurrentUtils.java:65)
02-04 01:19:50.846   576   728 E AconfigFlags: Failed to load aconfig package android.xr
02-04 01:19:50.846   576   728 E AconfigFlags: android.os.flagging.AconfigStorageReadException: ERROR_PACKAGE_NOT_FOUND: package android.xr cannot be found on the device
02-04 01:19:50.846   576   728 E AconfigFlags: 	at android.os.flagging.AconfigPackage.load(AconfigPackage.java:132)
02-04 01:19:50.846   576   728 E AconfigFlags: 	at com.android.internal.pm.pkg.component.AconfigFlags.lambda$getFlagValueFromNewStorage$0(AconfigFlags.java:261)
02-04 01:19:50.846   576   728 E AconfigFlags: 	at com.android.internal.pm.pkg.component.AconfigFlags$$ExternalSyntheticLambda0.apply(D8$$SyntheticClass:0)
02-04 01:19:50.846   576   728 E AconfigFlags: 	at java.util.concurrent.ConcurrentHashMap.computeIfAbsent(ConcurrentHashMap.java:1713)
02-04 01:19:50.846   576   728 E AconfigFlags: 	at com.android.internal.pm.pkg.component.AconfigFlags.getFlagValueFromNewStorage(AconfigFlags.java:259)
02-04 01:19:50.846   576   728 E AconfigFlags: 	at com.android.internal.pm.pkg.component.AconfigFlags.getFlagValue(AconfigFlags.java:225)
02-04 01:19:50.846   576   728 E AconfigFlags: 	at com.android.internal.pm.pkg.component.AconfigFlags.skipCurrentElement(AconfigFlags.java:323)
02-04 01:19:50.846   576   728 E AconfigFlags: 	at com.android.internal.pm.pkg.component.AconfigFlags.skipCurrentElement(AconfigFlags.java:291)
02-04 01:19:50.846   576   728 E AconfigFlags: 	at com.android.internal.pm.pkg.parsing.ParsingPackageUtils.parseBaseApkTags(ParsingPackageUtils.java:1000)
02-04 01:19:50.846   576   728 E AconfigFlags: 	at com.android.internal.pm.pkg.parsing.ParsingPackageUtils.parseBaseApk(ParsingPackageUtils.java:735)
02-04 01:19:50.846   576   728 E AconfigFlags: 	at com.android.internal.pm.pkg.parsing.ParsingPackageUtils.parseBaseApk(ParsingPackageUtils.java:600)
02-04 01:19:50.846   576   728 E AconfigFlags: 	at com.android.internal.pm.pkg.parsing.ParsingPackageUtils.parseMonolithicPackage(ParsingPackageUtils.java:436)
02-04 01:19:50.846   576   728 E AconfigFlags: 	at com.android.internal.pm.pkg.parsing.ParsingPackageUtils.parsePackage(ParsingPackageUtils.java:334)
02-04 01:19:50.846   576   728 E AconfigFlags: 	at com.android.internal.pm.parsing.PackageParser2.parsePackage(PackageParser2.java:134)
02-04 01:19:50.846   576   728 E AconfigFlags: 	at com.android.server.pm.ParallelPackageParser.parsePackage(ParallelPackageParser.java:130)
02-04 01:19:50.846   576   728 E AconfigFlags: 	at com.android.server.pm.ParallelPackageParser.lambda$submit$0(ParallelPackageParser.java:108)
02-04 01:19:50.846   576   728 E AconfigFlags: 	at com.android.server.pm.ParallelPackageParser.$r8$lambda$uW6lAW1ixaCdJ_8ZINGbyQGIceg(ParallelPackageParser.java:0)
02-04 01:19:50.846   576   728 E AconfigFlags: 	at com.android.server.pm.ParallelPackageParser$$ExternalSyntheticLambda0.run(R8$$SyntheticClass:0)
02-04 01:19:50.846   576   728 E AconfigFlags: 	at java.util.concurrent.Executors$RunnableAdapter.call(Executors.java:524)
02-04 01:19:50.846   576   728 E AconfigFlags: 	at java.util.concurrent.FutureTask.run(FutureTask.java:317)
02-04 01:19:50.846   576   728 E AconfigFlags: 	at java.util.concurrent.ThreadPoolExecutor.runWorker(ThreadPoolExecutor.java:1156)
02-04 01:19:50.846   576   728 E AconfigFlags: 	at java.util.concurrent.ThreadPoolExecutor$Worker.run(ThreadPoolExecutor.java:651)
02-04 01:19:50.846   576   728 E AconfigFlags: 	at com.android.internal.util.ConcurrentUtils$1$1.run(ConcurrentUtils.java:65)
02-04 01:19:50.846   576   728 E AconfigFlags: Failed to load aconfig package android.xr
02-04 01:19:50.846   576   728 E AconfigFlags: android.os.flagging.AconfigStorageReadException: ERROR_PACKAGE_NOT_FOUND: package android.xr cannot be found on the device
02-04 01:19:50.846   576   728 E AconfigFlags: 	at android.os.flagging.AconfigPackage.load(AconfigPackage.java:132)
